******************************************************************************
            TI ARM Clang Linker Unix v3.2.1                    
******************************************************************************
>> Linked Sat Apr 18 16:37:32 2026

OUTPUT FILE NAME:   <ns_coap_node_src.out>
ENTRY POINT SYMBOL: "resetISR"  address: 0004ee11


MEMORY CONFIGURATION

         name            origin    length      used     unused   attr    fill
----------------------  --------  ---------  --------  --------  ----  --------
  FLASH                 00000000   000ae000  0005494c  000596b4  R  X
  FLASH_LAST            000ae000   00002000  00002000  00000000  R  X
  SRAM                  20000000   00024000  00015b3a  0000e4c6  RW X


SEGMENT ALLOCATION MAP

run origin  load origin   length   init length attrs members
----------  ----------- ---------- ----------- ----- -------
00000000    00000000    000000d8   000000d8    r--
  00000000    00000000    000000d8   000000d8    r-- .resetVecs
000000d8    000000d8    00000008   00000008    rw-
  000000d8    000000d8    00000008   00000008    rw- .args
000000e0    000000e0    00003614   00003614    r--
  000000e0    000000e0    0000360c   0000360c    r-- .rodata
  000036ec    000036ec    00000008   00000008    r-- .log_data
00003700    00003700    0004d258   0004d258    r-x
  00003700    00003700    0004cd78   0004cd78    r-x .text.1
  00050478    00050478    000004e0   000004e0    r-- .cinit
000a8000    000a8000    00004000   00000000    rw-
  000a8000    000a8000    00004000   00000000    rw- .TI.bound:flashBuf0
000ae000    000ae000    00002000   00002000    r-x
  000ae000    000ae000    00001fa8   00001fa8    r-x .text.2
  000affa8    000affa8    00000058   00000058    r-- .ccfg
20000000    20000000    00001810   00000000    rw-
  20000000    20000000    000000d8   00000000    rw- .ramVecs
  200000d8    200000d8    00001738   00000000    rw- .bss.1
20001810    20001810    00000020   00000000    rw-
  20001810    20001810    00000010   00000000    rw- .TI.bound:dmaUart0RxControlTableEntry
  20001820    20001820    00000010   00000000    rw- .TI.bound:dmaUart0TxControlTableEntry
20001830    20001830    00013cca   00000000    rw-
  20001830    20001830    000126b0   00000000    rw- .bss.2
  20013ee0    20013ee0    0000161a   00000000    rw- .data
200239c0    200239c0    00000640   00000000    rw-
  200239c0    200239c0    00000640   00000000    rw- .stack


SECTION ALLOCATION MAP

 output                                  attributes/
section   page    origin      length       input sections
--------  ----  ----------  ----------   ----------------
.resetVecs 
*          0    00000000    000000d8     
                  00000000    000000d8     ti_freertos_config.obj (.resetVecs)

.rodata    0    000000e0    0000360c     
                  000000e0    000002e0     mbed_mbedtls_src_ssl_ciphersuites.obj (.rodata.ciphersuite_definitions)
                  000003c0    000002e0     rf_multiMode_cc13x2.a : rf_patch_cpe_prop.c.cc13x2.ticlang.o (.rodata.patchImageProp)
                  000006a0    00000237     mbed_nanostack_mbed-mesh-api_source_wisun_tasklet.obj (.rodata.WISUN_CLIENT_CERTIFICATE)
                  000008d7    000001e1     mbed_nanostack_mbed-mesh-api_source_wisun_tasklet.obj (.rodata.WISUN_ROOT_CERTIFICATE)
                  00000ab8    0000012c     software_stack_ti15_4mac_mac_settings_mac_cfg.obj (.rodata.FH_PibTbl)
                  00000be4    00000113     maclib_secure_cc13x2x7_freertos.a : fh_global.c.o (.rodata.FH_stateMatrix)
                  00000cf7    00000009     mbed_nanostack_sal-stack-nanostack_source_6LoWPAN_ws_ws_pae_nvm_store.obj (.rodata.str1.113000109220024781701)
                  00000d00    00000101     libc.a : aeabi_ctype.S.obj (.rodata:__aeabi_ctype_table_)
                  00000e01    00000003     mbed_nanostack_sal-stack-nanostack_source_Security_eapol_kde_helper.obj (.rodata.ieee_802_11_oui)
                  00000e04    00000100     mbed_mbedtls_src_sha256.obj (.rodata.K)
                  00000f04    00000100     mbed_nanostack_sal-stack-nanostack_source_Service_Libs_SHA256_Lib_ns_sha256.obj (.rodata.K)
                  00001004    00000100     mbed_ti-nv-driver_crc.obj (.rodata.crc_table)
                  00001104    000000f8     software_stack_ti15_4mac_mac_settings_mac_cfg.obj (.rodata.macPibTbl)
                  000011fc    000000e7     mbed_nanostack_mbed-mesh-api_source_wisun_tasklet.obj (.rodata.WISUN_CLIENT_KEY)
                  000012e3    000000ab     mbed_mbednanostack2tirtos_nanostack_nanostack-hal-mbed-cmsis-rtos_ns_hal_init.obj (.rodata.str1.61572574342811404341)
                  0000138e    00000002     ti_freertos_config.obj (.rodata.str1.118100985593278055111)
                  00001390    000000a8     mbed_mbedtls_src_cipher_wrap.obj (.rodata.mbedtls_cipher_definitions)
                  00001438    00000090     mbed_nanostack_sal-stack-nanostack_source_6LoWPAN_ws_ws_cfg_settings.obj (.rodata.cfg_cb)
                  000014c8    0000008c     software_stack_ti15_4mac_mac_settings_mac_cfg.obj (.rodata.FHPIB_defaults)
                  00001554    0000008c     mbed_mbedtls_src_oid.obj (.rodata.oid_x509_ext)
                  000015e0    00000088     software_stack_ti15_4mac_mac_settings_mac_cfg.obj (.rodata.macPibDefaults)
                  00001668    00000080     mbed_mbedtls_src_base64.obj (.rodata.base64_dec_map)
                  000016e8    00000080     mbed_mbedtls_src_gcm.obj (.rodata.last4)
                  00001768    0000007a     application_application.obj (.rodata.str1.138770520786597246051)
                  000017e2    00000079     application_application.obj (.rodata.str1.156663726956923548601)
                  0000185b    00000001     ti_drivers_config.obj (.rodata.GPIO_pinLowerBound)
                  0000185c    0000006c     software_stack_ti15_4mac_radio_configuration_mac_user_config.obj (.rodata.macRfDriverTable)
                  000018c8    00000054     drivers_cc13x2x7.a : PowerCC26X2.c.obj (.rodata.resourceDB)
                  0000191c    00000050     mbed_mbedtls_src_oid.obj (.rodata.oid_pk_alg)
                  0000196c    00000050     mbed_mbedtls_src_oid.obj (.rodata.oid_sig_alg)
                  000019bc    00000040     software_stack_ti15_4mac_radio_configuration_mac_user_config.obj (.rodata.macCryptoDriverTable)
                  000019fc    00000040     maclib_secure_cc13x2x7_freertos.a : hmac_global.c.o (.rodata.macTimerRolloverValue)
                  00001a3c    00000039     mbed_mbedtls_src_ecp_curves.obj (.rodata.str1.146683213996189987041)
                  00001a75    00000036     application_application.obj (.rodata.str1.77254407923938366241)
                  00001aab    00000032     maclib_secure_cc13x2x7_freertos.a : mac_hl_patch.c.o (.rodata.wisun_EDFE_FFRM_BTIE_Security)
                  00001add    00000031     application_application.obj (.rodata.str1.126999299944999249621)
                  00001b0e    00000001     ti_drivers_config.obj (.rodata.GPIO_pinUpperBound)
                  00001b0f    00000001     ti_drivers_config.obj (.rodata.NVS_count)
                  00001b10    00000030     ti_radio_config.obj (.rodata.RF_cmdPropRadioDivSetup_2gfsk100kbps25dev915wsun2a)
                  00001b40    00000030     ti_radio_config.obj (.rodata.RF_cmdPropRadioDivSetup_2gfsk100kbps50dev915wsun2b)
                  00001b70    00000030     ti_radio_config.obj (.rodata.RF_cmdPropRadioDivSetup_2gfsk150kbps75dev868wsun3)
                  00001ba0    00000030     ti_radio_config.obj (.rodata.RF_cmdPropRadioDivSetup_2gfsk200kbps100dev915wsun4b)
                  00001bd0    00000030     ti_radio_config.obj (.rodata.RF_cmdPropRadioDivSetup_2gfsk200kbps50dev915wsun4a)
                  00001c00    00000030     ti_radio_config.obj (.rodata.RF_cmdPropRadioDivSetup_2gfsk300kbps75dev915wsun5)
                  00001c30    00000030     ti_radio_config.obj (.rodata.RF_cmdPropRadioDivSetup_2gfsk50kbps12dev868wsun1a)
                  00001c60    00000030     ti_radio_config.obj (.rodata.RF_cmdPropRadioDivSetup_2gfsk50kbps25dev915wsun1b)
                  00001c90    00000030     ti_radio_config.obj (.rodata.RF_cmdPropRxAdv_2gfsk100kbps154gWisun2a)
                  00001cc0    00000030     ti_radio_config.obj (.rodata.RF_cmdPropRxAdv_2gfsk100kbps154gWisun2b)
                  00001cf0    00000030     ti_radio_config.obj (.rodata.RF_cmdPropRxAdv_2gfsk150kbps154g)
                  00001d20    00000030     ti_radio_config.obj (.rodata.RF_cmdPropRxAdv_2gfsk200kbps154gWisun4a)
                  00001d50    00000030     ti_radio_config.obj (.rodata.RF_cmdPropRxAdv_2gfsk200kbps154gWisun4b)
                  00001d80    00000030     ti_radio_config.obj (.rodata.RF_cmdPropRxAdv_2gfsk300kbps154g)
                  00001db0    00000030     ti_radio_config.obj (.rodata.RF_cmdPropRxAdv_2gfsk50kbps154gWisun1a)
                  00001de0    00000030     ti_radio_config.obj (.rodata.RF_cmdPropRxAdv_2gfsk50kbps154gWisun1b)
                  00001e10    00000030     mbed_mbedtls_src_pk_wrap.obj (.rodata.mbedtls_ecdsa_info)
                  00001e40    00000030     mbed_mbedtls_src_pk_wrap.obj (.rodata.mbedtls_eckey_info)
                  00001e70    00000030     mbed_mbedtls_src_pk_wrap.obj (.rodata.mbedtls_eckeydh_info)
                  00001ea0    0000002f     application_application.obj (.rodata.str1.117227640976435922091)
                  00001ecf    0000002f     application_application.obj (.rodata.str1.173264426839517913741)
                  00001efe    0000002e     application_application.obj (.rodata.str1.124245236875078007181)
                  00001f2c    0000002e     mbed_mbedtls_src_ssl_ciphersuites.obj (.rodata.str1.5928303829112475921)
                  00001f5a    0000002e     maclib_secure_cc13x2x7_freertos.a : mac_hl_patch.c.o (.rodata.wisun_enhAck_BTIE_Security)
                  00001f88    0000002d     application_application.obj (.rodata.str1.65505633355291948761)
                  00001fb5    0000002c     mbed_mbedtls_src_ssl_ciphersuites.obj (.rodata.str1.140925986204368411191)
                  00001fe1    0000002c     maclib_secure_cc13x2x7_freertos.a : mac_hl_patch.c.o (.rodata.wisun_EDFE_FFRM_BTIE_NoSecurity)
                  0000200d    0000002a     libc.a : aeabi_portable.c.obj (.rodata.str1.107213337612772894731)
                  00002037    0000002a     maclib_secure_cc13x2x7_freertos.a : mac_hl_patch.c.o (.rodata.wisun_EDFE_FFRM_Security)
                  00002061    00000003     mbed_frameworks_nanostack-libservice_source_libip6string_ip6tos.obj (.rodata.str1.159072239118718435661)
                  00002064    00000028     drivers_cc13x2x7.a : NVSCC26XX.c.obj (.rodata.NVSCC26XX_fxnTable)
                  0000208c    00000028     mbed_mbedtls_src_oid.obj (.rodata.oid_ecp_grp)
                  000020b4    00000028     mbed_mbedtls_src_ssl_ciphersuites.obj (.rodata.str1.104219484915832135451)
                  000020dc    00000028     mbed_mbedtls_src_ssl_ciphersuites.obj (.rodata.str1.63266218983580952101)
                  00002104    00000028     maclib_secure_cc13x2x7_freertos.a : mac_hl_patch.c.o (.rodata.wisun_enhAck_BTIE_NoSecurity)
                  0000212c    00000026     mbed_mbedtls_src_ssl_ciphersuites.obj (.rodata.str1.156571615963800543411)
                  00002152    00000026     mbed_mbedtls_src_ssl_ciphersuites.obj (.rodata.str1.57111266804751731411)
                  00002178    00000026     maclib_secure_cc13x2x7_freertos.a : mac_hl_patch.c.o (.rodata.wisun_enhAck_Security)
                  0000219e    00000025     mbed_mbedtls_src_ssl_ciphersuites.obj (.rodata.str1.45117286798687072371)
                  000021c3    00000025     mbed_mbedtls_src_ssl_ciphersuites.obj (.rodata.str1.75874629552836145161)
                  000021e8    00000025     application_application.obj (.rodata.str1.92329735073102743581)
                  0000220d    00000003     mbed_mbedtls_src_pk_wrap.obj (.rodata.str1.86686936611625103691)
                  00002210    00000024     mbed_mbedtls_src_ssl_ciphersuites.obj (.rodata..Lswitch.table.mbedtls_ssl_ciphersuite_uses_ec)
                  00002234    00000024     maclib_secure_cc13x2x7_freertos.a : mac_hl_patch.c.o (.rodata.wisun_EDFE_FFRM_NoSecurity)
                  00002258    00000023     mbed_mbedtls_src_ssl_ciphersuites.obj (.rodata.str1.181338210670711933551)
                  0000227b    00000023     mbed_mbedtls_src_ssl_ciphersuites.obj (.rodata.str1.28813664291983911571)
                  0000229e    00000023     mbed_mbedtls_src_ssl_ciphersuites.obj (.rodata.str1.44935080855731722991)
                  000022c1    00000023     mbed_mbedtls_src_ssl_ciphersuites.obj (.rodata.str1.69679127942236078061)
                  000022e4    00000021     mbed_mbedtls_src_ssl_ciphersuites.obj (.rodata.str1.38798852327786691621)
                  00002305    00000021     mbed_mbedtls_src_ssl_ciphersuites.obj (.rodata.str1.50828571486122574361)
                  00002326    00000001     ti_drivers_config.obj (.rodata.aescbcCC26XXHWAttrs)
                  00002327    00000001     ti_drivers_config.obj (.rodata.aesccmCC26XXHWAttrs)
                  00002328    00000020     software_stack_ti15_4mac_radio_configuration_mac_user_config.obj (.rodata..L__const.rfSelect.RfCfg1a)
                  00002348    00000020     software_stack_ti15_4mac_radio_configuration_mac_user_config.obj (.rodata..L__const.rfSelect.RfCfg1b)
                  00002368    00000020     software_stack_ti15_4mac_radio_configuration_mac_user_config.obj (.rodata..L__const.rfSelect.RfCfg2a)
                  00002388    00000020     software_stack_ti15_4mac_radio_configuration_mac_user_config.obj (.rodata..L__const.rfSelect.RfCfg2b)
                  000023a8    00000020     software_stack_ti15_4mac_radio_configuration_mac_user_config.obj (.rodata..L__const.rfSelect.RfCfg3)
                  000023c8    00000020     software_stack_ti15_4mac_radio_configuration_mac_user_config.obj (.rodata..L__const.rfSelect.RfCfg4a)
                  000023e8    00000020     software_stack_ti15_4mac_radio_configuration_mac_user_config.obj (.rodata..L__const.rfSelect.RfCfg4b)
                  00002408    00000020     software_stack_ti15_4mac_radio_configuration_mac_user_config.obj (.rodata..L__const.rfSelect.RfCfg5)
                  00002428    00000020     ti_radio_config.obj (.rodata.RF_cmdPropTxAdv_2gfsk100kbps154gWisun2a)
                  00002448    00000020     ti_radio_config.obj (.rodata.RF_cmdPropTxAdv_2gfsk100kbps154gWisun2b)
                  00002468    00000020     ti_radio_config.obj (.rodata.RF_cmdPropTxAdv_2gfsk150kbps154g)
                  00002488    00000020     ti_radio_config.obj (.rodata.RF_cmdPropTxAdv_2gfsk200kbps154gWisun4a)
                  000024a8    00000020     ti_radio_config.obj (.rodata.RF_cmdPropTxAdv_2gfsk200kbps154gWisun4b)
                  000024c8    00000020     ti_radio_config.obj (.rodata.RF_cmdPropTxAdv_2gfsk300kbps154g)
                  000024e8    00000020     ti_radio_config.obj (.rodata.RF_cmdPropTxAdv_2gfsk50kbps154gWisun1a)
                  00002508    00000020     ti_radio_config.obj (.rodata.RF_cmdPropTxAdv_2gfsk50kbps154gWisun1b)
                  00002528    00000020     maclib_secure_cc13x2x7_freertos.a : mac_radio.c.o (.rodata.activityObject)
                  00002548    00000020     mbed_mbedtls_src_cipher_wrap.obj (.rodata.aes_info)
                  00002568    00000020     mbed_mbedtls_src_cipher_wrap.obj (.rodata.ccm_aes_info)
                  00002588    00000020     mbed_mbedtls_src_cipher_wrap.obj (.rodata.chacha20_base_info)
                  000025a8    00000020     mbed_mbedtls_src_cipher_wrap.obj (.rodata.chachapoly_base_info)
                  000025c8    00000020     ti_freertos_config.obj (.rodata.cst16)
                  000025e8    00000020     rf_multiMode_cc13x2.a : RFCC26X2_multiMode.c.cc13x2.ticlang.o (.rodata.cst32)
                  00002608    00000020     mbed_mbedtls_src_cipher_wrap.obj (.rodata.gcm_aes_info)
                  00002628    00000020     mbed_mbedtls_src_cipher_wrap.obj (.rodata.kw_aes_info)
                  00002648    00000020     mbed_mbedtls_src_ecp_curves.obj (.rodata.secp256r1_b)
                  00002668    00000020     mbed_mbedtls_src_ecp_curves.obj (.rodata.secp256r1_gx)
                  00002688    00000020     mbed_mbedtls_src_ecp_curves.obj (.rodata.secp256r1_gy)
                  000026a8    00000020     mbed_mbedtls_src_ecp_curves.obj (.rodata.secp256r1_n)
                  000026c8    00000020     mbed_mbedtls_src_ecp_curves.obj (.rodata.secp256r1_p)
                  000026e8    00000020     mbed_mbedtls_src_ssl_ciphersuites.obj (.rodata.str1.130450570606432446571)
                  00002708    00000020     mbed_mbedtls_src_ssl_ciphersuites.obj (.rodata.str1.153337739061943962201)
                  00002728    00000020     maclib_secure_cc13x2x7_freertos.a : mac_hl_patch.c.o (.rodata.wisun_enhAck_NoSecurity)
                  00002748    0000001f     mbed_mbedtls_src_pkparse.obj (.rodata.str1.29523671527153896631)
                  00002767    0000001d     mbed_mbedtls_src_pkparse.obj (.rodata.str1.166860439285944486721)
                  00002784    0000001d     mbed_mbedtls_src_ssl_ciphersuites.obj (.rodata.str1.32519989226162213291)
                  000027a1    0000001d     mbed_mbedtls_src_ssl_ciphersuites.obj (.rodata.str1.38613138586362285771)
                  000027be    00000001     ti_drivers_config.obj (.rodata.aesecbCC26XXHWAttrs)
                  000027bf    00000001     mbed_mbedtls_src_ssl_ciphersuites.obj (.rodata.str1.10135962356496364441)
                  000027c0    0000001c     mbed_nanostack_sal-stack-nanostack_source_6LoWPAN_MAC_mac_helper.obj (.rodata..Lswitch.table.mac_helper_frame_overhead)
                  000027dc    0000001c     mbed_nanostack_sal-stack-nanostack_source_6LoWPAN_ws_ws_common.obj (.rodata..Lswitch.table.ws_decode_channel_spacing)
                  000027f8    0000001c     ti_radio_config.obj (.rodata.RF_cmdPropCs_2gfsk100kbps154gWisun2a)
                  00002814    0000001c     ti_radio_config.obj (.rodata.RF_cmdPropCs_2gfsk100kbps154gWisun2b)
                  00002830    0000001c     ti_radio_config.obj (.rodata.RF_cmdPropCs_2gfsk150kbps154g)
                  0000284c    0000001c     ti_radio_config.obj (.rodata.RF_cmdPropCs_2gfsk200kbps154gWisun4a)
                  00002868    0000001c     ti_radio_config.obj (.rodata.RF_cmdPropCs_2gfsk200kbps154gWisun4b)
                  00002884    0000001c     ti_radio_config.obj (.rodata.RF_cmdPropCs_2gfsk300kbps154g)
                  000028a0    0000001c     ti_radio_config.obj (.rodata.RF_cmdPropCs_2gfsk50kbps154gWisun1a)
                  000028bc    0000001c     ti_radio_config.obj (.rodata.RF_cmdPropCs_2gfsk50kbps154gWisun1b)
                  000028d8    0000001c     mbed_mbedtls_src_cipher_wrap.obj (.rodata.aes_128_cbc_info)
                  000028f4    0000001c     mbed_mbedtls_src_cipher_wrap.obj (.rodata.aes_128_ccm_info)
                  00002910    0000001c     mbed_mbedtls_src_cipher_wrap.obj (.rodata.aes_128_ecb_info)
                  0000292c    0000001c     mbed_mbedtls_src_cipher_wrap.obj (.rodata.aes_128_gcm_info)
                  00002948    0000001c     mbed_mbedtls_src_cipher_wrap.obj (.rodata.aes_128_nist_kw_info)
                  00002964    0000001c     mbed_mbedtls_src_cipher_wrap.obj (.rodata.aes_128_nist_kwp_info)
                  00002980    0000001c     mbed_mbedtls_src_cipher_wrap.obj (.rodata.aes_192_cbc_info)
                  0000299c    0000001c     mbed_mbedtls_src_cipher_wrap.obj (.rodata.aes_192_ccm_info)
                  000029b8    0000001c     mbed_mbedtls_src_cipher_wrap.obj (.rodata.aes_192_ecb_info)
                  000029d4    0000001c     mbed_mbedtls_src_cipher_wrap.obj (.rodata.aes_192_gcm_info)
                  000029f0    0000001c     mbed_mbedtls_src_cipher_wrap.obj (.rodata.aes_192_nist_kw_info)
                  00002a0c    0000001c     mbed_mbedtls_src_cipher_wrap.obj (.rodata.aes_192_nist_kwp_info)
                  00002a28    0000001c     mbed_mbedtls_src_cipher_wrap.obj (.rodata.aes_256_cbc_info)
                  00002a44    0000001c     mbed_mbedtls_src_cipher_wrap.obj (.rodata.aes_256_ccm_info)
                  00002a60    0000001c     mbed_mbedtls_src_cipher_wrap.obj (.rodata.aes_256_ecb_info)
                  00002a7c    0000001c     mbed_mbedtls_src_cipher_wrap.obj (.rodata.aes_256_gcm_info)
                  00002a98    0000001c     mbed_mbedtls_src_cipher_wrap.obj (.rodata.aes_256_nist_kw_info)
                  00002ab4    0000001c     mbed_mbedtls_src_cipher_wrap.obj (.rodata.aes_256_nist_kwp_info)
                  00002ad0    0000001c     mbed_mbedtls_src_cipher_wrap.obj (.rodata.chacha20_info)
                  00002aec    0000001c     mbed_mbedtls_src_cipher_wrap.obj (.rodata.chachapoly_info)
                  00002b08    0000001c     application_application.obj (.rodata.str1.124143801676079670221)
                  00002b24    0000001c     mbed_nanostack_sal-stack-nanostack_source_Security_protocols_sec_prot_certs.obj (.rodata.str1.14786919844441351891)
                  00002b40    0000001c     mbed_mbedtls_src_x509_crt.obj (.rodata.str1.172811651372343283161)
                  00002b5c    0000001c     mbed_mbedtls_src_pkparse.obj (.rodata.str1.3174006184646744631)
                  00002b78    0000001b     mbed_mbedtls_src_ssl_ciphersuites.obj (.rodata.str1.122116904817859277411)
                  00002b93    0000001b     mbed_mbedtls_src_ssl_ciphersuites.obj (.rodata.str1.322711232836579701)
                  00002bae    0000001a     mbed_mbedtls_src_oid.obj (.rodata.str1.135533938943028834461)
                  00002bc8    0000001a     mbed_mbedtls_src_oid.obj (.rodata.str1.154117055230513195001)
                  00002be2    0000001a     mbed_mbedtls_src_pkparse.obj (.rodata.str1.176407825429088640211)
                  00002bfc    0000001a     mbed_mbedtls_src_x509_crt.obj (.rodata.str1.179592167715495391151)
                  00002c16    00000019     mbed_mbedtls_src_ssl_ciphersuites.obj (.rodata.str1.148978373185934805651)
                  00002c2f    00000019     mbed_mbedtls_src_x509_crl.obj (.rodata.str1.180786468745260015231)
                  00002c48    00000019     mbed_mbedtls_src_ssl_ciphersuites.obj (.rodata.str1.63760124283759256931)
                  00002c61    00000018     mbed_nanostack_sal-stack-nanostack_source_6LoWPAN_ws_ws_cfg_settings.obj (.rodata..Lswitch.table.ws_cfg_phy_set)
                  00002c79    00000003     mbed_nanostack_sal-stack-nanostack_source_Security_eapol_kde_helper.obj (.rodata.wisun_oui)
                  00002c7c    00000018     ti_radio_config.obj (.rodata.RF_cmdFs_2gfsk100kbps154gWisun2a)
                  00002c94    00000018     ti_radio_config.obj (.rodata.RF_cmdFs_2gfsk100kbps154gWisun2b)
                  00002cac    00000018     ti_radio_config.obj (.rodata.RF_cmdFs_2gfsk150kbps154g)
                  00002cc4    00000018     ti_radio_config.obj (.rodata.RF_cmdFs_2gfsk200kbps154gWisun4a)
                  00002cdc    00000018     ti_radio_config.obj (.rodata.RF_cmdFs_2gfsk200kbps154gWisun4b)
                  00002cf4    00000018     ti_radio_config.obj (.rodata.RF_cmdFs_2gfsk300kbps154g)
                  00002d0c    00000018     ti_radio_config.obj (.rodata.RF_cmdFs_2gfsk50kbps154gWisun1a)
                  00002d24    00000018     ti_radio_config.obj (.rodata.RF_cmdFs_2gfsk50kbps154gWisun1b)
                  00002d3c    00000018     mbed_mbedtls_src_ecp.obj (.rodata.ecp_supported_curves)
                  00002d54    00000018     libc.a : aeabi_portable.c.obj (.rodata.str1.6425592453596292381)
                  00002d6c    00000018     ti_drivers_config.obj (.rodata.trngCC26XXHWAttrs)
                  00002d84    00000017     mbed_nanostack_sal-stack-nanostack_source_ipv6_stack_ipv6_routing_table.obj (.rodata.ipv6_route_probing)
                  00002d9b    00000017     mbed_mbedtls_src_x509_crl.obj (.rodata.str1.100202873376201067041)
                  00002db2    00000002     --HOLE-- [fill = 0]
                  00002db4    00000017     mbed_nanostack_sal-stack-nanostack_source_Security_protocols_sec_prot_lib.obj (.rodata.str1.175462438491194526814)
                  00002dcb    00000017     mbed_mbedtls_src_pem.obj (.rodata.str1.49165583498247407061)
                  00002de2    00000017     mbed_mbedtls_src_oid.obj (.rodata.str1.52385065178645873461)
                  00002df9    00000016     maclib_secure_cc13x2x7_freertos.a : hmac_global.c.o (.rodata.macIdleSt)
                  00002e0f    00000016     mbed_nanostack_sal-stack-nanostack_source_Security_protocols_tls_sec_prot_tls_sec_prot_lib.obj (.rodata.str1.52396508946092441601)
                  00002e25    00000015     mbed_mbedtls_src_oid.obj (.rodata.str1.158249487433839537381)
                  00002e3a    00000015     mbed_mbedtls_src_oid.obj (.rodata.str1.24060151417093239021)
                  00002e4f    00000015     mbed_mbedtls_src_oid.obj (.rodata.str1.31146198692950547141)
                  00002e64    00000014     ti_drivers_config.obj (.rodata.PowerCC26X2_config)
                  00002e78    00000014     drivers_cc13x2x7.a : TRNG.c.obj (.rodata.TRNG_defaultParams)
                  00002e8c    00000014     ti_freertos_config.obj (.rodata.defaultPthreadAttrs)
                  00002ea0    00000014     mbed_nanostack_sal-stack-nanostack_source_RPL_rpl_of0.obj (.rodata.rpl_of0_step_of_rank.etx_thresholds)
                  00002eb4    00000013     mbed_mbedtls_src_oid.obj (.rodata.str1.67673715827325403851)
                  00002ec7    00000012     mbed_mbedtls_src_oid.obj (.rodata.str1.102895706953162472221)
                  00002ed9    00000012     mbed_mbedtls_src_oid.obj (.rodata.str1.123481896310251096141)
                  00002eeb    00000012     mbed_nanostack_sal-stack-nanostack_source_6LoWPAN_ws_ws_pae_controller.obj (.rodata.str1.154924177356561434021)
                  00002efd    00000012     mbed_mbedtls_src_oid.obj (.rodata.str1.159197810663886673301)
                  00002f0f    00000012     mbed_mbedtls_src_cipher_wrap.obj (.rodata.str1.32748997535585327191)
                  00002f21    00000012     mbed_mbedtls_src_oid.obj (.rodata.str1.44601856896050261381)
                  00002f33    00000012     mbed_nanostack_sal-stack-nanostack_source_6LoWPAN_ws_ws_pae_nvm_store.obj (.rodata.str1.46233250602670576981)
                  00002f45    00000012     mbed_mbedtls_src_oid.obj (.rodata.str1.72854858868251864941)
                  00002f57    00000012     mbed_mbedtls_src_oid.obj (.rodata.str1.85059891579425039621)
                  00002f69    00000011     libc.a : _printfi.c.obj (.rodata.str1.11645776875810915891)
                  00002f7a    00000011     mbed_mbedtls_src_oid.obj (.rodata.str1.138572371856083653241)
                  00002f8b    00000011     mbed_mbednanostack2tirtos_platform_ns_trace.obj (.rodata.str1.161204487437634487281)
                  00002f9c    00000011     mbed_mbednanostack2tirtos_platform_ns_trace.obj (.rodata.str1.161274612855610447131)
                  00002fad    00000011     libc.a : _printfi.c.obj (.rodata.str1.44690500295887128011)
                  00002fbe    00000011     mbed_mbednanostack2tirtos_platform_ns_trace.obj (.rodata.str1.55008564052786257971)
                  00002fcf    00000011     ti_freertos_config.obj (.rodata.str1.64009292331279998721)
                  00002fe0    00000011     mbed_mbednanostack2tirtos_platform_ns_trace.obj (.rodata.str1.65994920536151571101)
                  00002ff1    00000010     mbed_nanostack_sal-stack-nanostack_source_Core_ns_address_internal.obj (.rodata.ADDR_ALL_MPL_FORWARDERS)
                  00003001    00000010     mbed_nanostack_sal-stack-nanostack_source_Core_ns_address_internal.obj (.rodata.ADDR_IF_LOCAL_ALL_NODES)
                  00003011    00000010     mbed_nanostack_sal-stack-nanostack_source_Core_ns_address_internal.obj (.rodata.ADDR_IF_LOCAL_ALL_ROUTERS)
                  00003021    00000010     mbed_nanostack_sal-stack-nanostack_source_Core_ns_address_internal.obj (.rodata.ADDR_LINK_LOCAL_ALL_NODES)
                  00003031    00000010     mbed_nanostack_sal-stack-nanostack_source_Core_ns_address_internal.obj (.rodata.ADDR_LINK_LOCAL_ALL_ROUTERS)
                  00003041    00000010     mbed_nanostack_sal-stack-nanostack_source_RPL_rpl_control.obj (.rodata.ADDR_LINK_LOCAL_ALL_RPL_NODES)
                  00003051    00000010     mbed_nanostack_sal-stack-nanostack_source_Core_ns_address_internal.obj (.rodata.ADDR_LOOPBACK)
                  00003061    00000010     mbed_nanostack_sal-stack-nanostack_source_Core_ns_address_internal.obj (.rodata.ADDR_REALM_LOCAL_ALL_NODES)
                  00003071    00000010     mbed_nanostack_sal-stack-nanostack_source_Core_ns_address_internal.obj (.rodata.ADDR_REALM_LOCAL_ALL_ROUTERS)
                  00003081    00000010     mbed_nanostack_sal-stack-nanostack_source_Core_ns_address_internal.obj (.rodata.ADDR_SITE_LOCAL_ALL_ROUTERS)
                  00003091    00000010     mbed_nanostack_sal-stack-nanostack_source_Core_ns_address_internal.obj (.rodata.ADDR_UNSPECIFIED)
                  000030a1    00000003     --HOLE-- [fill = 0]
                  000030a4    00000010     drivers_cc13x2x7.a : AESCBC.c.obj (.rodata.AESCBC_defaultParams)
                  000030b4    00000010                        : AESCCM.c.obj (.rodata.AESCCM_defaultParams)
                  000030c4    00000010                        : AESECB.c.obj (.rodata.AESECB_defaultParams)
                  000030d4    00000010     mbed_nanostack_coap-service_source_coap_connection_handler.obj (.rodata.COAP_MULTICAST_ADDR_ADMIN_LOCAL)
                  000030e4    00000010     mbed_nanostack_coap-service_source_coap_connection_handler.obj (.rodata.COAP_MULTICAST_ADDR_LINK_LOCAL)
                  000030f4    00000010     mbed_nanostack_coap-service_source_coap_connection_handler.obj (.rodata.COAP_MULTICAST_ADDR_SITE_LOCAL)
                  00003104    00000010     ti_drivers_config.obj (.rodata.GPIO_config)
                  00003114    00000010     ti_drivers_config.obj (.rodata.TRNG_config)
                  00003124    00000010     mbed_nanostack_sal-stack-nanostack_source_6LoWPAN_ws_ws_common.obj (.rodata.cst16)
                  00003134    00000010     mbed_nanostack_sal-stack-nanostack_source_Common_Protocols_ipv6.obj (.rodata.cst16)
                  00003144    00000010     mbed_nanostack_sal-stack-nanostack_source_Common_Protocols_ipv6_fragmentation.obj (.rodata.cst16)
                  00003154    00000010     mbed_mbedtls_src_x509_crt.obj (.rodata.mbedtls_x509_crt_profile_default)
                  00003164    00000010     mbed_mbedtls_src_x509_crt.obj (.rodata.mbedtls_x509_crt_profile_suiteb)
                  00003174    00000010     mbed_nanostack_sal-stack-nanostack_source_libNET_src_socket_api.obj (.rodata.ns_in6addr_any)
                  00003184    00000010     mbed_nanostack_sal-stack-nanostack_source_6LoWPAN_ws_ws_pae_key_storage.obj (.rodata.str1.133596961377677660921)
                  00003194    00000010     mbed_mbedtls_src_ssl_tls.obj (.rodata.str1.193219785514943731)
                  000031a4    00000010     mbed_mbedtls_src_ssl_tls.obj (.rodata.str1.19894937417758173101)
                  000031b4    00000010     mbed_mbedtls_src_oid.obj (.rodata.str1.28447819561900885661)
                  000031c4    00000010     mbed_mbedtls_src_oid.obj (.rodata.str1.41976653122091985601)
                  000031d4    00000010     mbed_mbedtls_src_oid.obj (.rodata.str1.55053908162370460341)
                  000031e4    00000010     mbed_nanostack_sal-stack-nanostack_source_6LoWPAN_ws_ws_pae_nvm_store.obj (.rodata.str1.96018622362964285341)
                  000031f4    00000010     mbed_nanostack_sal-stack-nanostack_source_Security_protocols_tls_sec_prot_tls_sec_prot_lib.obj (.rodata.tls_sec_prot_lib_connect.sec_suites)
                  00003204    0000000f     mbed_mbedtls_src_oid.obj (.rodata.str1.123754421918375912131)
                  00003213    0000000f     mbed_nanostack_sal-stack-nanostack_source_6LoWPAN_ws_ws_pae_nvm_store.obj (.rodata.str1.143637091569103407581)
                  00003222    0000000f     mbed_mbedtls_src_oid.obj (.rodata.str1.156407851888332329101)
                  00003231    0000000f     mbed_nanostack_mbed-mesh-api_source_wisun_tasklet.obj (.rodata.str1.56638637615955640091)
                  00003240    0000000f     mbed_mbedtls_src_oid.obj (.rodata.str1.72445597039658271341)
                  0000324f    00000001     --HOLE-- [fill = 0]
                  00003250    0000000f     mbed_nanostack_sal-stack-nanostack_source_6LoWPAN_ws_ws_pae_key_storage.obj (.rodata.str1.89846194527643940904)
                  0000325f    0000000e     mbed_mbedtls_src_ssl_tls.obj (.rodata.str1.136507772481195594151)
                  0000326d    0000000e     mbed_mbedtls_src_oid.obj (.rodata.str1.63983286034668020891)
                  0000327b    0000000e     mbed_mbedtls_src_ssl_tls.obj (.rodata.str1.86441979773540336901)
                  00003289    00000003     --HOLE-- [fill = 0]
                  0000328c    0000000d     mbed_nanostack_sal-stack-nanostack_source_Core_ns_address_internal.obj (.rodata.ADDR_MULTICAST_SOLICITED)
                  00003299    00000003     --HOLE-- [fill = 0]
                  0000329c    0000000d     mbed_nanostack_sal-stack-nanostack_source_Security_protocols_sec_prot_lib.obj (.rodata.str1.103927095786657671014)
                  000032a9    00000003     --HOLE-- [fill = 0]
                  000032ac    0000000c     drivers_cc13x2x7.a : Random.c.obj (.rodata..L__const.Random_seedAutomatic.hwAttrs)
                  000032b8    0000000c     mbed_nanostack_mbed-mesh-api_source_wisun_tasklet.obj (.rodata..L__const.wisun_tasklet_configure_and_connect_to_network.own_cert)
                  000032c4    0000000c     mbed_nanostack_mbed-mesh-api_source_wisun_tasklet.obj (.rodata..L__const.wisun_tasklet_configure_and_connect_to_network.trusted_cert)
                  000032d0    0000000c     mbed_mbedtls_src_md.obj (.rodata..Lswitch.table.mbedtls_md_info_from_type)
                  000032dc    0000000c     mbed_mbedtls_src_pk.obj (.rodata..Lswitch.table.mbedtls_pk_info_from_type)
                  000032e8    0000000c     mbed_nanostack_sal-stack-nanostack_source_6LoWPAN_ws_ws_common.obj (.rodata..Lswitch.table.ws_common_regulatory_domain_config.1)
                  000032f4    0000000c     mbed_nanostack_sal-stack-nanostack_source_Core_ns_address_internal.obj (.rodata.ADDR_IPV4_MAPPED_PREFIX)
                  00003300    0000000c     ti_freertos_config.obj (.rodata.ClockP_defaultParams)
                  0000330c    0000000c     ti_drivers_config.obj (.rodata.NVS_config)
                  00003318    0000000c     ti_drivers_config.obj (.rodata.RFCC26XX_hwAttrs)
                  00003324    0000000c     ti_freertos_config.obj (.rodata.TimerP_defaultParams)
                  00003330    0000000c     ti_freertos_config.obj (.rodata.defAttrs)
                  0000333c    0000000c     mbed_nanostack_sal-stack-nanostack_source_6LoWPAN_ws_ws_eapol_relay.obj (.rodata.eapol_pdu_recv_cb_data)
                  00003348    0000000c     mbed_nanostack_sal-stack-nanostack_source_6LoWPAN_ws_ws_pae_supp.obj (.rodata.eapol_pdu_recv_cb_data)
                  00003354    0000000c     mbed_nanostack_sal-stack-nanostack_source_Core_ns_monitor.obj (.rodata.ns_maintenance_gc_functions)
                  00003360    0000000c     mbed_nanostack_sal-stack-nanostack_source_Common_Protocols_tcp.obj (.rodata.state_flag)
                  0000336c    0000000c     mbed_mbedtls_src_cipher_wrap.obj (.rodata.str1.102634367320163045751)
                  00003378    0000000c     maclib_secure_cc13x2x7_freertos.a : hmac_global.c.o (.rodata.str1.107744963962553000971)
                  00003384    0000000c     mbed_mbedtls_src_cipher_wrap.obj (.rodata.str1.108936901924259785461)
                  00003390    0000000c     mbed_mbedtls_src_cipher_wrap.obj (.rodata.str1.123734053202063020711)
                  0000339c    0000000c     mbed_mbedtls_src_cipher_wrap.obj (.rodata.str1.132309458813978106181)
                  000033a8    0000000c     mbed_mbedtls_src_cipher_wrap.obj (.rodata.str1.132885009196392853071)
                  000033b4    0000000c     mbed_mbedtls_src_cipher_wrap.obj (.rodata.str1.144700349005462031271)
                  000033c0    0000000c     mbed_mbedtls_src_cipher_wrap.obj (.rodata.str1.145050790427335183331)
                  000033cc    0000000c     mbed_mbedtls_src_cipher_wrap.obj (.rodata.str1.170929538518682040231)
                  000033d8    0000000c     mbed_mbedtls_src_cipher_wrap.obj (.rodata.str1.176112735632518655651)
                  000033e4    0000000c     mbed_mbedtls_src_cipher_wrap.obj (.rodata.str1.27633019169938680141)
                  000033f0    0000000c     mbed_nanostack_sal-stack-nanostack_source_6LoWPAN_ws_ws_pae_controller.obj (.rodata.str1.28343909823408887991)
                  000033fc    0000000c     mbed_nanostack_sal-stack-nanostack_source_6LoWPAN_ws_ws_pae_nvm_store.obj (.rodata.str1.35146546181498817571)
                  00003408    0000000c     mbed_mbedtls_src_cipher_wrap.obj (.rodata.str1.3995140246917739591)
                  00003414    0000000c     mbed_mbedtls_src_cipher_wrap.obj (.rodata.str1.46103385795776269881)
                  00003420    0000000c     mbed_mbedtls_src_cipher_wrap.obj (.rodata.str1.49553203943094077481)
                  0000342c    0000000c     rcp_rcp_host_helpers.obj (.rodata.str1.62711034866127712701)
                  00003438    0000000c     mbed_mbedtls_src_cipher_wrap.obj (.rodata.str1.66286768178310742861)
                  00003444    0000000c     mbed_mbedtls_src_cipher_wrap.obj (.rodata.str1.94073723523012848141)
                  00003450    0000000b     mbed_mbedtls_src_cipher_wrap.obj (.rodata.str1.162600476732898651331)
                  0000345b    0000000b     mbed_mbedtls_src_cipher_wrap.obj (.rodata.str1.73177328713830002851)
                  00003466    0000000b     mbed_mbedtls_src_cipher_wrap.obj (.rodata.str1.78821187750395418521)
                  00003471    0000000a     mbed_nanostack_sal-stack-nanostack_source_Security_kmp_kmp_api.obj (.rodata..Lswitch.table.kmp_api_type_from_id_get)
                  0000347b    0000000a     mbed_mbedtls_src_ssl_ciphersuites.obj (.rodata..Lswitch.table.mbedtls_ssl_get_ciphersuite_sig_pk_alg)
                  00003485    0000000a     mbed_mbedtls_src_ecp.obj (.rodata.str1.129907320739408286681)
                  0000348f    0000000a     mbed_mbedtls_src_oid.obj (.rodata.str1.165501530193646235501)
                  00003499    0000000a     mbed_mbedtls_src_oid.obj (.rodata.str1.176265354539645824041)
                  000034a3    0000000a     mbed_mbedtls_src_oid.obj (.rodata.str1.3301664752607303081)
                  000034ad    00000003     --HOLE-- [fill = 0]
                  000034b0    0000000a     mbed_nanostack_sal-stack-nanostack_source_Security_protocols_eap_tls_sec_prot_supp_eap_tls_sec_prot.obj (.rodata.str1.63479830293675665994)
                  000034ba    0000000a     mbed_mbedtls_src_oid.obj (.rodata.str1.87928519397924930361)
                  000034c4    00000009     maclib_secure_cc13x2x7_freertos.a : hmac_global.c.o (.rodata.str1.123948389864241791141)
                  000034cd    00000009     mbed_mbedtls_src_oid.obj (.rodata.str1.157737388719635464541)
                  000034d6    00000009     mbed_mbedtls_src_cipher_wrap.obj (.rodata.str1.18708983054389346521)
                  000034df    00000009     mbed_mbedtls_src_x509_crt.obj (.rodata.str1.62773703586858131071)
                  000034e8    00000009     mbed_nanostack_sal-stack-nanostack_source_Security_protocols_tls_sec_prot_tls_sec_prot_lib.obj (.rodata.str1.83144911926251975251)
                  000034f1    00000009     mbed_mbedtls_src_oid.obj (.rodata.str1.921010305632017991)
                  000034fa    00000009     mbed_mbedtls_src_oid.obj (.rodata.str1.94852983383560071731)
                  00003503    00000009     mbed_nanostack_sal-stack-nanostack_source_6LoWPAN_ws_ws_pae_supp.obj (.rodata.str1.99244040985296334801)
                  0000350c    00000008     rf_multiMode_cc13x2.a : RFCC26X2_multiMode.c.cc13x2.ticlang.o (.rodata..L__const.RF_hwiCpe0Active.activeCmd)
                  00003514    00000008     mbed_nanostack_sal-stack-nanostack_source_Core_ns_address_internal.obj (.rodata.ADDR_LINK_LOCAL_PREFIX)
                  0000351c    00000008     ti_drivers_config.obj (.rodata.AESCBC_config)
                  00003524    00000008     ti_drivers_config.obj (.rodata.AESCCM_config)
                  0000352c    00000008     ti_drivers_config.obj (.rodata.AESECB_config)
                  00003534    00000008     mbed_mbedtls_src_nist_kw.obj (.rodata.NIST_KW_ICV1)
                  0000353c    00000008     mbed_nanostack_sal-stack-nanostack_source_Core_ns_address_internal.obj (.rodata.addr_am_implicit_group_member.implicit_groups)
                  00003544    00000008     mbed_mbedtls_src_ssl_ciphersuites.obj (.rodata.ciphersuite_preference)
                  0000354c    00000008     driverlib.lib : aux_sysif.c.obj (.rodata.cst4)
                  00003554    00000008     maclib_secure_cc13x2x7_freertos.a : mac_hl_patch.c.o (.rodata.cst8)
                  0000355c    00000008     mbed_nanostack_sal-stack-nanostack_source_6LoWPAN_ws_ws_common.obj (.rodata.cst8)
                  00003564    00000008     mbed_nanostack_sal-stack-nanostack_source_Security_protocols_sec_prot_keys.obj (.rodata.empty_hash)
                  0000356c    00000008     maclib_secure_cc13x2x7_freertos.a : hmac_global.c.o (.rodata.macAuthTagLen)
                  00003574    00000008                                       : hmac_global.c.o (.rodata.macSendMsgBufSize)
                  0000357c    00000008     mbed_nanostack_sal-stack-nanostack_source_6LoWPAN_MAC_mac_helper.obj (.rodata.mac_helper_default_key_source)
                  00003584    00000008     mbed_mbedtls_src_md.obj (.rodata.mbedtls_sha1_info)
                  0000358c    00000008     mbed_mbedtls_src_md.obj (.rodata.mbedtls_sha224_info)
                  00003594    00000008     mbed_mbedtls_src_md.obj (.rodata.mbedtls_sha256_info)
                  0000359c    00000008     ti_drivers_config.obj (.rodata.nvsCC26XXHWAttrs)
                  000035a4    00000008     mbed_mbedtls_src_oid.obj (.rodata.str1.108731863684462219721)
                  000035ac    00000008     ti_freertos_config.obj (.rodata.str1.158280055496687518341)
                  000035b4    00000008     mbed_mbedtls_src_pk_wrap.obj (.rodata.str1.18002292888157989981)
                  000035bc    00000008     mbed_mbedtls_src_oid.obj (.rodata.str1.33945435351653346271)
                  000035c4    00000008     mbed_mbedtls_src_oid.obj (.rodata.str1.48660678360080453111)
                  000035cc    00000007     mbed_nanostack_mac_mac_header_helper_functions.obj (.rodata..Lswitch.table.mac_security_mic_length_get)
                  000035d3    00000007     ti_freertos_config.obj (.rodata.str1.135993016934875261691)
                  000035da    00000007     mbed_nanostack_sal-stack-nanostack_source_Security_protocols_tls_sec_prot_tls_sec_prot_lib.obj (.rodata.str1.146370215318097650961)
                  000035e1    00000007     mbed_mbedtls_src_md.obj (.rodata.str1.161556580691546695161)
                  000035e8    00000007     mbed_mbednanostack2tirtos_platform_ns_trace.obj (.rodata.str1.27669346900015410531)
                  000035ef    00000007     mbed_mbedtls_src_md.obj (.rodata.str1.60794696065886073841)
                  000035f6    00000006     mbed_nanostack_sal-stack-nanostack_source_Core_ns_address_internal.obj (.rodata..Lswitch.table.addr_len_from_type)
                  000035fc    00000006     mbed_nanostack_sal-stack-nanostack_source_RPL_rpl_mrhof.obj (.rodata..Lswitch.table.rpl_mrhof_link_metric_to_neighbour)
                  00003602    00000006     mbed_nanostack_sal-stack-nanostack_source_6LoWPAN_ws_ws_common.obj (.rodata..Lswitch.table.ws_common_channel_number_calc.3)
                  00003608    00000006     mbed_nanostack_sal-stack-nanostack_source_6LoWPAN_ws_ws_common.obj (.rodata..Lswitch.table.ws_common_channel_number_calc.4)
                  0000360e    00000006     mbed_nanostack_sal-stack-nanostack_source_6LoWPAN_ws_ws_ie_lib.obj (.rodata..Lswitch.table.ws_wp_nested_hopping_schedule_length)
                  00003614    00000006     mbed_nanostack_sal-stack-nanostack_source_Core_ns_address_internal.obj (.rodata.ADDR_SHORT_ADR_SUFFIC)
                  0000361a    00000006     maclib_secure_cc13x2x7_freertos.a : hmac_global.c.o (.rodata.macCmdBufSize)
                  00003620    00000006     mbed_nanostack_sal-stack-nanostack_source_MPL_mpl.obj (.rodata.rfc7731_default_control_message_trickle_params)
                  00003626    00000006     mbed_nanostack_sal-stack-nanostack_source_MPL_mpl.obj (.rodata.rfc7731_default_data_message_trickle_params)
                  0000362c    00000006     mbed_mbedtls_src_pk_wrap.obj (.rodata.str1.103888489023802587621)
                  00003632    00000006     rcp_rcp_host.obj (.rodata.str1.113085937476129663511)
                  00003638    00000006     mbed_mbedtls_src_pk_wrap.obj (.rodata.str1.120227127261589717991)
                  0000363e    00000006     mbed_mbednanostack2tirtos_platform_ns_trace.obj (.rodata.str1.122356235251344411121)
                  00003644    00000006     mbed_mbednanostack2tirtos_platform_ns_trace.obj (.rodata.str1.142924701117956308931)
                  0000364a    00000006     mbed_mbednanostack2tirtos_platform_ns_trace.obj (.rodata.str1.165808260106852363431)
                  00003650    00000006     mbed_mbedtls_src_oid.obj (.rodata.str1.3229275664900514481)
                  00003656    00000006     mbed_mbednanostack2tirtos_platform_ns_trace.obj (.rodata.str1.49711367523121158281)
                  0000365c    00000006     mbed_mbedtls_src_oid.obj (.rodata.str1.71043873639902210051)
                  00003662    00000006     maclib_secure_cc13x2x7_freertos.a : hmac_global.c.o (.rodata.str1.7971802481850514511)
                  00003668    00000005     mbed_mbedtls_src_x509_crt.obj (.rodata..L.str.23)
                  0000366d    00000005     rcp_rcp_host.obj (.rodata.str1.121399579276615151621)
                  00003672    00000005     mbed_mbedtls_src_md.obj (.rodata.str1.13856290119889284521)
                  00003677    00000005     ti_freertos_config.obj (.rodata.str1.1475908590590345931)
                  0000367c    00000005     application_application.obj (.rodata.str1.23113388316140186241)
                  00003681    00000005     application_application.obj (.rodata.str1.35056855175168052451)
                  00003686    00000005     mbed_mbedtls_src_ecp_curves.obj (.rodata.str1.46127263643062691821)
                  0000368b    00000005     mbed_mbednanostack2tirtos_nanostack_nanostack-hal-mbed-cmsis-rtos_ns_hal_init.obj (.rodata.str1.53767352806197008571)
                  00003690    00000004     mbed_mbedtls_src_nist_kw.obj (.rodata.NIST_KW_ICV2)
                  00003694    00000004     drivers_cc13x2x7.a : NVS.c.obj (.rodata.NVS_defaultParams)
                  00003698    00000004     ti_freertos_config.obj (.rodata.TimestampP_nativeFormat32)
                  0000369c    00000004     ti_freertos_config.obj (.rodata.TimestampP_nativeFormat64)
                  000036a0    00000004     maclib_secure_cc13x2x7_freertos.a : mac_rx.c.o (.rodata.cst4)
                  000036a4    00000004     mbed_mbedtls_src_ssl_tls.obj (.rodata.cst4)
                  000036a8    00000004     mbed_nanostack_sal-stack-nanostack_source_MPL_mpl.obj (.rodata.cst4)
                  000036ac    00000004     maclib_secure_cc13x2x7_freertos.a : fh_global.c.o (.rodata.fhSupFrameTypes)
                  000036b0    00000004                                       : hmac_global.c.o (.rodata.macCbackEventTbl)
                  000036b4    00000004                                       : hmac_global.c.o (.rodata.macKeySourceLen)
                  000036b8    00000004                                       : hmac_global.c.o (.rodata.macSendMsgDataSize)
                  000036bc    00000004     mbed_mbedtls2tirtos_mbedtls_mbed-crypto_platform_util.obj (.rodata.memset_func)
                  000036c0    00000004     mbed_mbedtls_src_x509_crt.obj (.rodata.str1.101722667187054273611)
                  000036c4    00000004     mbed_mbedtls_src_oid.obj (.rodata.str1.102961763239490581551)
                  000036c8    00000004     mbed_mbedtls_src_oid.obj (.rodata.str1.123383010648242170071)
                  000036cc    00000004     mbed_mbedtls_src_oid.obj (.rodata.str1.135513842735857374781)
                  000036d0    00000004     mbed_mbedtls_src_oid.obj (.rodata.str1.146330465556847231131)
                  000036d4    00000004     mbed_frameworks_nanostack-libservice_source_libip6string_ip6tos.obj (.rodata.str1.153561043690216092071)
                  000036d8    00000004     mbed_mbedtls_src_oid.obj (.rodata.str1.170759770064165117291)
                  000036dc    00000004     application_application.obj (.rodata.str1.20504941332089403351)
                  000036e0    00000004     mbed_mbedtls_src_oid.obj (.rodata.str1.51584678888485101041)
                  000036e4    00000004     mbed_mbedtls_src_oid.obj (.rodata.str1.92704201976077750281)
                  000036e8    00000004     ti_freertos_config.obj (.rodata.uxTopUsedPriority)

.cinit     0    00050478    000004e0     
                  00050478    0000048b     (.cinit..data.load) [load image, compression = lzss]
                  00050903    00000001     --HOLE-- [fill = 0]
                  00050904    0000000c     (__TI_handler_table)
                  00050910    00000008     (.cinit..TI.bound:dmaUart0RxControlTableEntry.load) [load image, compression = zero_init]
                  00050918    00000008     (.cinit..TI.bound:dmaUart0TxControlTableEntry.load) [load image, compression = zero_init]
                  00050920    00000008     (.cinit..bss.1.load) [load image, compression = zero_init]
                  00050928    00000008     (.cinit..bss.2.load) [load image, compression = zero_init]
                  00050930    00000028     (__TI_cinit_table)

.init_array 
*          0    00000000    00000000     UNINITIALIZED

.ccfg      0    000affa8    00000058     
                  000affa8    00000058     ti_devices_config.obj (.ccfg)

.ramVecs   0    20000000    000000d8     UNINITIALIZED
                  20000000    000000d8     driverlib.lib : interrupt.c.obj (.ramVecs)

.data      0    20013ee0    0000161a     UNINITIALIZED
                  20013ee0    00000258     rcp_rcp_host_helpers.obj (.data.mac_eui_filter_list)
                  20014138    00000174     drivers_cc13x2x7.a : PowerCC26X2.c.obj (.data.PowerCC26X2_module)
                  200142ac    000000f0     libc.a : defs.c.obj (.data._ftable)
                  2001439c    000000d8     ti_freertos_config.obj (.data.HwiP_dispatchTable)
                  20014474    000000a4     application_application.obj (.data.cfg_props)
                  20014518    0000007c     ti_drivers_config.obj (.data.gpioPinConfigs)
                  20014594    00000078     application_main.obj (.data..L_MergedGlobals)
                  2001460c    00000078     libsysbm.a : host_device.c.obj (.data._device)
                  20014684    00000074     ti_freertos_config.obj (.data..L_MergedGlobals.10)
                  200146f8    00000074     ti_freertos_config.obj (.data..L_MergedGlobals.9)
                  2001476c    00000070     ti_freertos_config.obj (.data..L_MergedGlobals.11)
                  200147dc    0000006c     ti_freertos_config.obj (.data..L_MergedGlobals)
                  20014848    0000006c     maclib_secure_cc13x2x7_freertos.a : hmac_global.c.o (.data.fhObject)
                  200148b4    00000068     rf_multiMode_cc13x2.a : RFCC26X2_multiMode.c.cc13x2.ticlang.o (.data..L_MergedGlobals.1)
                  2001491c    00000064                           : RFCC26X2_multiMode.c.cc13x2.ticlang.o (.data..L_MergedGlobals.3)
                  20014980    00000064     ti_radio_config.obj (.data.txPowerTable_868_pa13)
                  200149e4    00000058     rf_multiMode_cc13x2.a : RFCC26X2_multiMode.c.cc13x2.ticlang.o (.data..L_MergedGlobals.2)
                  20014a3c    00000058     ti_radio_config.obj (.data.pOverrides_2gfsk50kbps154gWisun1b)
                  20014a94    00000050     mbed_ti-nv-driver_nvocmp.obj (.data..L_MergedGlobals.1)
                  20014ae4    00000050     libsysbm.a : host_device.c.obj (.data._stream)
                  20014b34    0000004c     mbed_mbednanostack2tirtos_nanostack_nanostack-hal-mbed-cmsis-rtos_arm_hal_timer.obj (.data..L_MergedGlobals)
                  20014b80    0000004c     rcp_rcp_host_helpers.obj (.data..L_MergedGlobals)
                  20014bcc    0000004c     ti_radio_config.obj (.data.pOverrides_2gfsk150kbps154g)
                  20014c18    0000004c     ti_radio_config.obj (.data.pOverrides_2gfsk50kbps154gWisun1a)
                  20014c64    0000004c     application_application.obj (.data.ti_wisun_config)
                  20014cb0    00000043     application_application.obj (.data.ti_br_config)
                  20014cf3    00000005     maclib_secure_cc13x2x7_freertos.a : mac_radio_tx.c.o (.data.macRadioAckFrame)
                  20014cf8    00000040     mbed_nanostack_sal-stack-nanostack_source_6LoWPAN_ws_ws_pae_key_storage.obj (.data..L_MergedGlobals)
                  20014d38    0000003c     mbed_nanostack_sal-stack-nanostack_source_Service_Libs_etx_etx.obj (.data..L_MergedGlobals)
                  20014d74    0000003c     rcp_rcp_host_helpers.obj (.data.macPhyIdGenericTable)
                  20014db0    0000003c     ti_radio_config.obj (.data.pOverrides_2gfsk100kbps154gWisun2b)
                  20014dec    0000003c     ti_radio_config.obj (.data.pOverrides_2gfsk200kbps154gWisun4b)
                  20014e28    00000038     drivers_cc13x2x7.a : TRNGCC26XX.c.obj (.data..L_MergedGlobals.1)
                  20014e60    00000038     ti_radio_config.obj (.data.pOverrides_2gfsk100kbps154gWisun2a)
                  20014e98    00000030     drivers_cc13x2x7.a : TRNGCC26XX.c.obj (.data..L_MergedGlobals)
                  20014ec8    0000002c     mbed_mbedtls_src_ssl_tls.obj (.data..L_MergedGlobals)
                  20014ef4    00000028     mbed_nanostack_sal-stack-nanostack_source_NWK_INTERFACE_protocol_core.obj (.data..L_MergedGlobals)
                  20014f1c    00000028     ti_radio_config.obj (.data.pOverrides_2gfsk300kbps154g)
                  20014f44    00000024     maclib_secure_cc13x2x7_freertos.a : hmac_global.c.o (.data.macActionSet)
                  20014f68    00000024     mbed_nanostack_sal-stack-nanostack_source_6LoWPAN_ND_nd_router_object.obj (.data.nd_params)
                  20014f8c    00000024     ti_radio_config.obj (.data.pOverrides_2gfsk200kbps154gWisun4a)
                  20014fb0    00000020     mbed_nanostack_sal-stack-nanostack_source_Core_ns_socket.obj (.data..L_MergedGlobals.8)
                  20014fd0    00000020     ti_freertos_config.obj (.data..L_MergedGlobals.8)
                  20014ff0    00000020     maclib_secure_cc13x2x7_freertos.a : mac.c.o (.data..L_MergedGlobals)
                  20015010    00000020     mbed_nanostack_sal-stack-nanostack_source_NWK_INTERFACE_protocol_timer.obj (.data..L_MergedGlobals)
                  20015030    00000020     maclib_secure_cc13x2x7_freertos.a : fh_global.c.o (.data.FHIE_channelPlan)
                  20015050    0000001c     mbed_nanostack_sal-stack-nanostack-eventloop_source_event.obj (.data..L_MergedGlobals)
                  2001506c    0000001c     mbed_nanostack_sal-stack-nanostack_source_6LoWPAN_ws_ws_bootstrap.obj (.data..L_MergedGlobals)
                  20015088    0000001c     mbed_nanostack_sal-stack-nanostack_source_RPL_rpl_mrhof.obj (.data.rpl_mrhof)
                  200150a4    0000001c     mbed_nanostack_sal-stack-nanostack_source_RPL_rpl_of0.obj (.data.rpl_of0)
                  200150c0    00000019     mbed_nanostack_sal-stack-nanostack_source_Common_Protocols_tcp.obj (.data..L_MergedGlobals)
                  200150d9    00000003     mbed_nanostack_sal-stack-nanostack_source_Core_ns_socket.obj (.data..L_MergedGlobals)
                  200150dc    00000018     mbed_nanostack_sal-stack-nanostack_source_ipv6_stack_ipv6_routing_table.obj (.data..L_MergedGlobals)
                  200150f4    00000014     maclib_secure_cc13x2x7_freertos.a : mac_duty_cycle.c.o (.data..L_MergedGlobals)
                  20015108    00000014     mbed_nanostack_coap-service_source_coap_connection_handler.obj (.data..L_MergedGlobals)
                  2001511c    00000014     mbed_nanostack_coap-service_source_coap_service_api.obj (.data..L_MergedGlobals)
                  20015130    00000014     mbed_nanostack_mbed-mesh-api_source_wisun_tasklet.obj (.data..L_MergedGlobals)
                  20015144    00000014     mbed_mbednanostack2tirtos_nanostack_nanostack-hal-mbed-cmsis-rtos_arm_hal_fhss_timer.obj (.data.fhss_functions)
                  20015158    00000014     maclib_secure_cc13x2x7_freertos.a : mac_hl_patch.c.o (.data.phyModeFSKdataRate)
                  2001516c    00000010     driverlib.lib : osc.c.obj (.data..L_MergedGlobals)
                  2001517c    00000004     drivers_cc13x2x7.a : PowerCC26X2.c.obj (.data.PowerCC26X2_rtcSubSecInc)
                  20015180    00000010     mbed_frameworks_mbed-client-randlib_source_randLIB.obj (.data..L_MergedGlobals)
                  20015190    00000010     mbed_nanostack_sal-stack-nanostack_source_6LoWPAN_ws_ws_pae_time.obj (.data..L_MergedGlobals)
                  200151a0    00000010     mbed_nanostack_sal-stack-nanostack_source_RPL_rpl_control.obj (.data..L_MergedGlobals)
                  200151b0    00000010     mbed_nanostack_sal-stack-nanostack_source_libNET_src_net_dns.obj (.data..L_MergedGlobals)
                  200151c0    00000010     software_stack_ti15_4mac_macTask.obj (.data..L_MergedGlobals)
                  200151d0    00000010     ti_radio_config.obj (.data.RF_prop_2gfsk100kbps154gWisun2a)
                  200151e0    00000010     ti_radio_config.obj (.data.RF_prop_2gfsk100kbps154gWisun2b)
                  200151f0    00000010     ti_radio_config.obj (.data.RF_prop_2gfsk150kbps154g)
                  20015200    00000010     ti_radio_config.obj (.data.RF_prop_2gfsk200kbps154gWisun4a)
                  20015210    00000010     ti_radio_config.obj (.data.RF_prop_2gfsk200kbps154gWisun4b)
                  20015220    00000010     ti_radio_config.obj (.data.RF_prop_2gfsk300kbps154g)
                  20015230    00000010     ti_radio_config.obj (.data.RF_prop_2gfsk50kbps154gWisun1a)
                  20015240    00000010     ti_radio_config.obj (.data.RF_prop_2gfsk50kbps154gWisun1b)
                  20015250    00000010     driverlib.lib : osc.c.obj (.data._hposcCoeffs)
                  20015260    00000010     software_stack_ti15_4mac_mac_settings_mac_cfg.obj (.data.macCfg)
                  20015270    0000000d     maclib_secure_cc13x2x7_freertos.a : mac_rx.c.o (.data..L_MergedGlobals)
                  2001527d    00000002     mbed_nanostack_sal-stack-nanostack_source_6LoWPAN_ws_ws_llc_data_service.obj (.data..L_MergedGlobals)
                  2001527f    00000001     ti_freertos_config.obj (.data.ClockP_initialized)
                  20015280    0000000c     drivers_cc13x2x7.a : NVSCC26XX.c.obj (.data..L_MergedGlobals)
                  2001528c    0000000c     mbed_mbedtls2tirtos_mbedtls_mbed-crypto_aes_alt.obj (.data..L_MergedGlobals)
                  20015298    0000000c     mbed_nanostack_sal-stack-nanostack-eventloop_source_ns_timer.obj (.data..L_MergedGlobals)
                  200152a4    0000000c     mbed_nanostack_sal-stack-nanostack-eventloop_source_system_timer.obj (.data..L_MergedGlobals)
                  200152b0    0000000c     mbed_nanostack_sal-stack-nanostack_source_6LoWPAN_adaptation_interface.obj (.data..L_MergedGlobals)
                  200152bc    0000000c     mbed_nanostack_sal-stack-nanostack_source_6LoWPAN_ws_ws_pae_supp.obj (.data..L_MergedGlobals)
                  200152c8    0000000c     mbed_nanostack_sal-stack-nanostack_source_Common_Protocols_ipv6_fragmentation.obj (.data..L_MergedGlobals)
                  200152d4    0000000c     mbed_nanostack_sal-stack-nanostack_source_MPL_mpl.obj (.data..L_MergedGlobals)
                  200152e0    0000000c     mbed_nanostack_sal-stack-nanostack_source_RPL_rpl_data.obj (.data..L_MergedGlobals)
                  200152ec    0000000c     maclib_secure_cc13x2x7_freertos.a : fh_global.c.o (.data.FH_FSM)
                  200152f8    00000009     ti_freertos_portable_config.obj (.data..L_MergedGlobals)
                  20015301    00000002     software_stack_ti15_4mac_osal_port_osal_port.obj (.data..L_MergedGlobals)
                  20015303    00000001     mbed_nanostack_sal-stack-nanostack_source_6LoWPAN_ws_ws_common.obj (.data.DEVICE_MIN_SENS)
                  20015304    00000008     maclib_secure_cc13x2x7_freertos.a : mac.c.o (.data..L_MergedGlobals.1)
                  2001530c    00000008                                       : mac_radio.c.o (.data..L_MergedGlobals.1)
                  20015314    00000008     software_stack_ti15_4mac_osal_port_osal_port_timers.obj (.data..L_MergedGlobals.1)
                  2001531c    00000008     libc.a : exit.c.obj (.data..L_MergedGlobals)
                  20015324    00000008     maclib_secure_cc13x2x7_freertos.a : fh_nt.c.o (.data..L_MergedGlobals)
                  2001532c    00000008                                       : mac_radio.c.o (.data..L_MergedGlobals)
                  20015334    00000008                                       : mac_tx.c.o (.data..L_MergedGlobals)
                  2001533c    00000008     mbed_mbedtls_src_platform.obj (.data..L_MergedGlobals)
                  20015344    00000008     mbed_nanostack_sal-stack-nanostack_source_libDHCPv6_dhcp_service_api.obj (.data..L_MergedGlobals)
                  2001534c    00000008     rf_multiMode_cc13x2.a : RFCC26X2_multiMode.c.cc13x2.ticlang.o (.data..L_MergedGlobals)
                  20015354    00000008     software_stack_ti15_4mac_osal_port_osal_port_timers.obj (.data..L_MergedGlobals)
                  2001535c    00000008     maclib_secure_cc13x2x7_freertos.a : fh_global.c.o (.data.FH_txTiming)
                  20015364    00000008     rf_multiMode_cc13x2.a : RFCC26X2_multiMode.c.cc13x2.ticlang.o (.data.RFCC26XX_schedulerPolicy)
                  2001536c    00000008     ti_freertos_config.obj (.data.TimerPCC26XX_hooks)
                  20015374    00000008     mbed_nanostack_sal-stack-nanostack_source_Core_ns_address_internal.obj (.data.addr_notifications)
                  2001537c    00000008     mbed_nanostack_sal-stack-nanostack_source_Core_ns_address_internal.obj (.data.addr_policy_table)
                  20015384    00000008     mbed_nanostack_sal-stack-nanostack_source_MAC_rf_driver_storage.obj (.data.arm_device_driver_list)
                  2001538c    00000008     mbed_nanostack_sal-stack-nanostack_source_DHCPv6_client_dhcpv6_client_service.obj (.data.dhcp_client_list)
                  20015394    00000008     mbed_nanostack_sal-stack-nanostack_source_libDHCPv6_libDHCPv6.obj (.data.dhcpv6_client_nonTemporal_list)
                  2001539c    00000008     mbed_nanostack_sal-stack-nanostack_source_6LoWPAN_ws_ws_eapol_pdu.obj (.data.eapol_pdu_data_list)
                  200153a4    00000008     mbed_nanostack_sal-stack-nanostack_source_6LoWPAN_ws_ws_eapol_relay.obj (.data.eapol_relay_list)
                  200153ac    00000008     mbed_nanostack_sal-stack-nanostack_source_Common_Protocols_icmpv6_radv.obj (.data.icmp_ra_queue)
                  200153b4    00000008     mbed_nanostack_sal-stack-nanostack_source_ipv6_stack_ipv6_routing_table.obj (.data.ipv6_routing_table)
                  200153bc    00000008     mbed_nanostack_sal-stack-nanostack_source_6LoWPAN_ws_ws_pae_key_storage.obj (.data.key_storage_array_list)
                  200153c4    00000008     mbed_nanostack_sal-stack-nanostack_source_Security_kmp_kmp_eapol_pdu_if.obj (.data.kmp_eapol_pdu_if_list)
                  200153cc    00000008     mbed_nanostack_sal-stack-nanostack_source_Security_kmp_kmp_api.obj (.data.kmp_service_list)
                  200153d4    00000008     mbed_nanostack_sal-stack-nanostack_source_6LoWPAN_ws_ws_llc_data_service.obj (.data.llc_data_base_list)
                  200153dc    00000008     mbed_nanostack_sal-stack-nanostack_source_6LoWPAN_ws_ws_pae_controller.obj (.data.pae_controller_config)
                  200153e4    00000008     mbed_nanostack_sal-stack-nanostack_source_6LoWPAN_ws_ws_pae_controller.obj (.data.pae_controller_list)
                  200153ec    00000008     mbed_nanostack_sal-stack-nanostack_source_6LoWPAN_Fragmentation_cipv6_fragmenter.obj (.data.reassembly_interface_list)
                  200153f4    00000008     mbed_nanostack_coap-service_source_coap_message_handler.obj (.data.request_list)
                  200153fc    00000008     mbed_nanostack_sal-stack-nanostack_source_RPL_rpl_objective.obj (.data.rpl_objectives)
                  20015404    00000008     mbed_nanostack_sal-stack-nanostack_source_Core_ns_socket.obj (.data.socket_list)
                  2001540c    00000008     mbed_nanostack_sal-stack-nanostack-eventloop_source_system_timer.obj (.data.system_timer_list)
                  20015414    00000007     application_application.obj (.data..L_MergedGlobals)
                  2001541b    00000001     mbed_ti-nv-driver_nvocmp.obj (.data.NVOCMP_failF)
                  2001541c    00000005     mbed_nanostack_sal-stack-nanostack_source_NWK_INTERFACE_protocol_core.obj (.data..L_MergedGlobals.1)
                  20015421    00000001     ti_freertos_config.obj (.data.TimerP_initialized)
                  20015422    00000002     mbed_nanostack_sal-stack-nanostack_source_RPL_rpl_policy.obj (.data.rpl_policy_address_registration_timeout_value)
                  20015424    00000004     rf_multiMode_cc13x2.a : RFCC26X2_multiMode.c.cc13x2.ticlang.o (.data.RF_fsmActiveState.lfClockSourceLast)
                  20015428    00000004     mbed_mbednanostack2tirtos_nanostack_nanostack-hal-mbed-cmsis-rtos_arm_hal_random.obj (.data.TRNG_handle)
                  2001542c    00000004     libc.a : defs.c.obj (.data.__TI_ft_end)
                  20015430    00000004            : _lock.c.obj (.data._lock)
                  20015434    00000004            : _lock.c.obj (.data._unlock)
                  20015438    00000004     mbed_nanostack_sal-stack-nanostack_source_Core_ns_address_internal.obj (.data.addr_preferences_default)
                  2001543c    00000004     mbed_nanostack_sal-stack-nanostack_source_Service_Libs_blacklist_blacklist.obj (.data.blacklist_data)
                  20015440    00000004     mbed_nanostack_sal-stack-nanostack_source_Core_buffer_dyn.obj (.data.buffer_count)
                  20015444    00000004     mbed_mbedtls_src_ecp_curves.obj (.data.ecp_mpi_set1.one)
                  20015448    00000004     software_stack_ti15_4mac_stack_user_api_api_mac_timac_fhss_config.obj (.data.fhss_struct)
                  2001544c    00000004     mbed_nanostack_sal-stack-nanostack_source_6LoWPAN_ws_ws_pae_supp.obj (.data.global_pae_supp)
                  20015450    00000004     maclib_secure_cc13x2x7_freertos.a : mac_tx.c.o (.data.macCsmaRtcTimerId)
                  20015454    00000004                                       : hmac_global.c.o (.data.macDataCheckSched)
                  20015458    00000004                                       : hmac_global.c.o (.data.macDataRequeueIndirect)
                  2001545c    00000004                                       : hmac_global.c.o (.data.macDataSetSched)
                  20015460    00000004                                       : hmac_global.c.o (.data.macDataTxIndirect)
                  20015464    00000004                                       : hmac_global.c.o (.data.macStateTbl)
                  20015468    00000004                                       : mac_symbol_timer.c.o (.data.macSymbolWakeupClock)
                  2001546c    00000004     software_stack_ti15_4mac_macTask.obj (.data.macTaskEvents)
                  20015470    00000004     maclib_secure_cc13x2x7_freertos.a : hmac_global.c.o (.data.macTimerNewRollover)
                  20015474    00000004                                       : hmac_global.c.o (.data.macTimerRollover)
                  20015478    00000004                                       : mac.c.o (.data.minTxOffTime)
                  2001547c    00000004     mbed_nanostack_sal-stack-nanostack_source_Core_ns_monitor.obj (.data.ns_dyn_mem_rate_limiting_threshold)
                  20015480    00000004     mbed_nanostack_sal-stack-nanostack_source_Core_ns_monitor.obj (.data.ns_monitor_ptr)
                  20015484    00000004     mbed_nanostack_sal-stack-nanostack_source_6LoWPAN_ws_ws_cfg_settings.obj (.data.nw_size_external_cfg)
                  20015488    00000004     mbed_nanostack_sal-stack-nanostack_source_NWK_INTERFACE_protocol_stats.obj (.data.nwk_stats_ptr)
                  2001548c    00000004     mbed_mbednanostack2tirtos_nanostack_nanostack-hal-mbed-cmsis-rtos_ns_event_loop_mutex.obj (.data.owner_count)
                  20015490    00000004     maclib_secure_cc13x2x7_freertos.a : hmac_global.c.o (.data.pMacDataTx)
                  20015494    00000004                                       : mac_radio_tx.c.o (.data.pMacEnhancedAck)
                  20015498    00000004                                       : mac_mcu.c.o (.data.pRandomSeedCB)
                  2001549c    00000004                                       : mac_duty_cycle.c.o (.data.phyMultiplier)
                  200154a0    00000004     ti_freertos_config.obj (.data.pxCurrentTCB)
                  200154a4    00000004     rcp_rcp_lmac_helpers.obj (.data.rfCdThreadHndl)
                  200154a8    00000004     maclib_secure_cc13x2x7_freertos.a : hmac_global.c.o (.data.ti154stack_lib_date)
                  200154ac    00000004                                       : hmac_global.c.o (.data.ti154stack_lib_time)
                  200154b0    00000004                                       : hmac_global.c.o (.data.ti154stack_lib_version)
                  200154b4    00000004                                       : mac_radio_tx.c.o (.data.txCount)
                  200154b8    00000004     ti_freertos_portable_config.obj (.data.uxCriticalNesting)
                  200154bc    00000004     rcp_rcp_host.obj (.data.wisun_protocol_version)
                  200154c0    00000004     rcp_rcp_host.obj (.data.wisun_stack_version)
                  200154c4    00000004     mbed_nanostack_sal-stack-nanostack_source_6LoWPAN_ws_ws_bootstrap.obj (.data.ws_bootstrap_eapol_congestion_get.red_info)
                  200154c8    00000004     mbed_nanostack_sal-stack-nanostack_source_6LoWPAN_ws_ws_cfg_settings.obj (.data.ws_test_temporary_entry_lifetime)
                  200154cc    00000002     mbed_nanostack_sal-stack-nanostack_source_RPL_rpl_policy.obj (.data.rpl_policy_dao_initial_timeout_conf)
                  200154ce    00000002     mbed_nanostack_sal-stack-nanostack_source_RPL_rpl_policy.obj (.data.rpl_policy_dio_validity_period_hysteresis)
                  200154d0    00000002     mbed_nanostack_sal-stack-nanostack_source_RPL_rpl_policy.obj (.data.rpl_policy_minimum_dao_target_refresh_conf)
                  200154d2    00000002     mbed_nanostack_sal-stack-nanostack_source_6LoWPAN_MAC_mac_helper.obj (.data.test_6lowpan_fragmentation_mtu_size_override)
                  200154d4    00000002     mbed_nanostack_sal-stack-nanostack_source_6LoWPAN_ws_ws_common.obj (.data.test_max_child_count_override)
                  200154d6    00000001     maclib_secure_cc13x2x7_freertos.a : lmac_global.c.o (.data.bInSwi)
                  200154d7    00000001     rf_multiMode_cc13x2.a : rf_patch_cpe_prop.c.cc13x2.ticlang.o (.data.bPropPatchEntered)
                  200154d8    00000001     maclib_secure_cc13x2x7_freertos.a : hmac_global.c.o (.data.csmPhy)
                  200154d9    00000001                                       : mac.c.o (.data.customMinTxOffEnabled)
                  200154da    00000001                                       : mac_duty_cycle.c.o (.data.dcEnabled)
                  200154db    00000001     rcp_rcp_lmac_helpers.obj (.data.disableBCRequeue)
                  200154dc    00000001     application_application.obj (.data.disable_ns_messages)
                  200154dd    00000001     rcp_rcp_host_helpers.obj (.data.extAddrFlag)
                  200154de    00000001     drivers_cc13x2x7.a : GPIOCC26X2.c.obj (.data.initCalled)
                  200154df    00000001     mbed_nanostack_sal-stack-nanostack_source_Common_Protocols_ipv6_flow.obj (.data.ipv6_flow_auto_label)
                  200154e0    00000001     drivers_cc13x2x7.a : AESCBCCC26XX.c.obj (.data.isInitialized)
                  200154e1    00000001                        : AESCCMCC26XX.c.obj (.data.isInitialized)
                  200154e2    00000001                        : AESECBCC26XX.c.obj (.data.isInitialized)
                  200154e3    00000001                        : CryptoResourceCC26XX.c.obj (.data.isInitialized)
                  200154e4    00000001                        : NVS.c.obj (.data.isInitialized)
                  200154e5    00000001     mbed_nanostack_sal-stack-nanostack_source_Security_kmp_kmp_api.obj (.data.kmp_instance_identifier)
                  200154e6    00000001     mbed_nanostack_sal-stack-nanostack_source_Core_ns_socket.obj (.data.last_allocated_socket)
                  200154e7    00000001     maclib_secure_cc13x2x7_freertos.a : lmac_global.c.o (.data.macRadioYielded)
                  200154e8    00000001                                       : mac.c.o (.data.macTxCmdActive)
                  200154e9    00000001     rcp_rcp_host_helpers.obj (.data.mac_filter_list_mode)
                  200154ea    00000001     rcp_rcp_mcps_sap.obj (.data.mac_tasklet_event_handler)
                  200154eb    00000001     mbed_nanostack_mbed-mesh-api_source_mesh_system.obj (.data.mesh_initialized)
                  200154ec    00000001     mbed_mbedtls_src_ecp.obj (.data.mbedtls_ecp_grp_id_list.init_done)
                  200154ed    00000001     mbed_nanostack_sal-stack-nanostack_source_Common_Protocols_mld.obj (.data.mld_querier)
                  200154ee    00000001     maclib_secure_cc13x2x7_freertos.a : mac.c.o (.data.numRxPostCmd)
                  200154ef    00000001     mbed_mbednanostack2tirtos_nanostack_nanostack-hal-mbed-cmsis-rtos_arm_hal_timer.obj (.data.platform_timer_enable.initialized)
                  200154f0    00000001     mbed_nanostack_sal-stack-nanostack_source_NWK_INTERFACE_protocol_core.obj (.data.power_save_state)
                  200154f1    00000001     mbed_nanostack_sal-stack-nanostack_source_RPL_rpl_control.obj (.data.rpl_better_parent_count)
                  200154f2    00000001     mbed_nanostack_sal-stack-nanostack_source_RPL_rpl_policy.obj (.data.rpl_policy_dao_retry_count_conf)
                  200154f3    00000001     mbed_nanostack_sal-stack-nanostack_source_RPL_rpl_policy.obj (.data.rpl_policy_force_tunnel_to_BR)
                  200154f4    00000001     mbed_nanostack_sal-stack-nanostack_source_RPL_rpl_policy.obj (.data.rpl_policy_mrhof_parent_set_size_conf)
                  200154f5    00000001     mbed_nanostack_sal-stack-nanostack_source_RPL_rpl_policy.obj (.data.rpl_policy_multicast_config_min_advertisment_count)
                  200154f6    00000001     mbed_nanostack_sal-stack-nanostack_source_RPL_rpl_policy.obj (.data.rpl_policy_parent_confirmation_req)
                  200154f7    00000001     mbed_nanostack_sal-stack-nanostack_source_RPL_rpl_control.obj (.data.sent_dao)
                  200154f8    00000001     mbed_nanostack_sal-stack-nanostack-eventloop_source_ns_timeout.obj (.data.timeout_tasklet_id)
                  200154f9    00000001     maclib_secure_cc13x2x7_freertos.a : fh_mgr.c.o (.data.uc_toggle)

.stack     0    200239c0    00000640     UNINITIALIZED
                  200239c0    00000004     libc.a : boot_cortex_m.c.obj (.stack)
                  200239c4    0000063c     --HOLE--

.TI.bound:flashBuf0 
*          0    000a8000    00004000     UNINITIALIZED
                  000a8000    00004000     ti_drivers_config.obj (.TI.bound:flashBuf0)

__llvm_prf_cnts 
*          0    20000000    00000000     UNINITIALIZED

__llvm_prf_bits 
*          0    20000000    00000000     UNINITIALIZED

.TI.bound:dmaUart0RxControlTableEntry 
*          0    20001810    00000010     UNINITIALIZED
                  20001810    00000010     ti_drivers_config.obj (.TI.bound:dmaUart0RxControlTableEntry)

.TI.bound:dmaUart0TxControlTableEntry 
*          0    20001820    00000010     UNINITIALIZED
                  20001820    00000010     ti_drivers_config.obj (.TI.bound:dmaUart0TxControlTableEntry)

.log_data 
*          0    000036ec    00000008     
                  000036ec    00000004     ti_freertos_config.obj (.log_data)
                  000036f0    00000004     ti_freertos_config.obj (.log_data)

.args      0    000000d8    00000008     
                  000000d8    00000008     --HOLE-- [fill = 0]

.text.1    0    00003700    0004cd78     
                  00003700    00000acc     mbed_mbedtls_src_ssl_cli.obj (.text.mbedtls_ssl_handshake_client_step)
                  000041cc    00000914     mbed_nanostack_sal-stack-nanostack_source_6LoWPAN_ws_ws_bootstrap.obj (.text.ws_bootstrap_asynch_ind)
                  00004ae0    0000086c     libc.a : _printfi.c.obj (.text:__TI_printfi_nofloat)
                  0000534c    00000814     mbed_mbedtls_src_x509_crt.obj (.text.mbedtls_x509_crt_parse_der_internal)
                  00005b60    000007b8     mbed_nanostack_sal-stack-nanostack_source_Common_Protocols_tcp.obj (.text.tcp_up)
                  00006318    0000073c     mbed_mbedtls_src_ecp.obj (.text.mbedtls_ecp_mul_restartable)
                  00006a54    000006e4     mbed_mbedtls_src_sha256.obj (.text.mbedtls_internal_sha256_process)
                  00007138    000006dc     rcp_rcp_mcps_sap.obj (.text.rcp_sap_data_req_handler_ext)
                  00007814    000006b4     mbed_nanostack_sal-stack-nanostack_source_6LoWPAN_ws_ws_bootstrap.obj (.text.ws_bootstrap_event_handler)
                  00007ec8    000005a8     mbed_nanostack_sal-stack-nanostack_source_RPL_rpl_control.obj (.text.rpl_control_handler)
                  00008470    0000059c     mbed_nanostack_sal-stack-nanostack_source_6LoWPAN_ws_ws_llc_data_service.obj (.text.ws_llc_mac_indication_cb)
                  00008a0c    00000598     mbed_nanostack_sal-stack-nanostack_source_Common_Protocols_ipv6.obj (.text.ipv6_forwarding_up)
                  00008fa4    0000050c     mbed_nanostack_sal-stack-nanostack_source_6LoWPAN_adaptation_interface.obj (.text.lowpan_adaptation_interface_tx)
                  000094b0    00000508     maclib_secure_cc13x2x7_freertos.a : mac_rx.c.o (.text.macRxFrameIsr)
                  000099b8    00000504     mbed_nanostack_sal-stack-nanostack_source_6LoWPAN_ws_ws_llc_data_service.obj (.text.ws_llc_mpx_data_request)
[...]
200017e8  aesecbCC26XXObjects                                        
20013354  rcp_host_dbg                                               
20013484  taskTbl                                                    
200135f8  CryptoResourceCC26XX_accessSemaphore                       
20013648  CryptoResourceCC26XX_operationSemaphore                    
20013720  FHFSM_Dbg                                                  
200137a4  FHNT_hnd                                                   
20013820  protocol_timer                                             
2001385c  rcp_lmac_dbg                                               
20013898  aescbcCC26XXObjects                                        
200138d0  dcBucket                                                   
20013904  RF_cmdPropRadioDivSetup                                    
20013934  RF_cmdPropRxAdv                                            
20013964  macMgmtAction1                                             
20013994  NVOCMP_nvHandle                                            
200139c4  llcDbg                                                     
200139f0  macCoord                                                   
20013a1c  macEdfeInfo                                                
20013a48  rcpSapDbg                                                  
20013a74  rcp_tx_queue                                               
20013aa0  rcp_btie_dbg                                               
20013ac8  rcp_nt_entry                                               
20013b14  RF_cmdPropTxAdv                                            
20013b34  RF_params                                                  
20013b8c  CryptoResourceCC26XX_hwi                                   
20013ba8  MacRcpTaskletDbg                                           
20013bc4  RF_cmdPropCs                                               
20013be0  RF_cmdPropCsSlotted                                        
20013bfc  event_thread_sem_handle                                    
20013c18  macCoordAction2                                            
20013c34  macReset                                                   
20013c50  macSemHandle                                               
20013c6c  ns_event_mutex_handle                                      
20013c88  rfCbSemHandle                                              
20013ca4  RF_cmdFsRx                                                 
20013cbc  RF_cmdFsTx                                                 
20013cd4  aesccmCC26XXObjects                                        
20013cec  default_stats                                              
20013d30  macAckDbg                                                  
20013d44  macMgmtAction2                                             
20013d58  mac_store                                                  
20013d6c  macCoordAction3                                            
20013d7c  macData                                                    
20013d8c  macFrmFilter                                               
20013d9c  root_unicast_addr                                          
20013dac  macMain                                                    
20013db8  macRxOutputSubG                                            
20013dc4  rcp_host_store                                             
20013dda  parmbuf                                                    
20013df4  macCoordAction1                                            
20013dfc  macRxDataEntryQueue                                        
20013e04  FHNT_Dbg                                                   
20013e18  AESCCM_handle                                              
20013e1c  dcCritical                                                 
20013e20  dcLimited                                                  
20013e24  dcPtr                                                      
20013e28  dcRegulated                                                
20013e2c  dcTimeUsed                                                 
20013e30  default_book                                               
20013e34  event_mutex_owner_id                                       
20013e38  event_thread_id                                            
20013e3c  exc_lr                                                     
20013e40  exc_sp                                                     
20013e44  global_rpl_instance                                        
20013e48  key                                                        
20013e4c  macCryptoDrvTblPtr                                         
20013e50  macPhyTxPower                                              
20013e54  macPrevPeriodRatCount                                      
20013e58  macRfDrvTblPtr                                             
20013e5c  macRxStartIsrTime                                          
20013e60  macRxSymbol                                                
20013e64  macSymbolTimerRollover                                     
20013e68  macSymbolTimerTrigger                                      
20013e6c  macThread                                                  
20013e70  macTimerActive                                             
20013e74  macTxTimestamp                                             
20013e78  mpl_timer2                                                 
20013e7c  pMacRadioConfig                                            
20013e80  pMaxPower                                                  
20013e84  pRfMode                                                    
20013e88  pRfPowerTable                                              
20013e8c  pRxBuf                                                     
20013e90  protocol_6lowpan_rpl_domain                                
20013e94  protocol_core_buffers_in_event_queue                       
20013e98  protocol_core_monotonic_time                               
20013e9c  rpl_alloc_total                                            
20013ea0  rxCount                                                    
20013ea4  rxRadioBufferPtr                                           
20013ea8  txCbRf                                                     
20013eac  FHPIB_db_new                                               
20013eae  macRxDataEntryOffset                                       
20013eb0  macTxCsmaBackoffDelay                                      
20013eb2  panID_in_VPIE                                              
20013eb4  rxCmdHandle                                                
20013eb6  txCmdHandle                                                
20013ebc  AppTaskId                                                  
20013ebd  NVOCMP_size                                                
20013ebe  cur_num_nbrs                                               
20013ebf  dcStatus                                                   
20013ec0  detectVPIE                                                 
20013ec1  enableVPIE                                                 
20013ec2  gAction                                                    
20013ec3  macMgmt                                                    
20013ec4  macPanCoordinator                                          
20013ec5  macPhyChannel                                              
20013ec6  macPwr                                                     
20013ec7  macRfQueueSize                                             
20013ec8  macRxActive                                                
20013ec9  macRxEnableFlags                                           
20013eca  macRxFilter                                                
20013ecb  macRxOutgoingAckFlag                                       
20013ecc  macSpecUsecsPerSymbol                                      
20013ecd  macSymbolTimerImpending                                    
20013ece  macTaskId                                                  
20013ecf  macTxActive                                                
20013ed0  macTxBe                                                    
20013ed1  macTxType                                                  
20013ed2  macUnitBackoffPeriod                                       
20013ed3  numRfCmdQueued                                             
20013ed4  nvsCC26XXObjects                                           
20013ed5  rRfPtr                                                     
20013ed6  rxFhRsl                                                    
20013ed7  rxPromiscuousMode                                          
20013ed8  rxRec                                                      
20013ed9  rxSeqNum                                                   
20013eda  timacTaskId                                                
20013edb  txAckReq                                                   
20013edc  txChannel                                                  
20013edd  txRetransmitFlag                                           
20013ede  txSeqn                                                     
20013edf  wRfPtr                                                     
20013ee0  mac_eui_filter_list                                        
20014138  PowerCC26X2_module                                         
200142ac  _ftable                                                    
20014474  cfg_props                                                  
20014518  gpioPinConfigs                                             
20014594  ncp_enabled                                                
20014598  pNV                                                        
2001459c  macUser0Cfg                                                
200145b0  Main_user1Cfg                                              
2001460c  _device                                                    
2001482c  HwiP_swiPIntNum                                            
20014848  fhObject                                                   
20014980  txPowerTable_868_pa13                                      
20014a3c  pOverrides_2gfsk50kbps154gWisun1b                          
20014ae4  _stream                                                    
20014b80  rf_initialized                                             
20014b88  deviceExtAddr                                              
20014b90  macPhyIdStdTable                                           
20014bcc  pOverrides_2gfsk150kbps154g                                
20014c18  pOverrides_2gfsk50kbps154gWisun1a                          
20014c64  ti_wisun_config                                            
20014cb0  ti_br_config                                               
20014cf3  macRadioAckFrame                                           
20014d74  macPhyIdGenericTable                                       
20014db0  pOverrides_2gfsk100kbps154gWisun2b                         
20014dec  pOverrides_2gfsk200kbps154gWisun4b                         
20014e60  pOverrides_2gfsk100kbps154gWisun2a                         
20014ef8  protocol_interface_info_list                               
20014f1c  pOverrides_2gfsk300kbps154g                                
20014f44  macActionSet                                               
20014f68  nd_params                                                  
20014f8c  pOverrides_2gfsk200kbps154gWisun4a                         
20014ff0  lastRatChanA                                               
20014ff1  lastRatChanB                                               
20014ff2  macRxCmdActive                                             
20014ff3  macFsCmdActive                                             
20014ff4  numRfCmd                                                   
20014ff5  numRxCmd                                                   
20014ffc  lastPostCmd                                                
20015000  macSfdDetectCback                                          
20015010  protocol_timer_id                                          
20015011  protocol_tick_handle_busy                                  
20015030  FHIE_channelPlan                                           
20015050  curr_tasklet                                               
2001506c  disable_pa_pc_after_join                                   
2001506d  reg_refresh_req_tid                                        
2001506e  jm_version                                                 
2001506f  jm_prev_plf                                                
20015070  panid_list_clear_timeout_sec                               
20015072  panid_list_clear_timeout_counter                           
20015074  g_num_jm_metrics_len                                       
20015078  panid_allow_list                                           
2001507e  panid_deny_list                                            
200150d9  ns_socket_event_high_water                                 
200150da  ns_socket_event                                            
20015120  coap_service_handle                                        
20015130  statistics_started                                         
20015134  statistics                                                 
20015144  fhss_functions                                             
20015158  phyModeFSKdataRate                                         
200151c4  pMacCbackQueryRetransmit                                   
200151c8  pMacCbackCheckPending                                      
200151d0  RF_prop_2gfsk100kbps154gWisun2a                            
200151e0  RF_prop_2gfsk100kbps154gWisun2b                            
200151f0  RF_prop_2gfsk150kbps154g                                   
20015200  RF_prop_2gfsk200kbps154gWisun4a                            
20015210  RF_prop_2gfsk200kbps154gWisun4b                            
20015220  RF_prop_2gfsk300kbps154g                                   
20015230  RF_prop_2gfsk50kbps154gWisun1a                             
20015240  RF_prop_2gfsk50kbps154gWisun1b                             
20015250  _hposcCoeffs                                               
20015260  macCfg                                                     
200152b0  global_adaptation_intf_ptr                                 
200152ec  FH_FSM                                                     
20015301  taskCnt                                                    
20015303  DEVICE_MIN_SENS                                            
2001531c  __TI_cleanup_ptr                                           
20015320  __TI_dtors_ptr                                             
20015324  rcp_num_NTgetEntryCnt_OK                                   
20015328  rcp_num_NTgetEntryCnt_err                                  
20015330  RF_handle                                                  
20015334  regDomain                                                  
20015335  prevTxChannel                                              
20015348  dhcp_service                                               
2001535c  FH_txTiming                                                
20015364  RFCC26XX_schedulerPolicy                                   
2001536c  TimerPCC26XX_hooks                                         
200153dc  pae_controller_config                                      
20015404  socket_list                                                
20015414  connectedFlg                                               
20015415  interface_id                                               
20015416  service_id                                                 
2001542c  __TI_ft_end                                                
20015430  _lock                                                      
20015434  _unlock                                                    
20015438  addr_preferences_default                                   
20015440  buffer_count                                               
2001544c  global_pae_supp                                            
20015450  macCsmaRtcTimerId                                          
20015454  macDataCheckSched                                          
20015458  macDataRequeueIndirect                                     
2001545c  macDataSetSched                                            
20015460  macDataTxIndirect                                          
20015464  macStateTbl                                                
20015470  macTimerNewRollover                                        
20015474  macTimerRollover                                           
20015478  minTxOffTime                                               
20015484  nw_size_external_cfg                                       
20015488  nwk_stats_ptr                                              
20015490  pMacDataTx                                                 
20015494  pMacEnhancedAck                                            
200154a0  pxCurrentTCB                                               
200154a4  rfCdThreadHndl                                             
200154a8  ti154stack_lib_date                                        
200154ac  ti154stack_lib_time                                        
200154b0  ti154stack_lib_version                                     
200154b4  txCount                                                    
200154bc  wisun_protocol_version                                     
200154c0  wisun_stack_version                                        
200154d2  test_6lowpan_fragmentation_mtu_size_override               
200154d4  test_max_child_count_override                              
200154d6  bInSwi                                                     
200154d8  csmPhy                                                     
200154d9  customMinTxOffEnabled                                      
200154da  dcEnabled                                                  
200154db  disableBCRequeue                                           
200154dc  disable_ns_messages                                        
200154dd  extAddrFlag                                                
200154df  ipv6_flow_auto_label                                       
200154e7  macRadioYielded                                            
200154e8  macTxCmdActive                                             
200154e9  mac_filter_list_mode                                       
200154ed  mld_querier                                                
200154ee  numRxPostCmd                                               
200154f0  power_save_state                                           
200154f1  rpl_better_parent_count                                    
200154f7  sent_dao                                                   
200154f9  uc_toggle                                                  
200239c0  __stack                                                    
20024000  __STACK_END                                                
20024000  __STACK_TOP                                                
ffffffff  __TI_pprof_out_hndl                                        
ffffffff  __TI_prof_data_size                                        
ffffffff  __TI_prof_data_start                                       
ffffffff  __binit__                                                  
ffffffff  __start___llvm_prf_bits                                    
ffffffff  __start___llvm_prf_cnts                                    
ffffffff  __stop___llvm_prf_bits                                     
ffffffff  __stop___llvm_prf_cnts                                     
ffffffff  binit                                                      
UNDEFED   ITM_flush                                                  
UNDEFED   ITM_restore                                                
UNDEFED   __mpu_init                                                 
UNDEFED   _system_post_cinit                                         

[2922 symbols]
