******************************************************************************
            TI ARM Clang Linker Unix v5.1.0                    
******************************************************************************
>> Linked Tue Apr 21 15:43:11 2026

OUTPUT FILE NAME:   <sensor_ncp.out>
ENTRY POINT SYMBOL: "resetISR"  address: 00004059


MEMORY CONFIGURATION

         name            origin    length      used     unused   attr    fill
----------------------  --------  ---------  --------  --------  ----  --------
  FLASH                 00000000   000ae000  00008315  000a5ceb  R  X
  FLASH_LAST            000ae000   00002000  00002000  00000000  R  X
  SRAM                  20000000   00024000  00006594  0001da6c  RW X


SEGMENT ALLOCATION MAP

run origin  load origin   length   init length attrs members
----------  ----------- ---------- ----------- ----- -------
00000000    00000000    000000d8   000000d8    r--
  00000000    00000000    000000d8   000000d8    r-- .resetVecs
000000d8    000000d8    00000008   00000008    rw-
  000000d8    000000d8    00000008   00000008    rw- .args
000000e0    000000e0    0000423c   0000423c    r-x
  000000e0    000000e0    00000481   00000481    r-- .rodata
  00000564    00000564    00000008   00000008    r-- .log_data
  00000570    00000570    00003cf0   00003cf0    r-x .text.1
  00004260    00004260    000000bc   000000bc    r-- .cinit
000a8000    000a8000    00004000   00000000    rw-
  000a8000    000a8000    00004000   00000000    rw- .TI.bound:flashBuf0
000ae000    000ae000    00002000   00002000    r-x
  000ae000    000ae000    00001fa8   00001fa8    r-x .text.2
  000affa8    000affa8    00000058   00000058    r-- .ccfg
20000000    20000000    00000f34   00000000    rw-
  20000000    20000000    000000d8   00000000    rw- .ramVecs
  200000d8    200000d8    00000968   00000000    rw- .bss.1
  20000a40    20000a40    000004f4   00000000    rw- .data
20001810    20001810    00000020   00000000    rw-
  20001810    20001810    00000010   00000000    rw- .TI.bound:dmaUart0RxControlTableEntry
  20001820    20001820    00000010   00000000    rw- .TI.bound:dmaUart0TxControlTableEntry
20001830    20001830    00005000   00000000    rw-
  20001830    20001830    00005000   00000000    rw- .bss.2
200239c0    200239c0    00000640   00000000    rw-
  200239c0    200239c0    00000640   00000000    rw- .stack


SECTION ALLOCATION MAP

 output                                  attributes/
section   page    origin      length       input sections
--------  ----  ----------  ----------   ----------------
.resetVecs 
*          0    00000000    000000d8     
                  00000000    000000d8     ti_freertos_config.obj (.resetVecs)

.rodata    0    000000e0    00000481     
                  000000e0    00000101     libc.a : aeabi_ctype.S.obj (.rodata:__aeabi_ctype_table_)
                  000001e1    00000003     ______uart_transport_c.obj (.rodata.str1.6579287690892962778.1)
                  000001e4    00000058     ti_drivers_config.obj (.rodata.uart2CC26X2HWAttrs)
                  0000023c    00000054     drivers_cc13x2x7.a : PowerCC26X2.c.obj (.rodata.resourceDB)
                  00000290    00000049     ______sensor_ncp_c.obj (.rodata.str1.3369817407862316057.1)
                  000002d9    0000002e     ______uart_transport_c.obj (.rodata.str1.15153934755300249513.1)
                  00000307    0000002a     ______uart_transport_c.obj (.rodata.str1.5481428664966864091.1)
                  00000331    00000027     ______uart_transport_c.obj (.rodata.str1.1945669344735056367.1)
                  00000358    00000024     drivers_cc13x2x7.a : UART2.c.obj (.rodata.UART2_defaultParams)
                  0000037c    00000020     ti_freertos_config.obj (.rodata.cst16)
                  0000039c    00000020     ______uart_transport_c.obj (.rodata.str1.8581968638047222752.1)
                  000003bc    0000001f     ______uart_transport_c.obj (.rodata.str1.8299978970874504832.1)
                  000003db    00000015     ______uart_transport_c.obj (.rodata.str1.8320610894295765997.1)
                  000003f0    00000014     ti_drivers_config.obj (.rodata.PowerCC26X2_config)
                  00000404    00000014     ti_freertos_config.obj (.rodata.defaultPthreadAttrs)
                  00000418    00000014     ti_drivers_config.obj (.rodata.itmCC26XXHWAttrs)
                  0000042c    00000014     ______uart_transport_c.obj (.rodata.str1.1617765725162052609.1)
                  00000440    00000012     ______uart_transport_c.obj (.rodata.str1.822551843487411985.1)
                  00000452    00000011     libc.a : _printfi.c.obj (.rodata.str1.10348868589481759720.1)
                  00000463    00000011            : _printfi.c.obj (.rodata.str1.15363888844622738466.1)
                  00000474    00000010     ti_drivers_config.obj (.rodata.GPIO_config)
                  00000484    0000000e     ______uart_transport_c.obj (.rodata.str1.7240188416106013546.1)
                  00000492    0000000d     ______uart_transport_c.obj (.rodata.str1.8937236141117858459.1)
                  0000049f    00000001     ti_drivers_config.obj (.rodata.GPIO_pinLowerBound)
                  000004a0    0000000c     ti_freertos_config.obj (.rodata.ClockP_defaultParams)
                  000004ac    0000000c     ti_freertos_config.obj (.rodata.TimerP_defaultParams)
                  000004b8    0000000c     maclib_secure_cc13x2x7_freertos.a : hmac_global.c.o (.rodata.str1.107744963962553000971)
                  000004c4    0000000c     ______uart_transport_c.obj (.rodata.str1.11624542197927291208.1)
                  000004d0    0000000b     ______uart_transport_c.obj (.rodata.str1.1296672912429488602.1)
                  000004db    0000000a     ______uart_transport_c.obj (.rodata.str1.15900183345853327769.1)
                  000004e5    00000009     maclib_secure_cc13x2x7_freertos.a : hmac_global.c.o (.rodata.str1.123948389864241791141)
                  000004ee    00000002     drivers_cc13x2x7.a : UART2CC26X2.c.obj (.rodata.stopBits)
                  000004f0    00000008     ti_drivers_config.obj (.rodata.UART2_config)
                  000004f8    00000008     ti_drivers_config.obj (.rodata.UDMACC26XX_config)
                  00000500    00000008     driverlib.lib : aux_sysif.c.obj (.rodata.cst4)
                  00000508    00000008     ti_freertos_config.obj (.rodata.str1.11002151636642979899.1)
                  00000510    00000008     ti_drivers_config.obj (.rodata.udmaCC26XXHWAttrs)
                  00000518    00000006     ______uart_transport_c.obj (.rodata.str1.102067044406865640.1)
                  0000051e    00000006     maclib_secure_cc13x2x7_freertos.a : hmac_global.c.o (.rodata.str1.7971802481850514511)
                  00000524    00000006     _Users_diegosmacbook_ti_simplelink_cc13xx_cc26xx_sdk_8_32_00_07_source_ti_ti_wisunfan_rcp_rcp_host_c.obj (.rodata.str1.9305795561194878761.1)
                  0000052a    00000005     drivers_cc13x2x7.a : UART2CC26X2.c.obj (.rodata.parityType)
                  0000052f    00000005                        : UART2CC26X2.c.obj (.rodata.rxFifoThreshold)
                  00000534    00000005     ______uart_transport_c.obj (.rodata.str1.12882519934377275294.1)
                  00000539    00000005     ti_freertos_config.obj (.rodata.str1.13660065704373571845.1)
                  0000053e    00000005     ______uart_transport_c.obj (.rodata.str1.4212034966724083215.1)
                  00000543    00000005     _Users_diegosmacbook_ti_simplelink_cc13xx_cc26xx_sdk_8_32_00_07_source_ti_ti_wisunfan_rcp_rcp_host_c.obj (.rodata.str1.6312874251959146123.1)
                  00000548    00000005     drivers_cc13x2x7.a : UART2CC26X2.c.obj (.rodata.txFifoThreshold)
                  0000054d    00000002     ti_freertos_config.obj (.rodata.str1.14936075829247396542.1)
                  0000054f    00000001     ti_drivers_config.obj (.rodata.GPIO_pinUpperBound)
                  00000550    00000004     ti_freertos_config.obj (.rodata.TimestampP_nativeFormat32)
                  00000554    00000004     ti_freertos_config.obj (.rodata.TimestampP_nativeFormat64)
                  00000558    00000004     drivers_cc13x2x7.a : UART2CC26X2.c.obj (.rodata.cst4)
                  0000055c    00000004     ti_freertos_config.obj (.rodata.uxTopUsedPriority)
                  00000560    00000001     ti_drivers_config.obj (.rodata.UART2_count)

.cinit     0    00004260    000000bc     
                  00004260    00000065     (.cinit..data.load) [load image, compression = lzss]
                  000042c5    00000003     --HOLE-- [fill = 0]
                  000042c8    0000000c     (__TI_handler_table)
                  000042d4    00000008     (.cinit..TI.bound:dmaUart0RxControlTableEntry.load) [load image, compression = zero_init]
                  000042dc    00000008     (.cinit..TI.bound:dmaUart0TxControlTableEntry.load) [load image, compression = zero_init]
                  000042e4    00000008     (.cinit..bss.1.load) [load image, compression = zero_init]
                  000042ec    00000008     (.cinit..bss.2.load) [load image, compression = zero_init]
                  000042f4    00000028     (__TI_cinit_table)

.init_array 
*          0    00000000    00000000     UNINITIALIZED

.ccfg      0    000affa8    00000058     
                  000affa8    00000058     ti_devices_config.obj (.ccfg)

.ramVecs   0    20000000    000000d8     UNINITIALIZED
                  20000000    000000d8     driverlib.lib : interrupt.c.obj (.ramVecs)

.data      0    20000a40    000004f4     UNINITIALIZED
                  20000a40    00000174     drivers_cc13x2x7.a : PowerCC26X2.c.obj (.data.PowerCC26X2_module)
                  20000bb4    000000d8     ti_freertos_config.obj (.data.HwiP_dispatchTable)
                  20000c8c    0000007c     ti_drivers_config.obj (.data.gpioPinConfigs)
                  20000d08    00000074     ti_freertos_config.obj (.data..L_MergedGlobals.13)
                  20000d7c    00000074     ti_freertos_config.obj (.data..L_MergedGlobals.14)
                  20000df0    00000070     ti_freertos_config.obj (.data..L_MergedGlobals.15)
                  20000e60    0000006c     ti_freertos_config.obj (.data..L_MergedGlobals)
                  20000ecc    00000010     driverlib.lib : osc.c.obj (.data..L_MergedGlobals)
                  20000edc    00000010     drivers_cc13x2x7.a : ITM.c.obj (.data..L_MergedGlobals)
                  20000eec    00000010     driverlib.lib : osc.c.obj (.data._hposcCoeffs)
                  20000efc    00000009     ti_freertos_portable_config.obj (.data..L_MergedGlobals)
                  20000f05    00000001     ti_freertos_config.obj (.data.ClockP_initialized)
                  20000f06    00000001     ti_freertos_config.obj (.data.TimerP_initialized)
                  20000f07    00000001     drivers_cc13x2x7.a : GPIOCC26X2.c.obj (.data.initCalled)
                  20000f08    00000008     ti_freertos_config.obj (.data.TimerPCC26XX_hooks)
                  20000f10    00000004     drivers_cc13x2x7.a : PowerCC26X2.c.obj (.data.PowerCC26X2_rtcSubSecInc)
                  20000f14    00000004     ti_drivers_config.obj (.data.itmHwAttrs)
                  20000f18    00000004     ti_freertos_config.obj (.data.pxCurrentTCB)
                  20000f1c    00000004     maclib_secure_cc13x2x7_freertos.a : hmac_global.c.o (.data.ti154stack_lib_date)
                  20000f20    00000004                                       : hmac_global.c.o (.data.ti154stack_lib_time)
                  20000f24    00000004                                       : hmac_global.c.o (.data.ti154stack_lib_version)
                  20000f28    00000004     ti_freertos_portable_config.obj (.data.uxCriticalNesting)
                  20000f2c    00000004     _Users_diegosmacbook_ti_simplelink_cc13xx_cc26xx_sdk_8_32_00_07_source_ti_ti_wisunfan_rcp_rcp_host_c.obj (.data.wisun_protocol_version)
                  20000f30    00000004     _Users_diegosmacbook_ti_simplelink_cc13xx_cc26xx_sdk_8_32_00_07_source_ti_ti_wisunfan_rcp_rcp_host_c.obj (.data.wisun_stack_version)

.stack     0    200239c0    00000640     UNINITIALIZED
                  200239c0    00000004     libc.a : boot_cortex_m.c.obj (.stack)
                  200239c4    0000063c     --HOLE--

.TI.bound:flashBuf0 
*          0    000a8000    00004000     UNINITIALIZED
                  000a8000    00004000     ti_drivers_config.obj (.TI.bound:flashBuf0)

__llvm_prf_cnts 
*          0    20000000    00000000     UNINITIALIZED

__llvm_prf_bits 
*          0    20000000    00000000     UNINITIALIZED

.TI.bound:dmaUart0RxControlTableEntry 
*          0    20001810    00000010     UNINITIALIZED
                  20001810    00000010     ti_drivers_config.obj (.TI.bound:dmaUart0RxControlTableEntry)

.TI.bound:dmaUart0TxControlTableEntry 
*          0    20001820    00000010     UNINITIALIZED
                  20001820    00000010     ti_drivers_config.obj (.TI.bound:dmaUart0TxControlTableEntry)

.log_data 
*          0    00000564    00000008     
                  00000564    00000004     ti_freertos_config.obj (.log_data)
                  00000568    00000004     ti_freertos_config.obj (.log_data)

.args      0    000000d8    00000008     
                  000000d8    00000008     --HOLE-- [fill = 0]

.text.1    0    00000570    00003cf0     
                  00000570    00000104     drivers_cc13x2x7.a : UART2CC26X2.c.obj (.text.UART2CC26X2_initHw)
                  00000674    00000100                        : GPIOCC26X2.c.obj (.text.GPIO_init)
                  00000774    000000f0     driverlib.lib : sys_ctrl.c.obj (.text.NOROM_SysCtrlStandby)
                  00000864    000000f0     drivers_cc13x2x7.a : UART2CC26X2.c.obj (.text.UART2Support_dmaStartRx)
                  00000954    000000dc                        : ITM.c.obj (.text.ITM_open)
                  00000a30    000000d0     ti_freertos_config.obj (.text.ClockP_workFuncDynamic)
                  00000b00    000000d0     driverlib.lib : setup.c.obj (.text.NOROM_SetupTrimDevice)
                  00000bd0    000000d0     drivers_cc13x2x7.a : PowerCC26X2.c.obj (.text.configureXOSCHF)
                  00000ca0    000000d0     ti_freertos_config.obj (.text.xTaskRemoveFromEventList)
                  00000d70    000000cc     ti_freertos_config.obj (.text.pvPortMalloc)
                  00000e3c    000000c4     ti_freertos_config.obj (.text.PowerCC26XX_standbyPolicy)
                  00000f00    000000c4     ti_freertos_config.obj (.text.SwiP_construct)
                  00000fc4    000000c0     drivers_cc13x2x7.a : UART2CC26X2.c.obj (.text.UART2Support_dmaStartTx)
                  00001084    000000c0     ti_freertos_config.obj (.text.pthread_create)
                  00001144    000000bc     ti_freertos_config.obj (.text.vTaskDelete)
                  00001200    000000bc     ti_freertos_config.obj (.text.vTaskSuspend)
                  000012bc    000000b8     ti_freertos_config.obj (.text.xTaskPriorityInherit)
                  00001374    000000b0     drivers_cc13x2x7.a : GPIOCC26XX.c.obj (.text.GPIO_setConfigAndMux)
                  00001424    000000b0                        : PowerCC26X2.c.obj (.text.Power_setDependency)
                  000014d4    000000b0     libclang_rt.builtins.a : udivmoddi4.S.obj (.text)
                  00001584    000000ac     drivers_cc13x2x7.a : PowerCC26X2.c.obj (.text.Power_releaseDependency)
                  00001630    000000ac     driverlib.lib : setup.c.obj (.text.TrimAfterColdResetWakeupFromShutDown)
                  000016dc    000000a4     ti_freertos_config.obj (.text.ClockP_startup)
                  00001780    000000a4     ti_freertos_config.obj (.text.prvAddCurrentTaskToDelayedList)
                  00001824    0000009c     ti_freertos_config.obj (.text.ClockP_start)
                  000018c0    0000009c     ti_freertos_config.obj (.text.TimerP_construct)
                  0000195c    00000098     ti_freertos_config.obj (.text.SwiP_dispatch)
                  000019f4    00000098     ti_freertos_config.obj (.text.xQueueGenericReset)
                  00001a8c    00000088     ti_freertos_config.obj (.text.HwiP_construct)
                  00001b14    00000088     ti_freertos_config.obj (.text.xTaskPriorityDisinherit)
                  00001b9c    00000080     drivers_cc13x2x7.a : UART2CC26X2.c.obj (.text.UART2Support_dmaStopTx)
                  00001c1c    0000007c     ti_freertos_config.obj (.text.vTaskSwitchContext)
                  00001c98    00000078     ti_freertos_config.obj (.text.prvInitialiseNewTask)
                  00001d10    00000078     ti_freertos_config.obj (.text.xQueueReceiveFromISR)
                  00001d88    00000074     drivers_cc13x2x7.a : PowerCC26X2_calibrateRCOSC_helpers.c.obj (.text.PowerCC26X2_updateSubSecInc)
                  00001dfc    00000074     libc.a : copy_decompress_lzss.c.obj (.text:decompress:lzss)
                  00001e70    00000070     ti_freertos_config.obj (.text.prvCheckForValidListAndQueue)
                  00001ee0    00000070     ti_freertos_config.obj (.text.prvCopyDataToQueue)
                  00001f50    00000070     ti_freertos_config.obj (.text.prvUnlockQueue)
                  00001fc0    0000006c     drivers_cc13x2x7.a : PowerCC26X2.c.obj (.text.oscillatorISR)
                  0000202c    00000068     ti_freertos_config.obj (.text.SwiP_post)
                  00002094    00000068     drivers_cc13x2x7.a : UART2CC26X2.c.obj (.text.UART2Support_dmaStopRx)
                  000020fc    00000068     ti_freertos_config.obj (.text.vTaskStartScheduler)
                  00002164    00000068     ti_freertos_config.obj (.text.xQueueGiveFromISR)
                  000021cc    00000066     drivers_cc13x2x7.a : ITM.c.obj (.text.ITM_sendBufferAtomic)
                  00002232    00000002     ti_drivers_config.obj (.text.Board_initHook)
                  00002234    00000064     driverlib.lib : osc.c.obj (.text.NOROM_OSCHF_AttemptToSwitchToXosc)
                  00002298    00000064     drivers_cc13x2x7.a : PowerCC26X2_calibrateRCOSC.c.obj (.text.PowerCC26X2_initiateCalibration)
                  000022fc    00000064                        : UDMACC26XX.c.obj (.text.UDMACC26XX_open)
                  00002360    00000064     ti_freertos_portable_config.obj (.text.xPortPendSVHandler)
                  000023c4    0000005c     ti_freertos_config.obj (.text.ClockP_walkQueueDynamic)
                  00002420    00000058     drivers_cc13x2x7.a : ITM.c.obj (.text.ITM_commonFlush)
                  00002478    00000058     ti_freertos_config.obj (.text.TimerP_dynamicStub)
                  000024d0    00000058     ______freertos_main_freertos_c.obj (.text.main)
                  00002528    00000058     ti_freertos_config.obj (.text.prvIdleTask)
                  00002580    00000058     ti_freertos_config.obj (.text.xTaskCreate)
                  000025d8    00000056     ti_freertos_config.obj (.text.pthread_exit)
                  0000262e    00000054     ti_freertos_config.obj (.text.memalign)
                  00002682    00000002     drivers_cc13x2x7.a : UART2CC26X2.c.obj (.text.UART2CC26X2_eventCallback)
                  00002684    00000050     ti_drivers_config.obj (.text.Board_shutDownExtFlash)
                  000026d4    0000004e     ti_drivers_config.obj (.text.Board_sendExtFlashByte)
                  00002722    00000002     libclang_rt.builtins.a : aeabi_div0.c.obj (.text.__aeabi_ldiv0)
                  00002724    0000004c     ti_freertos_config.obj (.text.ClockP_getTicksUntilInterrupt)
                  00002770    0000004c     ti_freertos_config.obj (.text.TimerP_start)
                  000027bc    0000004c     ti_freertos_config.obj (.text.prvInsertBlockIntoFreeList)
                  00002808    0000004c     drivers_cc13x2x7.a : PowerCC26X2.c.obj (.text.switchXOSCHF)
                  00002854    0000004c     ti_freertos_config.obj (.text.vPortFree)
                  000028a0    0000004c     ti_freertos_config.obj (.text.xTaskCheckForTimeOut)
                  000028ec    0000004c     ti_freertos_config.obj (.text.xTaskCreateStatic)
                  00002938    0000004a     ti_freertos_config.obj (.text.realloc)
                  00002982    00000002     ti_freertos_config.obj (.text.busFaultHandler)
                  00002984    00000048     ti_freertos_config.obj (.text.ClockP_construct)
                  000029cc    00000048     drivers_cc13x2x7.a : UART2.c.obj (.text.UART2_readFull)
                  00002a14    00000048     libc.a : snprintf.c.obj (.text.snprintf)
                  00002a5c    00000048     ti_freertos_portable_config.obj (.text.xPortStartScheduler)
                  00002aa4    00000048     ti_freertos_config.obj (.text.xTimerCreateTimerTask)
                  00002aec    00000046     drivers_cc13x2x7.a : RingBuf.c.obj (.text.RingBuf_put)
                  00002b32    00000046     ti_freertos_config.obj (.text.vQueueWaitForMessageRestricted)
                  00002b78    00000046     ti_freertos_config.obj (.text.xQueueGenericCreate)
                  00002bbe    00000002     drivers_cc13x2x7.a : PowerCC26X2.c.obj (.text.emptyClockFunc)
                  00002bc0    00000044     ti_freertos_config.obj (.text.ClockP_getSystemTicks)
                  00002c04    00000044     drivers_cc13x2x7.a : GPIOCC26X2.c.obj (.text.GPIO_hwiIntFxn)
                  00002c48    00000044     driverlib.lib : prcm.c.obj (.text.NOROM_PRCMPowerDomainsAllOff)
                  00002c8c    00000044                   : prcm.c.obj (.text.NOROM_PRCMPowerDomainsAllOn)
                  00002cd0    00000044     libc.a : atoi.c.obj (.text.atoi)
                  00002d14    00000044     ti_freertos_config.obj (.text.removeThreadKeys)
                  00002d58    00000040     ti_freertos_config.obj (.text.ClockP_getTicks)
                  00002d98    00000040     drivers_cc13x2x7.a : PowerCC26X2_calibrateRCOSC.c.obj (.text.PowerCC26X2_RCOSC_clockFunc)
                  00002dd8    00000040                        : PowerCC26X2_calibrateRCOSC_helpers.c.obj (.text.PowerCC26X2_setAclkRefSrc)
                  00002e18    00000040     ti_freertos_config.obj (.text.__aeabi_errno_addr)
                  00002e58    00000040     ti_freertos_config.obj (.text.prvProcessExpiredTimer)
                  00002e98    00000040     ti_freertos_config.obj (.text.prvSampleTimeNow)
                  00002ed8    00000040     ti_freertos_config.obj (.text.vTaskPlaceOnEventListRestricted)
                  00002f18    0000003c     drivers_cc13x2x7.a : GPIO.c.obj (.text.GPIO_resetConfig)
                  00002f54    0000003c     driverlib.lib : osc.c.obj (.text.NOROM_OSC_HPOSCRelativeFrequencyOffsetGet)
                  00002f90    0000003c     drivers_cc13x2x7.a : PowerCC26X2_calibrateRCOSC_helpers.c.obj (.text.PowerCC26X2_setTdcClkSrc24M)
                  00002fcc    0000003c     ti_freertos_config.obj (.text.prvInsertTimerInActiveList)
                  00003008    00000038     driverlib.lib : aux_sysif.c.obj (.text.NOROM_AUXSYSIFOpModeChange)
                  00003040    00000038                   : osc.c.obj (.text.NOROM_OSCHF_SwitchToRcOscTurnOffXosc)
                  00003078    00000038                   : osc.c.obj (.text.OSCHfSourceSwitch)
                  000030b0    00000038     drivers_cc13x2x7.a : PowerCC26X2_helpers.c.obj (.text.PowerCC26X2_oscDisableQualifiers)
                  000030e8    00000038                        : RingBuf.c.obj (.text.RingBuf_putAdvance)
                  00003120    00000038                        : UART2.c.obj (.text.UART2_rxEnable)
                  00003158    00000038     ______sensor_ncp_c.obj (.text.mainThread)
                  00003190    00000038     libc.a : autoinit.c.obj (.text:__TI_auto_init_nobinit_nopinit)
                  000031c8    00000034     drivers_cc13x2x7.a : PowerCC26X2_helpers.c.obj (.text.PowerCC26X2_setSubSecIncToXoscLf)
                  000031fc    00000034                        : PowerCC26X2.c.obj (.text.Power_releaseConstraint)
                  00003230    00000034                        : UART2CC26X2.c.obj (.text.UART2Support_sendData)
                  00003264    00000034     ti_freertos_config.obj (.text.calloc)
                  00003298    00000034     ti_freertos_config.obj (.text.localProgramStart)
                  000032cc    00000034     ti_freertos_config.obj (.text.prvGetExpectedIdleTime)
                  00003300    00000034     ti_freertos_config.obj (.text.vTaskDelay)
                  00003334    00000032     ti_freertos_config.obj (.text.malloc)
                  00003366    00000002     ti_freertos_config.obj (.text.faultISR)
                  00003368    00000030     ti_drivers_config.obj (.text.Board_wakeUpExtFlash)
                  00003398    00000030     ti_freertos_config.obj (.text.HwiP_dispatch)
                  000033c8    00000030     drivers_cc13x2x7.a : PowerCC26X2.c.obj (.text.Power_setConstraint)
                  000033f8    00000030     libc.a : snprintf.c.obj (.text._outs)
                  00003428    00000030     drivers_cc13x2x7.a : PowerCC26X2.c.obj (.text.notify)
                  00003458    00000030     ti_freertos_config.obj (.text.usleep)
                  00003488    00000030     libc.a : boot_cortex_m.c.obj (.text:_c_int00)
                  000034b8    0000002e     drivers_cc13x2x7.a : RingBuf.c.obj (.text.RingBuf_getConsume)
                  000034e6    0000002e                        : RingBuf.c.obj (.text.RingBuf_putPointer)
                  00003514    0000002e     ti_freertos_config.obj (.text.vListInsert)
                  00003542    00000002     ti_freertos_config.obj (.text.intDefaultHandler)
                  00003544    0000002c     driverlib.lib : interrupt.c.obj (.text.NOROM_IntRegister)
                  00003570    0000002c     drivers_cc13x2x7.a : UART2CC26X2.c.obj (.text.UART2CC26X2_getRxData)
                  0000359c    0000002c                        : UART2CC26X2.c.obj (.text.UART2Support_enableInts)
                  000035c8    0000002c     ti_freertos_config.obj (.text.eTaskConfirmSleepModeStatus)
                  000035f4    0000002c     ti_freertos_config.obj (.text.initializeStack)
                  00003620    0000002c     ti_freertos_config.obj (.text.vTaskStepTick)
                  0000364c    0000002c     ti_freertos_portable_config.obj (.text.xPortSysTickHandler)
                  00003678    0000002a     ti_freertos_config.obj (.text.SemaphoreP_constructBinary)
                  000036a2    0000002a     drivers_cc13x2x7.a : UART2CC26X2.c.obj (.text.UART2Support_powerRelConstraint)
                  000036cc    00000028                        : ITM.c.obj (.text.ITM_commonRestore)
                  000036f4    00000028     ti_freertos_config.obj (.text.SemaphoreP_pend)
                  0000371c    00000028     ti_freertos_config.obj (.text.TimerP_setNextTick)
                  00003744    00000028     ti_freertos_config.obj (.text.TimerP_setThreshold)
                  0000376c    00000028     ti_freertos_portable_config.obj (.text.prvPortStartFirstTask)
                  00003794    00000028     ti_freertos_portable_config.obj (.text.vPortSetupTimerInterrupt)
                  000037bc    00000026     drivers_cc13x2x7.a : UART2CC26X2.c.obj (.text.UART2Support_powerSetConstraint)
                  000037e2    00000026     ti_freertos_config.obj (.text.prvReloadTimer)
                  00003808    00000026     ______sensor_ncp_c.obj (.text.swoWriteLine)
                  0000382e    00000026     ti_freertos_config.obj (.text.xQueueGenericCreateStatic)
                  00003854    00000024     ti_freertos_config.obj (.text.HwiP_disable)
                  00003878    00000024     drivers_cc13x2x7.a : List.c.obj (.text.List_put)
                  0000389c    00000024     driverlib.lib : osc.c.obj (.text.NOROM_OSCHF_TurnOnXosc)
                  000038c0    00000024     drivers_cc13x2x7.a : PowerCC26X2_calibrateRCOSC_helpers.c.obj (.text.PowerCC26X2_writeCtrim)
                  000038e4    00000024                        : PowerCC26X2_calibrateRCOSC_helpers.c.obj (.text.PowerCC26X2_writeCtrimFract)
                  00003908    00000024                        : PowerCC26X2_calibrateRCOSC_helpers.c.obj (.text.PowerCC26X2_writeCtrimFractEn)
                  0000392c    00000024                        : PowerCC26X2_calibrateRCOSC_helpers.c.obj (.text.PowerCC26X2_writeRtrim)
                  00003950    00000024                        : PowerCC26X2.c.obj (.text.Power_registerNotify)
                  00003974    00000024     ti_freertos_config.obj (.text.prvCopyDataFromQueue)
                  00003998    00000024     ti_freertos_config.obj (.text.prvResetNextTaskUnblockTime)
                  000039bc    00000024     ti_freertos_portable_config.obj (.text.pxPortInitialiseStack)
                  000039e0    00000024     ti_freertos_config.obj (.text.uxListRemove)
                  00003a04    0000000c     ti_freertos_config.obj (.text.ClockP_doTick)
                  00003a10    00000024     ti_freertos_portable_config.obj (.text.vPortSVCHandler)
                  00003a34    00000022     drivers_cc13x2x7.a : RingBuf.c.obj (.text.RingBuf_getPointer)
                  00003a56    00000022                        : UART2.c.obj (.text.UART2_read)
                  00003a78    00000022     libc.a : memccpy.c.obj (.text.memccpy)
                  00003a9a    00000002     ti_freertos_config.obj (.text.nmiISR)
                  00003a9c    00000020     ti_freertos_config.obj (.text.ClockP_scheduleNextTick)
                  00003abc    00000020     driverlib.lib : chipinfo.c.obj (.text.NOROM_ThisLibraryIsFor_CC13x2x7_CC26x2x7_HaltIfViolated)
                  00003adc    00000020     drivers_cc13x2x7.a : PowerCC26X2_helpers.c.obj (.text.PowerCC26X2_disableTCXOQual)
                  00003afc    00000020                        : PowerCC26X2_helpers.c.obj (.text.PowerCC26X2_enableTCXOQual)
                  00003b1c    00000020     ti_freertos_config.obj (.text.SemaphoreP_post)
                  00003b3c    00000020     ti_freertos_config.obj (.text.prvDeleteTCB)
                  00003b5c    00000020     ti_freertos_config.obj (.text.prvInitialiseNewQueue)
                  00003b7c    00000020     ti_freertos_portable_config.obj (.text.prvTaskExitError)
                  00003b9c    00000020     ti_freertos_portable_config.obj (.text.vPortEnterCritical)
                  00003bbc    00000020     ti_freertos_config.obj (.text.vTaskPlaceOnEventList)
                  00003bdc    00000020     ti_freertos_config.obj (.text.vTaskSetApplicationTaskTag)
                  00003bfc    0000001e     drivers_cc13x2x7.a : ITM.c.obj (.text.ITM_send32Atomic)
                  00003c1a    0000001e                        : ITM.c.obj (.text.ITM_send8Atomic)
                  00003c38    0000001e     ti_freertos_config.obj (.text.QueueP_put)
                  00003c56    0000001e     drivers_cc13x2x7.a : UART2.c.obj (.text.UART2_writeTimeout)
                  00003c74    0000001e     libc.a : memcmp.c.obj (.text.memcmp)
                  00003c92    00000002     ti_freertos_config.obj (.text.vApplicationStackOverflowHook)
                  00003c94    0000001c     drivers_cc13x2x7.a : ITMCC26XX.c.obj (.text.ITM_applyPinMux)
                  00003cb0    0000001c                        : PowerCC26X2.c.obj (.text.Power_getTransitionLatency)
                  00003ccc    0000001c     ______uart_transport_c.obj (.text.uartWrite)
                  00003ce8    0000001c     ti_freertos_config.obj (.text.xTaskGetApplicationTaskTag)
                  00003d04    0000001a     ti_freertos_config.obj (.text.QueueP_get)
                  00003d1e    00000002     --HOLE-- [fill = 0]
                  00003d20    00000018     drivers_cc13x2x7.a : GPIOCC26XX.c.obj (.text.GPIO_disableInt)
                  00003d38    00000018     ti_freertos_config.obj (.text.HwiP_restore)
                  00003d50    00000018     drivers_cc13x2x7.a : ITMCC26XX.c.obj (.text.ITMCC26XX_flush)
                  00003d68    00000018                        : ITMCC26XX.c.obj (.text.ITMCC26XX_restore)
                  00003d80    00000018                        : PowerCC26X2.c.obj (.text.PowerCC26XX_calibrate)
                  00003d98    00000018                        : PowerCC26X2.c.obj (.text.Power_idleFunc)
                  00003db0    00000018     libc.a : snprintf.c.obj (.text._outc)
                  00003dc8    00000018     ti_freertos_config.obj (.text.prvIsQueueEmpty)
                  00003de0    00000018     ti_freertos_config.obj (.text.pvTaskIncrementMutexHeldCount)
                  00003df8    00000018     drivers_cc13x2x7.a : UART2CC26X2.c.obj (.text.uartDmaDisable)
                  00003e10    00000018                        : UART2CC26X2.c.obj (.text.uartDmaEnable)
                  00003e28    00000018     ______uart_transport_c.obj (.text.uartWriteLine)
                  00003e40    00000018     ti_freertos_portable_config.obj (.text.vPortExitCritical)
                  00003e58    00000016     ti_drivers_config.obj (.text.Board_init)
                  00003e6e    00000016     ti_freertos_config.obj (.text.SwiP_handleHwi)
                  00003e84    00000016     ti_freertos_config.obj (.text.vListInsertEnd)
                  00003e9a    00000002     --HOLE-- [fill = 0]
                  00003e9c    00000014     drivers_cc13x2x7.a : ITM.c.obj (.text.ITM_disablePCAndEventSampling)
                  00003eb0    00000014     ti_freertos_config.obj (.text.PTLS_taskDeleteHook)
                  00003ec4    00000014     ti_freertos_config.obj (.text.TimerP_startup)
                  00003ed8    00000014     drivers_cc13x2x7.a : UART2CC26X2.c.obj (.text.UART2CC26X2_postNotifyFxn)
                  00003eec    00000014     libc.a : args_main.c.obj (.text._args_main)
                  00003f00    00000014     ti_freertos_config.obj (.text.pthread_attr_init)
                  00003f14    00000014     ti_freertos_portable_config.obj (.text.vPortEnableVFP)
                  00003f28    00000014     libclang_rt.builtins.a : aeabi_uldivmod.S.obj (.text)
                  00003f3c    00000012     ti_freertos_config.obj (.text.HwiP_Params_init)
                  00003f4e    00000012     ti_freertos_config.obj (.text.pthread_attr_setschedparam)
                  00003f60    00000012     libc.a : memcpy_t2.S.obj (.text:TI_memcpy_small)
                  00003f72    00000002     --HOLE-- [fill = 0]
                  00003f74    00000012     libclang_rt.builtins.a : aeabi_memset.S.obj (.text)
                  00003f86    00000002     --HOLE-- [fill = 0]
                  00003f88    00000010     ti_freertos_config.obj (.text.ClockP_getCpuFreq)
                  00003f98    00000010     drivers_cc13x2x7.a : GPIOCC26XX.c.obj (.text.GPIO_write)
                  00003fa8    00000010                        : ITM.c.obj (.text.ITM_disableExceptionTrace)
                  00003fb8    00000010                        : PowerCC26X2_helpers.c.obj (.text.PowerCC26X2_oscCtlClearXtal)
                  00003fc8    00000010                        : PowerCC26X2_helpers.c.obj (.text.PowerCC26X2_prcmEnableCacheRetention)
                  00003fd8    00000010                        : PowerCC26X2_calibrateRCOSC_helpers.c.obj (.text.PowerCC26X2_readCtrim)
                  00003fe8    00000010                        : PowerCC26X2_calibrateRCOSC_helpers.c.obj (.text.PowerCC26X2_readCtrimFract)
                  00003ff8    00000010                        : PowerCC26X2_calibrateRCOSC_helpers.c.obj (.text.PowerCC26X2_readRtrim)
                  00004008    00000010                        : PowerCC26X2_helpers.c.obj (.text.PowerCC26X2_switchToTCXO)
                  00004018    00000010     ti_freertos_config.obj (.text.PowerCC26XX_schedulerDisable)
                  00004028    00000010     drivers_cc13x2x7.a : RingBuf.c.obj (.text.RingBuf_construct)
                  00004038    00000010                        : UART2CC26X2.c.obj (.text.UART2Support_txDone)
                  00004048    00000010     ti_freertos_config.obj (.text._pthread_runStub)
                  00004058    00000010     ti_freertos_config.obj (.text.resetISR)
                  00004068    00000010     libc.a : wcslen.c.obj (.text.wcslen)
                  00004078    00000010            : copy_zero_init.c.obj (.text:decompress:ZI)
                  00004088    0000000e     ti_freertos_config.obj (.text.HwiP_interruptsEnabled)
                  00004096    0000000e     ti_drivers_config.obj (.text.ITM_flush)
                  000040a4    0000000e     ti_drivers_config.obj (.text.ITM_restore)
                  000040b2    0000000e     drivers_cc13x2x7.a : PowerCC26X2.c.obj (.text.OUTLINED_FUNCTION_0)
                  000040c0    0000000e                        : UART2.c.obj (.text.UART2_write)
                  000040ce    0000000e     ______sensor_ncp_c.obj (.text.strlen)
                  000040dc    0000000e     ______uart_transport_c.obj (.text.strlen)
                  000040ea    0000000e     libc.a : _printfi.c.obj (.text.strlen)
                  000040f8    0000000e     drivers_cc13x2x7.a : PowerCC26X2.c.obj (.text.switchToTCXO)
                  00004106    0000000e     libc.a : memset_t2.S.obj (.text:TI_memset_small)
                  00004114    0000000e            : copy_decompress_none.c.obj (.text:decompress:none)
                  00004122    00000002     --HOLE-- [fill = 0]
                  00004124    0000000c     drivers_cc13x2x7.a : PowerCC26X2_helpers.c.obj (.text.PowerCC26X2_oscClockSourceGet)
                  00004130    0000000c                        : PowerCC26X2_helpers.c.obj (.text.PowerCC26X2_setPeriphDeepSleepEnable)
                  0000413c    0000000c                        : PowerCC26X2_helpers.c.obj (.text.PowerCC26X2_sysCtrlGetResetSource)
                  00004148    0000000c                        : PowerCC26X2_helpers.c.obj (.text.PowerCC26X2_sysCtrlUpdateVoltageRegulator)
                  00004154    0000000c                        : PowerCC26X2.c.obj (.text.Power_getConstraintMask)
                  00004160    0000000c                        : UART2CC26X2.c.obj (.text.UART2Support_disableTx)
                  0000416c    0000000c                        : UART2CC26X2.c.obj (.text.UART2Support_enableRx)
                  00004178    0000000c                        : UART2CC26X2.c.obj (.text.UART2Support_enableTx)
                  00004184    0000000c                        : UART2.c.obj (.text.UART2_Params_init)
                  00004190    0000000c     ti_freertos_config.obj (.text.free)
                  0000419c    0000000c     ti_freertos_config.obj (.text.pthread_attr_setdetachstate)
                  000041a8    0000000c     ti_freertos_config.obj (.text.pthread_self)
                  000041b4    0000000c     ti_freertos_config.obj (.text.vQueueDelete)
                  000041c0    0000000a     ti_freertos_config.obj (.text.ClockP_Params_init)
                  000041ca    0000000a     drivers_cc13x2x7.a : PowerCC26X2_helpers.c.obj (.text.PowerCC26X2_sysCtrlStandby)
                  000041d4    0000000a                        : UDMACC26XX.c.obj (.text.UDMACC26XX_hwiIntFxn)
                  000041de    00000008     driverlib.lib : cpu.c.obj (.text.NOROM_CPUcpsid)
                  000041e6    00000008                   : cpu.c.obj (.text.NOROM_CPUcpsie)
                  000041ee    00000008     drivers_cc13x2x7.a : PowerCC26X2_helpers.c.obj (.text.PowerCC26X2_oschfTrySwitchToXosc)
                  000041f6    00000006     ti_freertos_config.obj (.text.ClockP_stop)
                  000041fc    00000006     drivers_cc13x2x7.a : GPIOCC26XX.c.obj (.text.GPIO_setConfig)
                  00004202    00000006     driverlib.lib : cpu.c.obj (.text.NOROM_CPUbasepriGet)
                  00004208    00000006                   : cpu.c.obj (.text.NOROM_CPUdelay)
                  0000420e    00000006     ______uart_transport_c.obj (.text.OUTLINED_FUNCTION_0)
                  00004214    00000006     drivers_cc13x2x7.a : UART2.c.obj (.text.OUTLINED_FUNCTION_0)
                  0000421a    00000006                        : UART2.c.obj (.text.OUTLINED_FUNCTION_1)
                  00004220    00000006     ti_freertos_config.obj (.text.OUTLINED_FUNCTION_2)
                  00004226    00000006     ti_freertos_config.obj (.text.pthread_attr_setstacksize)
                  0000422c    00000006     libc.a : exit.c.obj (.text:abort)
                  00004232    00000004     ti_freertos_config.obj (.text.ClockP_getSystemTickPeriod)
                  00004236    00000004     libsysbm.a : hostexit.c.obj (.text.HOSTexit)
                  0000423a    00000004     drivers_cc13x2x7.a : PowerCC26X2_helpers.c.obj (.text.PowerCC26X2_oschfSwitchToRcosc)
                  0000423e    00000004                        : PowerCC26X2_helpers.c.obj (.text.PowerCC26X2_turnOnXosc)
                  00004242    00000004     ti_freertos_config.obj (.text.PowerCC26XX_schedulerRestore)
                  00004246    00000004     drivers_cc13x2x7.a : RingBuf.c.obj (.text.RingBuf_getCount)
                  0000424a    00000004     libc.a : pre_init.c.obj (.text._system_pre_init)
                  0000424e    00000004     ti_freertos_config.obj (.text.aligned_alloc)
                  00004252    00000004     drivers_cc13x2x7.a : PowerCC26X2.c.obj (.text.configureRFCoreClocks)
                  00004256    00000004                        : PowerCC26X2.c.obj (.text.nopResourceHandler)
                  0000425a    00000002     --HOLE-- [fill = 0]
                  0000425c    00000004     libclang_rt.builtins.a : aeabi_memcpy.S.obj (.text)

.text.2    0    000ae000    00001fa8     
                  000ae000    00000848     libc.a : _printfi.c.obj (.text:__TI_printfi_nofloat)
                  000ae848    000001f0     drivers_cc13x2x7.a : UART2CC26X2.c.obj (.text.UART2CC26X2_hwiIntFxn)
                  000aea38    000001d4                        : UART2.c.obj (.text.UART2_readTimeout)
                  000aec0c    00000194                        : PowerCC26X2_calibrateRCOSC.c.obj (.text.PowerCC26X2_auxISR)
                  000aeda0    0000018c                        : UART2CC26X2.c.obj (.text.UART2_open)
                  000aef2c    00000184     ______uart_transport_c.obj (.text.uartTransportRun)
                  000af0b0    0000016c     drivers_cc13x2x7.a : UART2.c.obj (.text.UART2_writeTimeoutBlocking)
                  000af21c    00000158                        : PowerCC26X2.c.obj (.text.Power_sleep)
                  000af374    00000158     ti_freertos_config.obj (.text.prvTimerTask)
                  000af4cc    00000148     ti_freertos_config.obj (.text.xQueueSemaphoreTake)
                  000af614    00000144     ti_freertos_config.obj (.text.prvAddNewTaskToReadyList)
                  000af758    00000130     ti_freertos_config.obj (.text.xTaskIncrementTick)
                  000af888    00000128     ti_freertos_config.obj (.text.xQueueGenericSend)
                  000af9b0    0000011c     ti_freertos_config.obj (.text.xTaskResumeAll)
                  000afacc    00000118     drivers_cc13x2x7.a : PowerCC26X2.c.obj (.text.Power_init)
                  000afbe4    00000118                        : UART2.c.obj (.text.UART2_writeTimeoutNonblocking)
                  000afcfc    0000010c                        : PowerCC26X2_calibrateRCOSC.c.obj (.text.PowerCC26X2_calibrate)
                  000afe08    0000010c     ti_freertos_config.obj (.text.xQueueReceive)
                  000aff14    00000094     ti_freertos_config.obj (.text.vTaskPriorityDisinheritAfterTimeout)

.bss.1     0    200000d8    00000968     UNINITIALIZED
                  200000d8    00000180     ti_freertos_config.obj (.bss.vApplicationGetIdleTaskMemory.uxIdleTaskStack)
                  20000258    00000180     ti_freertos_config.obj (.bss.vApplicationGetTimerTaskMemory.uxTimerTaskStack)
                  200003d8    00000170     (.common:uart2CC26X2Objects)
                  20000548    00000140     ti_freertos_config.obj (.bss.prvCheckForValidListAndQueue.ucStaticTimerQueueStorage)
                  20000688    000000c8     ti_freertos_config.obj (.bss.pxReadyTasksLists)
                  20000750    000000a8     ti_freertos_config.obj (.bss.ClockP_module)
                  200007f8    0000007c     (.common:gpioCallbackFunctions)
                  20000874    0000007c     (.common:gpioUserArgs)
                  200008f0    00000064     ti_freertos_config.obj (.bss.vApplicationGetIdleTaskMemory.xIdleTaskTCB)
                  20000954    00000064     ti_freertos_config.obj (.bss.vApplicationGetTimerTaskMemory.xTimerTaskTCB)
                  200009b8    00000020     ti_drivers_config.obj (.bss.uart2RxRingBuffer0)
                  200009d8    00000020     ti_drivers_config.obj (.bss.uart2TxRingBuffer0)
                  200009f8    00000020     (.common:udmaCC26XXObject)
                  20000a18    0000001c     drivers_cc13x2x7.a : GPIOCC26X2.c.obj (.bss.gpioHwi)
                  20000a34    00000008     ti_freertos_config.obj (.bss.xStart)
                  20000a3c    00000004     ti_freertos_config.obj (.bss.main_reent)

.bss.2     0    20001830    00005000     UNINITIALIZED
                  20001830    00005000     ti_freertos_config.obj (.bss.ucHeap)

MODULE SUMMARY

       Module                                                                                                     code    ro data   rw data
       ------                                                                                                     ----    -------   -------
    build/
       ti_freertos_config.obj                                                                                     9734    327       22830  
       ti_drivers_config.obj                                                                                      258     171       17256  
       ______uart_transport_c.obj                                                                                 460     328       0      
       ti_freertos_portable_config.obj                                                                            476     0         13     
       ______sensor_ncp_c.obj                                                                                     108     73        0      
       ______freertos_main_freertos_c.obj                                                                         88      0         0      
       ti_devices_config.obj                                                                                      0       88        0      
       _Users_diegosmacbook_ti_simplelink_cc13xx_cc26xx_sdk_8_32_00_07_source_ti_ti_wisunfan_rcp_rcp_host_c.obj   0       11        8      
    +--+----------------------------------------------------------------------------------------------------------+-------+---------+---------+
       Total:                                                                                                     11124   998       40107  
                                                                                                                                           
    /Applications/ti/ti-cgt-armllvm_5.1.0.LTS/lib/armv7em-ti-none-eabihf/c/libc.a
       _printfi.c.obj                                                                                             2134    34        0      
       aeabi_ctype.S.obj                                                                                          0       257       0      
       snprintf.c.obj                                                                                             144     0         0      
       copy_decompress_lzss.c.obj                                                                                 116     0         0      
       atoi.c.obj                                                                                                 68      0         0      
       autoinit.c.obj                                                                                             56      0         0      
       boot_cortex_m.c.obj                                                                                        48      0         0      
       memccpy.c.obj                                                                                              34      0         0      
       memcmp.c.obj                                                                                               30      0         0      
       args_main.c.obj                                                                                            20      0         0      
       memcpy_t2.S.obj                                                                                            18      0         0      
       copy_zero_init.c.obj                                                                                       16      0         0      
       wcslen.c.obj                                                                                               16      0         0      
       copy_decompress_none.c.obj                                                                                 14      0         0      
       memset_t2.S.obj                                                                                            14      0         0      
       exit.c.obj                                                                                                 6       0         0      
       pre_init.c.obj                                                                                             4       0         0      
    +--+----------------------------------------------------------------------------------------------------------+-------+---------+---------+
       Total:                                                                                                     2738    291       0      
                                                                                                                                           
    /Applications/ti/ti-cgt-armllvm_5.1.0.LTS/lib/armv7em-ti-none-eabihf/c/libsysbm.a
       hostexit.c.obj                                                                                             4       0         0      
    +--+----------------------------------------------------------------------------------------------------------+-------+---------+---------+
       Total:                                                                                                     4       0         0      
                                                                                                                                           
    /Applications/ti/ti-cgt-armllvm_5.1.0.LTS/lib/armv7em-ti-none-eabihf/libclang_rt.builtins.a
       udivmoddi4.S.obj                                                                                           176     0         0      
       aeabi_uldivmod.S.obj                                                                                       20      0         0      
       aeabi_memset.S.obj                                                                                         18      0         0      
       aeabi_memcpy.S.obj                                                                                         4       0         0      
       aeabi_div0.c.obj                                                                                           2       0         0      
    +--+----------------------------------------------------------------------------------------------------------+-------+---------+---------+
       Total:                                                                                                     220     0         0      
                                                                                                                                           
    /Users/diegosmacbook/ti/simplelink_cc13xx_cc26xx_sdk_8_32_00_07/source/ti/devices/cc13x2x7_cc26x2x7/driverlib/bin/ticlang/driverlib.lib
       setup.c.obj                                                                                                380     0         0      
       osc.c.obj                                                                                                  308     0         32     
       interrupt.c.obj                                                                                            44      0         216    
       sys_ctrl.c.obj                                                                                             240     0         0      
       prcm.c.obj                                                                                                 136     0         0      
       aux_sysif.c.obj                                                                                            56      8         0      
       chipinfo.c.obj                                                                                             32      0         0      
       cpu.c.obj                                                                                                  28      0         0      
    +--+----------------------------------------------------------------------------------------------------------+-------+---------+---------+
       Total:                                                                                                     1224    8         248    
                                                                                                                                           
    /Users/diegosmacbook/ti/simplelink_cc13xx_cc26xx_sdk_8_32_00_07/source/ti/drivers/lib/ticlang/m4f/drivers_cc13x2x7.a
       UART2CC26X2.c.obj                                                                                          2158    21        0      
       PowerCC26X2.c.obj                                                                                          1674    84        376    
       UART2.c.obj                                                                                                1342    36        0      
       PowerCC26X2_calibrateRCOSC.c.obj                                                                           836     0         0      
       ITM.c.obj                                                                                                  546     0         16     
       PowerCC26X2_calibrateRCOSC_helpers.c.obj                                                                   432     0         0      
       GPIOCC26X2.c.obj                                                                                           324     0         29     
       PowerCC26X2_helpers.c.obj                                                                                  294     0         0      
       RingBuf.c.obj                                                                                              272     0         0      
       GPIOCC26XX.c.obj                                                                                           222     0         0      
       UDMACC26XX.c.obj                                                                                           110     0         0      
       ITMCC26XX.c.obj                                                                                            76      0         0      
       GPIO.c.obj                                                                                                 60      0         0      
       List.c.obj                                                                                                 36      0         0      
    +--+----------------------------------------------------------------------------------------------------------+-------+---------+---------+
       Total:                                                                                                     8382    141       421    
                                                                                                                                           
    /Users/diegosmacbook/ti/simplelink_cc13xx_cc26xx_sdk_8_32_00_07/source/ti/ti_wisunfan/lib/ticlang/m4f/maclib_secure_cc13x2x7_freertos.a
       hmac_global.c.o                                                                                            0       27        12     
    +--+----------------------------------------------------------------------------------------------------------+-------+---------+---------+
       Total:                                                                                                     0       27        12     
                                                                                                                                           
       Stack:                                                                                                     0       0         1600   
       Linker Generated:                                                                                          0       185       0      
    +--+----------------------------------------------------------------------------------------------------------+-------+---------+---------+
       Grand Total:                                                                                               23692   1650      42388  


LINKER GENERATED COPY TABLES

__TI_cinit_table @ 000042f4 records: 5, size/record: 8, table size: 40
	.data: load addr=00004260, load size=00000065 bytes, run addr=20000a40, run size=000004f4 bytes, compression=lzss
	.TI.bound:dmaUart0RxControlTableEntry: load addr=000042d4, load size=00000008 bytes, run addr=20001810, run size=00000010 bytes, compression=zero_init
	.TI.bound:dmaUart0TxControlTableEntry: load addr=000042dc, load size=00000008 bytes, run addr=20001820, run size=00000010 bytes, compression=zero_init
	.bss.1: load addr=000042e4, load size=00000008 bytes, run addr=200000d8, run size=00000968 bytes, compression=zero_init
	.bss.2: load addr=000042ec, load size=00000008 bytes, run addr=20001830, run size=00005000 bytes, compression=zero_init


LINKER GENERATED HANDLER TABLE

__TI_handler_table @ 000042c8 records: 3, size/record: 4, table size: 12
	index: 0, handler: __TI_zero_init
	index: 1, handler: __TI_decompress_lzss
	index: 2, handler: __TI_decompress_none


SEGMENT ATTRIBUTES

    id tag       seg value 
    -- ---       --- ----- 
     0 PHA_BOUND 3   (null)
     1 PHA_BOUND 6   (null)


GLOBAL SYMBOLS: SORTED ALPHABETICALLY BY Name 

address   name                                                   
-------   ----                                                   
00003e59  Board_init                                             
00002233  Board_initHook                                         
000026d5  Board_sendExtFlashByte                                 
00002685  Board_shutDownExtFlash                                 
00003369  Board_wakeUpExtFlash                                   
00004236  C$$EXIT                                                
000041c1  ClockP_Params_init                                     
00002985  ClockP_construct                                       
00003a05  ClockP_doTick                                          
00003f89  ClockP_getCpuFreq                                      
00004233  ClockP_getSystemTickPeriod                             
00002bc1  ClockP_getSystemTicks                                  
00002d59  ClockP_getTicks                                        
00002725  ClockP_getTicksUntilInterrupt                          
00003a9d  ClockP_scheduleNextTick                                
00001825  ClockP_start                                           
000016dd  ClockP_startup                                         
000041f7  ClockP_stop                                            
000023c5  ClockP_walkQueueDynamic                                
00000a31  ClockP_workFuncDynamic                                 
00000474  GPIO_config                                            
00003d21  GPIO_disableInt                                        
00002c05  GPIO_hwiIntFxn                                         
00000675  GPIO_init                                              
0000049f  GPIO_pinLowerBound                                     
0000054f  GPIO_pinUpperBound                                     
00002f19  GPIO_resetConfig                                       
000041fd  GPIO_setConfig                                         
00001375  GPIO_setConfigAndMux                                   
00003f99  GPIO_write                                             
00004237  HOSTexit                                               
00003f3d  HwiP_Params_init                                       
00001a8d  HwiP_construct                                         
00003855  HwiP_disable                                           
00003399  HwiP_dispatch                                          
00004089  HwiP_interruptsEnabled                                 
00003d39  HwiP_restore                                           
20000eb0  HwiP_swiPIntNum                                        
00003d51  ITMCC26XX_flush                                        
00003d69  ITMCC26XX_restore                                      
00003c95  ITM_applyPinMux                                        
00002421  ITM_commonFlush                                        
000036cd  ITM_commonRestore                                      
00003fa9  ITM_disableExceptionTrace                              
00003e9d  ITM_disablePCAndEventSampling                          
00004097  ITM_flush                                              
00000955  ITM_open                                               
000040a5  ITM_restore                                            
00003bfd  ITM_send32Atomic                                       
00003c1b  ITM_send8Atomic                                        
000021cd  ITM_sendBufferAtomic                                   
00003879  List_put                                               
00003009  NOROM_AUXSYSIFOpModeChange                             
00004203  NOROM_CPUbasepriGet                                    
000041df  NOROM_CPUcpsid                                         
000041e7  NOROM_CPUcpsie                                         
00004209  NOROM_CPUdelay                                         
00003545  NOROM_IntRegister                                      
00002235  NOROM_OSCHF_AttemptToSwitchToXosc                      
00003041  NOROM_OSCHF_SwitchToRcOscTurnOffXosc                   
0000389d  NOROM_OSCHF_TurnOnXosc                                 
00002f55  NOROM_OSC_HPOSCRelativeFrequencyOffsetGet              
00002c49  NOROM_PRCMPowerDomainsAllOff                           
00002c8d  NOROM_PRCMPowerDomainsAllOn                            
00000b01  NOROM_SetupTrimDevice                                  
00000775  NOROM_SysCtrlStandby                                   
00003abd  NOROM_ThisLibraryIsFor_CC13x2x7_CC26x2x7_HaltIfViolated
00003eb1  PTLS_taskDeleteHook                                    
00002d99  PowerCC26X2_RCOSC_clockFunc                            
000aec0d  PowerCC26X2_auxISR                                     
000afcfd  PowerCC26X2_calibrate                                  
000003f0  PowerCC26X2_config                                     
00003add  PowerCC26X2_disableTCXOQual                            
00003afd  PowerCC26X2_enableTCXOQual                             
00002299  PowerCC26X2_initiateCalibration                        
20000a40  PowerCC26X2_module                                     
00004125  PowerCC26X2_oscClockSourceGet                          
00003fb9  PowerCC26X2_oscCtlClearXtal                            
000030b1  PowerCC26X2_oscDisableQualifiers                       
0000423b  PowerCC26X2_oschfSwitchToRcosc                         
000041ef  PowerCC26X2_oschfTrySwitchToXosc                       
00003fc9  PowerCC26X2_prcmEnableCacheRetention                   
00003fd9  PowerCC26X2_readCtrim                                  
00003fe9  PowerCC26X2_readCtrimFract                             
00003ff9  PowerCC26X2_readRtrim                                  
00002dd9  PowerCC26X2_setAclkRefSrc                              
00004131  PowerCC26X2_setPeriphDeepSleepEnable                   
000031c9  PowerCC26X2_setSubSecIncToXoscLf                       
00002f91  PowerCC26X2_setTdcClkSrc24M                            
00004009  PowerCC26X2_switchToTCXO                               
0000413d  PowerCC26X2_sysCtrlGetResetSource                      
000041cb  PowerCC26X2_sysCtrlStandby                             
00004149  PowerCC26X2_sysCtrlUpdateVoltageRegulator              
0000423f  PowerCC26X2_turnOnXosc                                 
00001d89  PowerCC26X2_updateSubSecInc                            
000038c1  PowerCC26X2_writeCtrim                                 
000038e5  PowerCC26X2_writeCtrimFract                            
00003909  PowerCC26X2_writeCtrimFractEn                          
0000392d  PowerCC26X2_writeRtrim                                 
00003d81  PowerCC26XX_calibrate                                  
00004019  PowerCC26XX_schedulerDisable                           
00004243  PowerCC26XX_schedulerRestore                           
00000e3d  PowerCC26XX_standbyPolicy                              
00004155  Power_getConstraintMask                                
00003cb1  Power_getTransitionLatency                             
00003d99  Power_idleFunc                                         
000afacd  Power_init                                             
00003951  Power_registerNotify                                   
000031fd  Power_releaseConstraint                                
00001585  Power_releaseDependency                                
000033c9  Power_setConstraint                                    
00001425  Power_setDependency                                    
000af21d  Power_sleep                                            
00003d05  QueueP_get                                             
00003c39  QueueP_put                                             
00004029  RingBuf_construct                                      
000034b9  RingBuf_getConsume                                     
00004247  RingBuf_getCount                                       
00003a35  RingBuf_getPointer                                     
00002aed  RingBuf_put                                            
000030e9  RingBuf_putAdvance                                     
000034e7  RingBuf_putPointer                                     
00003679  SemaphoreP_constructBinary                             
000036f5  SemaphoreP_pend                                        
00003b1d  SemaphoreP_post                                        
00000f01  SwiP_construct                                         
0000195d  SwiP_dispatch                                          
0000202d  SwiP_post                                              
00003f61  TI_memcpy_small                                        
00004107  TI_memset_small                                        
20000f08  TimerPCC26XX_hooks                                     
000018c1  TimerP_construct                                       
00002479  TimerP_dynamicStub                                     
0000371d  TimerP_setNextTick                                     
00003745  TimerP_setThreshold                                    
00002771  TimerP_start                                           
00003ec5  TimerP_startup                                         
00000550  TimestampP_nativeFormat32                              
00000568  TimestampP_nativeFormat32_copy                         
00000554  TimestampP_nativeFormat64                              
00000564  TimestampP_nativeFormat64_copy                         
00004161  UART2Support_disableTx                                 
00000865  UART2Support_dmaStartRx                                
00000fc5  UART2Support_dmaStartTx                                
00002095  UART2Support_dmaStopRx                                 
00001b9d  UART2Support_dmaStopTx                                 
0000359d  UART2Support_enableInts                                
0000416d  UART2Support_enableRx                                  
00004179  UART2Support_enableTx                                  
000036a3  UART2Support_powerRelConstraint                        
000037bd  UART2Support_powerSetConstraint                        
00003231  UART2Support_sendData                                  
00004039  UART2Support_txDone                                    
00004185  UART2_Params_init                                      
000004f0  UART2_config                                           
00000560  UART2_count                                            
00000358  UART2_defaultParams                                    
000aeda1  UART2_open                                             
00003a57  UART2_read                                             
000029cd  UART2_readFull                                         
000aea39  UART2_readTimeout                                      
00003121  UART2_rxEnable                                         
000040c1  UART2_write                                            
00003c57  UART2_writeTimeout                                     
000af0b1  UART2_writeTimeoutBlocking                             
000afbe5  UART2_writeTimeoutNonblocking                          
000004f8  UDMACC26XX_config                                      
000041d5  UDMACC26XX_hwiIntFxn                                   
000022fd  UDMACC26XX_open                                        
20024000  __STACK_END                                            
00000640  __STACK_SIZE                                           
20024000  __STACK_TOP                                            
00000000  __TI_ATRegion0_region_sz                               
00000000  __TI_ATRegion0_src_addr                                
00000000  __TI_ATRegion0_trg_addr                                
00000000  __TI_ATRegion1_region_sz                               
00000000  __TI_ATRegion1_src_addr                                
00000000  __TI_ATRegion1_trg_addr                                
00000000  __TI_ATRegion2_region_sz                               
00000000  __TI_ATRegion2_src_addr                                
00000000  __TI_ATRegion2_trg_addr                                
000042f4  __TI_CINIT_Base                                        
0000431c  __TI_CINIT_Limit                                       
0000431c  __TI_CINIT_Warm                                        
000042c8  __TI_Handler_Table_Base                                
000042d4  __TI_Handler_Table_Limit                               
00003191  __TI_auto_init_nobinit_nopinit                         
00001dfd  __TI_decompress_lzss                                   
00004115  __TI_decompress_none                                   
ffffffff  __TI_pprof_out_hndl                                    
000ae001  __TI_printfi_nofloat                                   
ffffffff  __TI_prof_data_size                                    
ffffffff  __TI_prof_data_start                                   
00000000  __TI_static_base__                                     
00004079  __TI_zero_init                                         
000000e0  __aeabi_ctype_table_                                   
000000e0  __aeabi_ctype_table_C                                  
00002e19  __aeabi_errno_addr                                     
00002723  __aeabi_ldiv0                                          
00003f7f  __aeabi_memclr                                         
00003f7f  __aeabi_memclr4                                        
00003f7f  __aeabi_memclr8                                        
0000425d  __aeabi_memcpy                                         
0000425d  __aeabi_memcpy4                                        
0000425d  __aeabi_memcpy8                                        
00003f75  __aeabi_memset                                         
00003f75  __aeabi_memset4                                        
00003f75  __aeabi_memset8                                        
00003f29  __aeabi_uldivmod                                       
ffffffff  __binit__                                              
000000d8  __c_args__                                             
000affa8  __ccfg                                                 
UNDEFED   __mpu_init                                             
200239c0  __stack                                                
ffffffff  __start___llvm_prf_bits                                
ffffffff  __start___llvm_prf_cnts                                
ffffffff  __stop___llvm_prf_bits                                 
ffffffff  __stop___llvm_prf_cnts                                 
000014d5  __udivmoddi4                                           
00003eed  _args_main                                             
00003489  _c_int00                                               
20000eec  _hposcCoeffs                                           
UNDEFED   _system_post_cinit                                     
0000424b  _system_pre_init                                       
0000422d  abort                                                  
0000424f  aligned_alloc                                          
00002cd1  atoi                                                   
ffffffff  binit                                                  
00003265  calloc                                                 
000035c9  eTaskConfirmSleepModeStatus                            
00004191  free                                                   
200007f8  gpioCallbackFunctions                                  
20000c8c  gpioPinConfigs                                         
20000874  gpioUserArgs                                           
20000f14  itmHwAttrs                                             
00003299  localProgramStart                                      
000024d1  main                                                   
00003159  mainThread                                             
00003335  malloc                                                 
0000262f  memalign                                               
00003a79  memccpy                                                
00003c75  memcmp                                                 
00003f01  pthread_attr_init                                      
0000419d  pthread_attr_setdetachstate                            
00003f4f  pthread_attr_setschedparam                             
00004227  pthread_attr_setstacksize                              
00001085  pthread_create                                         
000025d9  pthread_exit                                           
000041a9  pthread_self                                           
00000d71  pvPortMalloc                                           
00003de1  pvTaskIncrementMutexHeldCount                          
20000f18  pxCurrentTCB                                           
000039bd  pxPortInitialiseStack                                  
00002939  realloc                                                
00004059  resetISR                                               
0000023c  resourceDB                                             
00002a15  snprintf                                               
20000f1c  ti154stack_lib_date                                    
20000f20  ti154stack_lib_time                                    
20000f24  ti154stack_lib_version                                 
200003d8  uart2CC26X2Objects                                     
000aef2d  uartTransportRun                                       
00000510  udmaCC26XXHWAttrs                                      
200009f8  udmaCC26XXObject                                       
00003459  usleep                                                 
000039e1  uxListRemove                                           
0000055c  uxTopUsedPriority                                      
00003c93  vApplicationStackOverflowHook                          
00003515  vListInsert                                            
00003e85  vListInsertEnd                                         
00003b9d  vPortEnterCritical                                     
00003e41  vPortExitCritical                                      
00002855  vPortFree                                              
00003a11  vPortSVCHandler                                        
00003795  vPortSetupTimerInterrupt                               
000041b5  vQueueDelete                                           
00002b33  vQueueWaitForMessageRestricted                         
00003301  vTaskDelay                                             
00001145  vTaskDelete                                            
00003bbd  vTaskPlaceOnEventList                                  
00002ed9  vTaskPlaceOnEventListRestricted                        
000aff15  vTaskPriorityDisinheritAfterTimeout                    
00003bdd  vTaskSetApplicationTaskTag                             
000020fd  vTaskStartScheduler                                    
00003621  vTaskStepTick                                          
00001201  vTaskSuspend                                           
00001c1d  vTaskSwitchContext                                     
00004069  wcslen                                                 
20000f2c  wisun_protocol_version                                 
20000f30  wisun_stack_version                                    
00002361  xPortPendSVHandler                                     
00002a5d  xPortStartScheduler                                    
0000364d  xPortSysTickHandler                                    
00002b79  xQueueGenericCreate                                    
0000382f  xQueueGenericCreateStatic                              
000019f5  xQueueGenericReset                                     
000af889  xQueueGenericSend                                      
00002165  xQueueGiveFromISR                                      
000afe09  xQueueReceive                                          
00001d11  xQueueReceiveFromISR                                   
000af4cd  xQueueSemaphoreTake                                    
000028a1  xTaskCheckForTimeOut                                   
00002581  xTaskCreate                                            
000028ed  xTaskCreateStatic                                      
00003ce9  xTaskGetApplicationTaskTag                             
000af759  xTaskIncrementTick                                     
00001b15  xTaskPriorityDisinherit                                
000012bd  xTaskPriorityInherit                                   
00000ca1  xTaskRemoveFromEventList                               
000af9b1  xTaskResumeAll                                         
00002aa5  xTimerCreateTimerTask                                  


GLOBAL SYMBOLS: SORTED BY Symbol Address 

address   name                                                   
-------   ----                                                   
00000000  __TI_ATRegion0_region_sz                               
00000000  __TI_ATRegion0_src_addr                                
00000000  __TI_ATRegion0_trg_addr                                
00000000  __TI_ATRegion1_region_sz                               
[...]
00000000  __TI_static_base__                                     
000000d8  __c_args__                                             
000000e0  __aeabi_ctype_table_                                   
000000e0  __aeabi_ctype_table_C                                  
0000023c  resourceDB                                             
00000358  UART2_defaultParams                                    
000003f0  PowerCC26X2_config                                     
00000474  GPIO_config                                            
0000049f  GPIO_pinLowerBound                                     
000004f0  UART2_config                                           
000004f8  UDMACC26XX_config                                      
00000510  udmaCC26XXHWAttrs                                      
0000054f  GPIO_pinUpperBound                                     
00000550  TimestampP_nativeFormat32                              
00000554  TimestampP_nativeFormat64                              
0000055c  uxTopUsedPriority                                      
00000560  UART2_count                                            
00000564  TimestampP_nativeFormat64_copy                         
00000568  TimestampP_nativeFormat32_copy                         
00000640  __STACK_SIZE                                           
00000675  GPIO_init                                              
00000775  NOROM_SysCtrlStandby                                   
00000865  UART2Support_dmaStartRx                                
00000955  ITM_open                                               
00000a31  ClockP_workFuncDynamic                                 
00000b01  NOROM_SetupTrimDevice                                  
00000ca1  xTaskRemoveFromEventList                               
00000d71  pvPortMalloc                                           
00000e3d  PowerCC26XX_standbyPolicy                              
00000f01  SwiP_construct                                         
00000fc5  UART2Support_dmaStartTx                                
00001085  pthread_create                                         
00001145  vTaskDelete                                            
00001201  vTaskSuspend                                           
000012bd  xTaskPriorityInherit                                   
00001375  GPIO_setConfigAndMux                                   
00001425  Power_setDependency                                    
000014d5  __udivmoddi4                                           
00001585  Power_releaseDependency                                
000016dd  ClockP_startup                                         
00001825  ClockP_start                                           
000018c1  TimerP_construct                                       
0000195d  SwiP_dispatch                                          
000019f5  xQueueGenericReset                                     
00001a8d  HwiP_construct                                         
00001b15  xTaskPriorityDisinherit                                
00001b9d  UART2Support_dmaStopTx                                 
00001c1d  vTaskSwitchContext                                     
00001d11  xQueueReceiveFromISR                                   
00001d89  PowerCC26X2_updateSubSecInc                            
00001dfd  __TI_decompress_lzss                                   
0000202d  SwiP_post                                              
00002095  UART2Support_dmaStopRx                                 
000020fd  vTaskStartScheduler                                    
00002165  xQueueGiveFromISR                                      
000021cd  ITM_sendBufferAtomic                                   
00002233  Board_initHook                                         
00002235  NOROM_OSCHF_AttemptToSwitchToXosc                      
00002299  PowerCC26X2_initiateCalibration                        
000022fd  UDMACC26XX_open                                        
00002361  xPortPendSVHandler                                     
000023c5  ClockP_walkQueueDynamic                                
00002421  ITM_commonFlush                                        
00002479  TimerP_dynamicStub                                     
000024d1  main                                                   
00002581  xTaskCreate                                            
000025d9  pthread_exit                                           
0000262f  memalign                                               
00002685  Board_shutDownExtFlash                                 
000026d5  Board_sendExtFlashByte                                 
00002723  __aeabi_ldiv0                                          
00002725  ClockP_getTicksUntilInterrupt                          
00002771  TimerP_start                                           
00002855  vPortFree                                              
000028a1  xTaskCheckForTimeOut                                   
000028ed  xTaskCreateStatic                                      
00002939  realloc                                                
00002985  ClockP_construct                                       
000029cd  UART2_readFull                                         
00002a15  snprintf                                               
00002a5d  xPortStartScheduler                                    
00002aa5  xTimerCreateTimerTask                                  
00002aed  RingBuf_put                                            
00002b33  vQueueWaitForMessageRestricted                         
00002b79  xQueueGenericCreate                                    
00002bc1  ClockP_getSystemTicks                                  
00002c05  GPIO_hwiIntFxn                                         
00002c49  NOROM_PRCMPowerDomainsAllOff                           
00002c8d  NOROM_PRCMPowerDomainsAllOn                            
00002cd1  atoi                                                   
00002d59  ClockP_getTicks                                        
00002d99  PowerCC26X2_RCOSC_clockFunc                            
00002dd9  PowerCC26X2_setAclkRefSrc                              
00002e19  __aeabi_errno_addr                                     
00002ed9  vTaskPlaceOnEventListRestricted                        
00002f19  GPIO_resetConfig                                       
00002f55  NOROM_OSC_HPOSCRelativeFrequencyOffsetGet              
00002f91  PowerCC26X2_setTdcClkSrc24M                            
00003009  NOROM_AUXSYSIFOpModeChange                             
00003041  NOROM_OSCHF_SwitchToRcOscTurnOffXosc                   
000030b1  PowerCC26X2_oscDisableQualifiers                       
000030e9  RingBuf_putAdvance                                     
00003121  UART2_rxEnable                                         
00003159  mainThread                                             
00003191  __TI_auto_init_nobinit_nopinit                         
000031c9  PowerCC26X2_setSubSecIncToXoscLf                       
000031fd  Power_releaseConstraint                                
00003231  UART2Support_sendData                                  
00003265  calloc                                                 
00003299  localProgramStart                                      
00003301  vTaskDelay                                             
00003335  malloc                                                 
00003369  Board_wakeUpExtFlash                                   
00003399  HwiP_dispatch                                          
000033c9  Power_setConstraint                                    
00003459  usleep                                                 
00003489  _c_int00                                               
000034b9  RingBuf_getConsume                                     
000034e7  RingBuf_putPointer                                     
00003515  vListInsert                                            
00003545  NOROM_IntRegister                                      
0000359d  UART2Support_enableInts                                
000035c9  eTaskConfirmSleepModeStatus                            
00003621  vTaskStepTick                                          
0000364d  xPortSysTickHandler                                    
00003679  SemaphoreP_constructBinary                             
000036a3  UART2Support_powerRelConstraint                        
000036cd  ITM_commonRestore                                      
000036f5  SemaphoreP_pend                                        
0000371d  TimerP_setNextTick                                     
00003745  TimerP_setThreshold                                    
00003795  vPortSetupTimerInterrupt                               
000037bd  UART2Support_powerSetConstraint                        
0000382f  xQueueGenericCreateStatic                              
00003855  HwiP_disable                                           
00003879  List_put                                               
0000389d  NOROM_OSCHF_TurnOnXosc                                 
000038c1  PowerCC26X2_writeCtrim                                 
000038e5  PowerCC26X2_writeCtrimFract                            
00003909  PowerCC26X2_writeCtrimFractEn                          
0000392d  PowerCC26X2_writeRtrim                                 
00003951  Power_registerNotify                                   
000039bd  pxPortInitialiseStack                                  
000039e1  uxListRemove                                           
00003a05  ClockP_doTick                                          
00003a11  vPortSVCHandler                                        
00003a35  RingBuf_getPointer                                     
00003a57  UART2_read                                             
00003a79  memccpy                                                
00003a9d  ClockP_scheduleNextTick                                
00003abd  NOROM_ThisLibraryIsFor_CC13x2x7_CC26x2x7_HaltIfViolated
00003add  PowerCC26X2_disableTCXOQual                            
00003afd  PowerCC26X2_enableTCXOQual                             
00003b1d  SemaphoreP_post                                        
00003b9d  vPortEnterCritical                                     
00003bbd  vTaskPlaceOnEventList                                  
00003bdd  vTaskSetApplicationTaskTag                             
00003bfd  ITM_send32Atomic                                       
00003c1b  ITM_send8Atomic                                        
00003c39  QueueP_put                                             
00003c57  UART2_writeTimeout                                     
00003c75  memcmp                                                 
00003c93  vApplicationStackOverflowHook                          
00003c95  ITM_applyPinMux                                        
00003cb1  Power_getTransitionLatency                             
00003ce9  xTaskGetApplicationTaskTag                             
00003d05  QueueP_get                                             
00003d21  GPIO_disableInt                                        
00003d39  HwiP_restore                                           
00003d51  ITMCC26XX_flush                                        
00003d69  ITMCC26XX_restore                                      
00003d81  PowerCC26XX_calibrate                                  
00003d99  Power_idleFunc                                         
00003de1  pvTaskIncrementMutexHeldCount                          
00003e41  vPortExitCritical                                      
00003e59  Board_init                                             
00003e85  vListInsertEnd                                         
00003e9d  ITM_disablePCAndEventSampling                          
00003eb1  PTLS_taskDeleteHook                                    
00003ec5  TimerP_startup                                         
00003eed  _args_main                                             
00003f01  pthread_attr_init                                      
00003f29  __aeabi_uldivmod                                       
00003f3d  HwiP_Params_init                                       
00003f4f  pthread_attr_setschedparam                             
00003f61  TI_memcpy_small                                        
00003f75  __aeabi_memset                                         
00003f75  __aeabi_memset4                                        
00003f75  __aeabi_memset8                                        
00003f7f  __aeabi_memclr                                         
00003f7f  __aeabi_memclr4                                        
00003f7f  __aeabi_memclr8                                        
00003f89  ClockP_getCpuFreq                                      
00003f99  GPIO_write                                             
00003fa9  ITM_disableExceptionTrace                              
00003fb9  PowerCC26X2_oscCtlClearXtal                            
00003fc9  PowerCC26X2_prcmEnableCacheRetention                   
00003fd9  PowerCC26X2_readCtrim                                  
00003fe9  PowerCC26X2_readCtrimFract                             
00003ff9  PowerCC26X2_readRtrim                                  
00004009  PowerCC26X2_switchToTCXO                               
00004019  PowerCC26XX_schedulerDisable                           
00004029  RingBuf_construct                                      
00004039  UART2Support_txDone                                    
00004059  resetISR                                               
00004069  wcslen                                                 
00004079  __TI_zero_init                                         
00004089  HwiP_interruptsEnabled                                 
00004097  ITM_flush                                              
000040a5  ITM_restore                                            
000040c1  UART2_write                                            
00004107  TI_memset_small                                        
00004115  __TI_decompress_none                                   
00004125  PowerCC26X2_oscClockSourceGet                          
00004131  PowerCC26X2_setPeriphDeepSleepEnable                   
0000413d  PowerCC26X2_sysCtrlGetResetSource                      
00004149  PowerCC26X2_sysCtrlUpdateVoltageRegulator              
00004155  Power_getConstraintMask                                
00004161  UART2Support_disableTx                                 
0000416d  UART2Support_enableRx                                  
00004179  UART2Support_enableTx                                  
00004185  UART2_Params_init                                      
00004191  free                                                   
0000419d  pthread_attr_setdetachstate                            
000041a9  pthread_self                                           
000041b5  vQueueDelete                                           
000041c1  ClockP_Params_init                                     
000041cb  PowerCC26X2_sysCtrlStandby                             
000041d5  UDMACC26XX_hwiIntFxn                                   
000041df  NOROM_CPUcpsid                                         
000041e7  NOROM_CPUcpsie                                         
000041ef  PowerCC26X2_oschfTrySwitchToXosc                       
000041f7  ClockP_stop                                            
000041fd  GPIO_setConfig                                         
00004203  NOROM_CPUbasepriGet                                    
00004209  NOROM_CPUdelay                                         
00004227  pthread_attr_setstacksize                              
0000422d  abort                                                  
00004233  ClockP_getSystemTickPeriod                             
00004236  C$$EXIT                                                
00004237  HOSTexit                                               
0000423b  PowerCC26X2_oschfSwitchToRcosc                         
0000423f  PowerCC26X2_turnOnXosc                                 
00004243  PowerCC26XX_schedulerRestore                           
00004247  RingBuf_getCount                                       
0000424b  _system_pre_init                                       
0000424f  aligned_alloc                                          
0000425d  __aeabi_memcpy                                         
0000425d  __aeabi_memcpy4                                        
0000425d  __aeabi_memcpy8                                        
000042c8  __TI_Handler_Table_Base                                
000042d4  __TI_Handler_Table_Limit                               
000042f4  __TI_CINIT_Base                                        
0000431c  __TI_CINIT_Limit                                       
0000431c  __TI_CINIT_Warm                                        
000ae001  __TI_printfi_nofloat                                   
000aea39  UART2_readTimeout                                      
000aec0d  PowerCC26X2_auxISR                                     
000aeda1  UART2_open                                             
000aef2d  uartTransportRun                                       
000af0b1  UART2_writeTimeoutBlocking                             
000af21d  Power_sleep                                            
000af4cd  xQueueSemaphoreTake                                    
000af759  xTaskIncrementTick                                     
000af889  xQueueGenericSend                                      
000af9b1  xTaskResumeAll                                         
000afacd  Power_init                                             
000afbe5  UART2_writeTimeoutNonblocking                          
000afcfd  PowerCC26X2_calibrate                                  
000afe09  xQueueReceive                                          
000aff15  vTaskPriorityDisinheritAfterTimeout                    
000affa8  __ccfg                                                 
200003d8  uart2CC26X2Objects                                     
200007f8  gpioCallbackFunctions                                  
20000874  gpioUserArgs                                           
200009f8  udmaCC26XXObject                                       
20000a40  PowerCC26X2_module                                     
20000c8c  gpioPinConfigs                                         
20000eb0  HwiP_swiPIntNum                                        
20000eec  _hposcCoeffs                                           
20000f08  TimerPCC26XX_hooks                                     
20000f14  itmHwAttrs                                             
20000f18  pxCurrentTCB                                           
20000f1c  ti154stack_lib_date                                    
20000f20  ti154stack_lib_time                                    
20000f24  ti154stack_lib_version                                 
20000f2c  wisun_protocol_version                                 
20000f30  wisun_stack_version                                    
200239c0  __stack                                                
20024000  __STACK_END                                            
20024000  __STACK_TOP                                            
ffffffff  __TI_pprof_out_hndl                                    
ffffffff  __TI_prof_data_size                                    
ffffffff  __TI_prof_data_start                                   
ffffffff  __binit__                                              
ffffffff  __start___llvm_prf_bits                                
ffffffff  __start___llvm_prf_cnts                                
ffffffff  __stop___llvm_prf_bits                                 
ffffffff  __stop___llvm_prf_cnts                                 
ffffffff  binit                                                  
UNDEFED   __mpu_init                                             
UNDEFED   _system_post_cinit                                     

[311 symbols]
