******************************************************************************
            TI ARM Clang Linker Unix v5.1.0                    
******************************************************************************
>> Linked Wed Apr 22 12:56:06 2026

OUTPUT FILE NAME:   <sensor_ncp.out>
ENTRY POINT SYMBOL: "resetISR"  address: 00003381


MEMORY CONFIGURATION

         name            origin    length      used     unused   attr    fill
----------------------  --------  ---------  --------  --------  ----  --------
  FLASH                 00000000   000ae000  000075fb  000a6a05  R  X
  FLASH_LAST            000ae000   00002000  00002000  00000000  R  X
  SRAM                  20000000   00024000  000064c2  0001db3e  RW X


SEGMENT ALLOCATION MAP

run origin  load origin   length   init length attrs members
----------  ----------- ---------- ----------- ----- -------
00000000    00000000    00000313   00000313    r--
  00000000    00000000    000000d8   000000d8    r-- .resetVecs
  000000d8    000000d8    0000023b   0000023b    r-- .rodata
00000314    00000314    00000008   00000008    rw-
  00000314    00000314    00000008   00000008    rw- .args
00000320    00000320    000032e0   000032e0    r-x
  00000320    00000320    0000321c   0000321c    r-x .text.1
  0000353c    0000353c    00000008   00000008    r-- .log_data
  00003544    00003544    000000bc   000000bc    r-- .cinit
000a8000    000a8000    00004000   00000000    rw-
  000a8000    000a8000    00004000   00000000    rw- .TI.bound:flashBuf0
000ae000    000ae000    00002000   00002000    r-x
  000ae000    000ae000    00001fa8   00001fa8    r-x .text.2
  000affa8    000affa8    00000058   00000058    r-- .ccfg
20000000    20000000    00000e62   00000000    rw-
  20000000    20000000    000000d8   00000000    rw- .ramVecs
  200000d8    200000d8    00000894   00000000    rw- .bss.1
  2000096c    2000096c    000004f6   00000000    rw- .data
20001810    20001810    00000020   00000000    rw-
  20001810    20001810    00000010   00000000    rw- .TI.bound:dmaUart0RxControlTableEntry
  20001820    20001820    00000010   00000000    rw- .TI.bound:dmaUart0TxControlTableEntry
20001830    20001830    00005000   00000000    rw-
  20001830    20001830    00005000   00000000    rw- .bss.2
200239c0    200239c0    00000640   00000000    rw-
  200239c0    200239c0    00000640   00000000    rw- .stack


SECTION ALLOCATION MAP

 output                                  attributes/
section   page    origin      length       input sections
--------  ----  ----------  ----------   ----------------
.resetVecs 
*          0    00000000    000000d8     
                  00000000    000000d8     ti_freertos_config.obj (.resetVecs)

.rodata    0    000000d8    0000023b     
                  000000d8    00000054     drivers_cc13x2x7.a : PowerCC26X2.c.obj (.rodata.resourceDB)
                  0000012c    00000026     ______swo_debug_c.obj (.rodata.str1.5526075391884533379.1)
                  00000152    00000002     ti_freertos_config.obj (.rodata.str1.14936075829247396542.1)
                  00000154    00000020     ti_freertos_config.obj (.rodata.cst16)
                  00000174    0000001e     ______host_host_link_c.obj (.rodata.str1.4191675915271128342.1)
                  00000192    0000001e     ______host_host_link_c.obj (.rodata.str1.6747366528904894741.1)
                  000001b0    00000018     ______host_host_link_c.obj (.rodata.str1.1227900698490768609.1)
                  000001c8    00000014     ti_drivers_config.obj (.rodata.PowerCC26X2_config)
                  000001dc    00000014     ti_freertos_config.obj (.rodata.defaultPthreadAttrs)
                  000001f0    00000014     ti_drivers_config.obj (.rodata.itmCC26XXHWAttrs)
                  00000204    00000013     ______sensor_ncp_c.obj (.rodata.str1.17554793900780810401.1)
                  00000217    00000011     ti_freertos_config.obj (.rodata.str1.17790208290229517224.1)
                  00000228    00000010     ti_drivers_config.obj (.rodata.GPIO_config)
                  00000238    00000010     ______host_host_link_c.obj (.rodata.str1.4054263900762887585.1)
                  00000248    0000000f     ______swo_debug_c.obj (.rodata.str1.6201499510840105282.1)
                  00000257    00000001     ti_drivers_config.obj (.rodata.GPIO_pinLowerBound)
                  00000258    0000000c     ti_freertos_config.obj (.rodata.ClockP_defaultParams)
                  00000264    0000000c     ti_freertos_config.obj (.rodata.TimerP_defaultParams)
                  00000270    0000000c     maclib_secure_cc13x2x7_freertos.a : hmac_global.c.o (.rodata.str1.107744963962553000971)
                  0000027c    0000000c     ______swo_debug_c.obj (.rodata.str1.5295368091961771164.1)
                  00000288    0000000b     ______host_host_proto_c.obj (.rodata.str1.3753506520022920543.1)
                  00000293    0000000a     ______host_host_proto_c.obj (.rodata.str1.11723955354452368767.1)
                  0000029d    00000009     maclib_secure_cc13x2x7_freertos.a : hmac_global.c.o (.rodata.str1.123948389864241791141)
                  000002a6    00000008     driverlib.lib : aux_sysif.c.obj (.rodata.cst4)
                  000002ae    00000008     ti_freertos_config.obj (.rodata.str1.11002151636642979899.1)
                  000002b6    00000008     ______host_host_proto_c.obj (.rodata.str1.3639579889313838088.1)
                  000002be    00000007     ______host_host_proto_c.obj (.rodata.str1.2715866476252945976.1)
                  000002c5    00000007     ti_freertos_config.obj (.rodata.str1.5575082976206253117.1)
                  000002cc    00000006     ______host_host_proto_c.obj (.rodata.str1.17886112592144278925.1)
                  000002d2    00000006     ______host_host_proto_c.obj (.rodata.str1.7729614275146002540.1)
                  000002d8    00000006     maclib_secure_cc13x2x7_freertos.a : hmac_global.c.o (.rodata.str1.7971802481850514511)
                  000002de    00000006     _Users_diegosmacbook_ti_simplelink_cc13xx_cc26xx_sdk_8_32_00_07_source_ti_ti_wisunfan_rcp_rcp_host_c.obj (.rodata.str1.9305795561194878761.1)
                  000002e4    00000005     ______host_host_proto_c.obj (.rodata.str1.11183068236791840290.1)
                  000002e9    00000005     ti_freertos_config.obj (.rodata.str1.13660065704373571845.1)
                  000002ee    00000005     ______host_host_proto_c.obj (.rodata.str1.14854645881198580551.1)
                  000002f3    00000005     ______sensor_ncp_c.obj (.rodata.str1.3369817407862316057.1)
                  000002f8    00000005     _Users_diegosmacbook_ti_simplelink_cc13xx_cc26xx_sdk_8_32_00_07_source_ti_ti_wisunfan_rcp_rcp_host_c.obj (.rodata.str1.6312874251959146123.1)
                  000002fd    00000005     ______swo_debug_c.obj (.rodata.str1.7044069124091370882.1)
                  00000302    00000001     ti_drivers_config.obj (.rodata.GPIO_pinUpperBound)
                  00000303    00000001     --HOLE-- [fill = 0]
                  00000304    00000004     ti_freertos_config.obj (.rodata.TimestampP_nativeFormat32)
                  00000308    00000004     ti_freertos_config.obj (.rodata.TimestampP_nativeFormat64)
                  0000030c    00000004     ti_freertos_config.obj (.rodata.uxTopUsedPriority)
                  00000310    00000003     ______swo_debug_c.obj (.rodata.str1.14128929321885772975.1)

.cinit     0    00003544    000000bc     
                  00003544    00000066     (.cinit..data.load) [load image, compression = lzss]
                  000035aa    00000002     --HOLE-- [fill = 0]
                  000035ac    0000000c     (__TI_handler_table)
                  000035b8    00000008     (.cinit..TI.bound:dmaUart0RxControlTableEntry.load) [load image, compression = zero_init]
                  000035c0    00000008     (.cinit..TI.bound:dmaUart0TxControlTableEntry.load) [load image, compression = zero_init]
                  000035c8    00000008     (.cinit..bss.1.load) [load image, compression = zero_init]
                  000035d0    00000008     (.cinit..bss.2.load) [load image, compression = zero_init]
                  000035d8    00000028     (__TI_cinit_table)

.init_array 
*          0    00000000    00000000     UNINITIALIZED

.ccfg      0    000affa8    00000058     
                  000affa8    00000058     ti_devices_config.obj (.ccfg)

.ramVecs   0    20000000    000000d8     UNINITIALIZED
                  20000000    000000d8     driverlib.lib : interrupt.c.obj (.ramVecs)

.data      0    2000096c    000004f6     UNINITIALIZED
                  2000096c    00000174     drivers_cc13x2x7.a : PowerCC26X2.c.obj (.data.PowerCC26X2_module)
                  20000ae0    000000d8     ti_freertos_config.obj (.data.HwiP_dispatchTable)
                  20000bb8    0000007c     ti_drivers_config.obj (.data.gpioPinConfigs)
                  20000c34    00000074     ti_freertos_config.obj (.data..L_MergedGlobals.13)
                  20000ca8    00000074     ti_freertos_config.obj (.data..L_MergedGlobals.14)
                  20000d1c    00000070     ti_freertos_config.obj (.data..L_MergedGlobals.15)
                  20000d8c    0000006c     ti_freertos_config.obj (.data..L_MergedGlobals)
                  20000df8    00000010     driverlib.lib : osc.c.obj (.data..L_MergedGlobals)
                  20000e08    00000010     drivers_cc13x2x7.a : ITM.c.obj (.data..L_MergedGlobals)
                  20000e18    00000010     driverlib.lib : osc.c.obj (.data._hposcCoeffs)
                  20000e28    00000009     ti_freertos_portable_config.obj (.data..L_MergedGlobals)
                  20000e31    00000001     ti_freertos_config.obj (.data.ClockP_initialized)
                  20000e32    00000001     ti_freertos_config.obj (.data.TimerP_initialized)
                  20000e33    00000001     ______host_host_uart_c.obj (.data.hostUartInitialized)
                  20000e34    00000008     ti_freertos_config.obj (.data.TimerPCC26XX_hooks)
                  20000e3c    00000004     drivers_cc13x2x7.a : PowerCC26X2.c.obj (.data.PowerCC26X2_rtcSubSecInc)
                  20000e40    00000004     ti_drivers_config.obj (.data.itmHwAttrs)
                  20000e44    00000004     ti_freertos_config.obj (.data.pxCurrentTCB)
                  20000e48    00000004     maclib_secure_cc13x2x7_freertos.a : hmac_global.c.o (.data.ti154stack_lib_date)
                  20000e4c    00000004                                       : hmac_global.c.o (.data.ti154stack_lib_time)
                  20000e50    00000004                                       : hmac_global.c.o (.data.ti154stack_lib_version)
                  20000e54    00000004     ti_freertos_portable_config.obj (.data.uxCriticalNesting)
                  20000e58    00000004     _Users_diegosmacbook_ti_simplelink_cc13xx_cc26xx_sdk_8_32_00_07_source_ti_ti_wisunfan_rcp_rcp_host_c.obj (.data.wisun_protocol_version)
                  20000e5c    00000004     _Users_diegosmacbook_ti_simplelink_cc13xx_cc26xx_sdk_8_32_00_07_source_ti_ti_wisunfan_rcp_rcp_host_c.obj (.data.wisun_stack_version)
                  20000e60    00000001     drivers_cc13x2x7.a : GPIOCC26X2.c.obj (.data.initCalled)
                  20000e61    00000001     ______swo_debug_c.obj (.data.swoDebugInitialized)

.stack     0    200239c0    00000640     UNINITIALIZED
                  200239c0    00000004     libc.a : boot_cortex_m.c.obj (.stack)
                  200239c4    0000063c     --HOLE--

.TI.bound:flashBuf0 
*          0    000a8000    00004000     UNINITIALIZED
                  000a8000    00004000     ti_drivers_config.obj (.TI.bound:flashBuf0)

__llvm_prf_cnts 
*          0    20000000    00000000     UNINITIALIZED

__llvm_prf_bits 
*          0    20000000    00000000     UNINITIALIZED

.TI.bound:dmaUart0RxControlTableEntry 
*          0    20001810    00000010     UNINITIALIZED
                  20001810    00000010     ti_drivers_config.obj (.TI.bound:dmaUart0RxControlTableEntry)

.TI.bound:dmaUart0TxControlTableEntry 
*          0    20001820    00000010     UNINITIALIZED
                  20001820    00000010     ti_drivers_config.obj (.TI.bound:dmaUart0TxControlTableEntry)

.log_data 
*          0    0000353c    00000008     
                  0000353c    00000004     ti_freertos_config.obj (.log_data)
                  00003540    00000004     ti_freertos_config.obj (.log_data)

.args      0    00000314    00000008     
                  00000314    00000008     --HOLE-- [fill = 0]

.text.1    0    00000320    0000321c     
                  00000320    000000bc     ti_freertos_config.obj (.text.vTaskDelete)
                  000003dc    000000bc     ti_freertos_config.obj (.text.vTaskSuspend)
                  00000498    000000b8     ti_freertos_config.obj (.text.xTaskPriorityInherit)
                  00000550    000000b0     drivers_cc13x2x7.a : GPIOCC26XX.c.obj (.text.GPIO_setConfigAndMux)
                  00000600    000000b0                        : PowerCC26X2.c.obj (.text.Power_setDependency)
                  000006b0    000000b0     libclang_rt.builtins.a : udivmoddi4.S.obj (.text)
                  00000760    000000ac     drivers_cc13x2x7.a : PowerCC26X2.c.obj (.text.Power_releaseDependency)
                  0000080c    000000ac     driverlib.lib : setup.c.obj (.text.TrimAfterColdResetWakeupFromShutDown)
                  000008b8    000000a4     ti_freertos_config.obj (.text.ClockP_startup)
                  0000095c    000000a4     ti_freertos_config.obj (.text.prvAddCurrentTaskToDelayedList)
                  00000a00    0000009c     ti_freertos_config.obj (.text.ClockP_start)
                  00000a9c    0000009c     ti_freertos_config.obj (.text.TimerP_construct)
                  00000b38    00000098     ti_freertos_config.obj (.text.xQueueGenericReset)
                  00000bd0    00000094     ti_freertos_config.obj (.text.vTaskPriorityDisinheritAfterTimeout)
                  00000c64    00000088     ti_freertos_config.obj (.text.HwiP_construct)
                  00000cec    00000088     ______host_host_uart_c.obj (.text.host_uart_init)
                  00000d74    00000088     ti_freertos_config.obj (.text.xTaskPriorityDisinherit)
                  00000dfc    00000082     libclang_rt.builtins.a : aeabi_dcmp.S.obj (.text)
                  00000e7e    00000002     ti_freertos_config.obj (.text.busFaultHandler)
                  00000e80    0000007c     ti_freertos_config.obj (.text.ClockP_getSystemTicks64)
                  00000efc    0000007c     ti_freertos_config.obj (.text.vTaskSwitchContext)
                  00000f78    00000078     ti_freertos_config.obj (.text.prvInitialiseNewTask)
                  00000ff0    00000078     ti_freertos_config.obj (.text.xQueueReceiveFromISR)
                  00001068    00000074     drivers_cc13x2x7.a : PowerCC26X2_calibrateRCOSC_helpers.c.obj (.text.PowerCC26X2_updateSubSecInc)
                  000010dc    00000074     libc.a : copy_decompress_lzss.c.obj (.text:decompress:lzss)
                  00001150    00000070     ti_freertos_config.obj (.text.formatNum)
                  000011c0    00000070     ti_freertos_config.obj (.text.prvCheckForValidListAndQueue)
                  00001230    00000070     ti_freertos_config.obj (.text.prvCopyDataToQueue)
                  000012a0    00000070     ti_freertos_config.obj (.text.prvUnlockQueue)
                  00001310    0000006c     drivers_cc13x2x7.a : PowerCC26X2.c.obj (.text.oscillatorISR)
                  0000137c    0000006a     ______host_host_proto_c.obj (.text.host_proto_encode_frame)
                  000013e6    00000002     drivers_cc13x2x7.a : PowerCC26X2.c.obj (.text.emptyClockFunc)
                  000013e8    00000068     ti_freertos_config.obj (.text.SwiP_post)
                  00001450    00000068     ti_freertos_config.obj (.text.vTaskStartScheduler)
                  000014b8    00000068     ti_freertos_config.obj (.text.xQueueGiveFromISR)
                  00001520    00000066     drivers_cc13x2x7.a : ITM.c.obj (.text.ITM_sendBufferAtomic)
                  00001586    00000002     ti_freertos_config.obj (.text.faultISR)
                  00001588    00000064     driverlib.lib : osc.c.obj (.text.NOROM_OSCHF_AttemptToSwitchToXosc)
                  000015ec    00000064     drivers_cc13x2x7.a : PowerCC26X2_calibrateRCOSC.c.obj (.text.PowerCC26X2_initiateCalibration)
                  00001650    00000064     ti_freertos_portable_config.obj (.text.xPortPendSVHandler)
                  000016b4    00000060     libclang_rt.builtins.a : comparedf2.c.obj (.text.__ledf2)
                  00001714    0000005c     ti_freertos_config.obj (.text.ClockP_walkQueueDynamic)
                  00001770    0000005c     libclang_rt.builtins.a : comparedf2.c.obj (.text.__gedf2)
                  000017cc    0000005c     ______host_host_link_c.obj (.text.hostLinkSendFrame)
                  00001828    0000005c     ______swo_debug_c.obj (.text.swoDebugBootSelfTest)
                  00001884    00000058     drivers_cc13x2x7.a : ITM.c.obj (.text.ITM_commonFlush)
                  000018dc    00000058     ti_freertos_config.obj (.text.TimerP_dynamicStub)
                  00001934    00000058     ______freertos_main_freertos_c.obj (.text.main)
                  0000198c    00000058     ti_freertos_config.obj (.text.prvIdleTask)
                  000019e4    00000058     ti_freertos_config.obj (.text.xTaskCreate)
                  00001a3c    00000056     ti_freertos_config.obj (.text.pthread_exit)
                  00001a92    00000002     ti_freertos_config.obj (.text.intDefaultHandler)
                  00001a94    00000054     ______host_host_proto_c.obj (.text.host_proto_type_name)
                  00001ae8    00000054     ti_freertos_config.obj (.text.memalign)
                  00001b3c    00000050     ti_drivers_config.obj (.text.Board_shutDownExtFlash)
                  00001b8c    00000050     ti_freertos_config.obj (.text.sleepTicks)
                  00001bdc    0000004e     ti_drivers_config.obj (.text.Board_sendExtFlashByte)
                  00001c2a    0000004e     ______host_host_proto_c.obj (.text.hostProtoSeekNextSof)
                  00001c78    0000004c     ti_freertos_config.obj (.text.ClockP_getTicksUntilInterrupt)
                  00001cc4    0000004c     ti_freertos_config.obj (.text.TimerP_start)
                  00001d10    0000004c     ti_freertos_config.obj (.text.prvInsertBlockIntoFreeList)
                  00001d5c    0000004c     drivers_cc13x2x7.a : PowerCC26X2.c.obj (.text.switchXOSCHF)
                  00001da8    0000004c     ti_freertos_config.obj (.text.vPortFree)
                  00001df4    0000004c     ti_freertos_config.obj (.text.xTaskCheckForTimeOut)
                  00001e40    0000004c     ti_freertos_config.obj (.text.xTaskCreateStatic)
                  00001e8c    0000004a     ti_freertos_config.obj (.text.realloc)
                  00001ed6    00000002     ti_freertos_config.obj (.text.nmiISR)
                  00001ed8    00000048     ti_freertos_config.obj (.text.ClockP_construct)
                  00001f20    00000048     ti_freertos_config.obj (.text.ClockP_usleep)
                  00001f68    00000048     ______host_host_link_c.obj (.text.host_link_init)
                  00001fb0    00000048     ti_freertos_portable_config.obj (.text.xPortStartScheduler)
                  00001ff8    00000048     ti_freertos_config.obj (.text.xTimerCreateTimerTask)
                  00002040    00000048     libclang_rt.builtins.a : fixdfsi.S.obj (.text)
                  00002088    00000046     ti_freertos_config.obj (.text.vQueueWaitForMessageRestricted)
                  000020ce    00000046     ti_freertos_config.obj (.text.xQueueGenericCreate)
                  00002114    00000044     ti_freertos_config.obj (.text.ClockP_getSystemTicks)
                  00002158    00000044     drivers_cc13x2x7.a : GPIOCC26X2.c.obj (.text.GPIO_hwiIntFxn)
                  0000219c    00000044     driverlib.lib : prcm.c.obj (.text.NOROM_PRCMPowerDomainsAllOff)
                  000021e0    00000044                   : prcm.c.obj (.text.NOROM_PRCMPowerDomainsAllOn)
                  00002224    00000044     ti_freertos_config.obj (.text.removeThreadKeys)
                  00002268    00000044     libclang_rt.builtins.a : fixunsdfsi.S.obj (.text)
                  000022ac    00000040     ti_freertos_config.obj (.text.ClockP_getTicks)
                  000022ec    00000040     drivers_cc13x2x7.a : PowerCC26X2_calibrateRCOSC.c.obj (.text.PowerCC26X2_RCOSC_clockFunc)
                  0000232c    00000040                        : PowerCC26X2_calibrateRCOSC_helpers.c.obj (.text.PowerCC26X2_setAclkRefSrc)
                  0000236c    00000040     ti_freertos_config.obj (.text.__aeabi_errno_addr)
                  000023ac    00000040     ti_freertos_config.obj (.text.prvProcessExpiredTimer)
                  000023ec    00000040     ti_freertos_config.obj (.text.prvSampleTimeNow)
                  0000242c    00000040     ______swo_debug_c.obj (.text.swoDebugPrintf)
                  0000246c    00000040     ti_freertos_config.obj (.text.vTaskPlaceOnEventListRestricted)
                  000024ac    0000003e     ______host_host_proto_c.obj (.text.host_proto_crc16_ccitt_false)
                  000024ea    00000002     ti_freertos_config.obj (.text.vApplicationStackOverflowHook)
                  000024ec    0000003c     drivers_cc13x2x7.a : GPIO.c.obj (.text.GPIO_resetConfig)
                  00002528    0000003c     driverlib.lib : osc.c.obj (.text.NOROM_OSC_HPOSCRelativeFrequencyOffsetGet)
                  00002564    0000003c     drivers_cc13x2x7.a : PowerCC26X2_calibrateRCOSC_helpers.c.obj (.text.PowerCC26X2_setTdcClkSrc24M)
                  000025a0    0000003c     ______host_host_uart_c.obj (.text.host_uart_write)
                  000025dc    0000003c     ti_freertos_config.obj (.text.prvInsertTimerInActiveList)
                  00002618    00000038     driverlib.lib : aux_sysif.c.obj (.text.NOROM_AUXSYSIFOpModeChange)
                  00002650    00000038                   : osc.c.obj (.text.NOROM_OSCHF_SwitchToRcOscTurnOffXosc)
                  00002688    00000038                   : osc.c.obj (.text.OSCHfSourceSwitch)
                  000026c0    00000038     drivers_cc13x2x7.a : PowerCC26X2_helpers.c.obj (.text.PowerCC26X2_oscDisableQualifiers)
                  000026f8    00000038     ______host_host_uart_c.obj (.text.host_uart_read_byte)
                  00002730    00000038     libc.a : autoinit.c.obj (.text:__TI_auto_init_nobinit_nopinit)
                  00002768    00000034     drivers_cc13x2x7.a : PowerCC26X2_helpers.c.obj (.text.PowerCC26X2_setSubSecIncToXoscLf)
                  0000279c    00000034                        : PowerCC26X2.c.obj (.text.Power_releaseConstraint)
                  000027d0    00000034     ti_freertos_config.obj (.text.calloc)
                  00002804    00000034     ti_freertos_config.obj (.text.localProgramStart)
                  00002838    00000034     ti_freertos_config.obj (.text.prvGetExpectedIdleTime)
                  0000286c    00000032     ti_freertos_config.obj (.text.malloc)
                  0000289e    00000002     --HOLE-- [fill = 0]
                  000028a0    00000030     ti_drivers_config.obj (.text.Board_wakeUpExtFlash)
                  000028d0    00000030     ti_freertos_config.obj (.text.HwiP_dispatch)
                  00002900    00000030     drivers_cc13x2x7.a : PowerCC26X2.c.obj (.text.Power_setConstraint)
                  00002930    00000030                        : PowerCC26X2.c.obj (.text.notify)
                  00002960    00000030     libc.a : boot_cortex_m.c.obj (.text:_c_int00)
                  00002990    0000002e     ti_freertos_config.obj (.text.vListInsert)
                  000029be    00000002     --HOLE-- [fill = 0]
                  000029c0    0000002e     libclang_rt.builtins.a : floatsidf.S.obj (.text)
                  000029ee    00000002     --HOLE-- [fill = 0]
                  000029f0    0000002c     driverlib.lib : interrupt.c.obj (.text.NOROM_IntRegister)
                  00002a1c    0000002c     ti_freertos_config.obj (.text.eTaskConfirmSleepModeStatus)
                  00002a48    0000002c     ti_freertos_config.obj (.text.initializeStack)
                  00002a74    0000002c     ti_freertos_config.obj (.text.vTaskStepTick)
                  00002aa0    0000002c     ti_freertos_portable_config.obj (.text.xPortSysTickHandler)
                  00002acc    00000028     drivers_cc13x2x7.a : ITM.c.obj (.text.ITM_commonRestore)
                  00002af4    00000028     ti_freertos_config.obj (.text.SemaphoreP_pend)
                  00002b1c    00000028     ti_freertos_config.obj (.text.TimerP_setNextTick)
                  00002b44    00000028     ti_freertos_config.obj (.text.TimerP_setThreshold)
                  00002b6c    00000028     libc.a : memmov.c.obj (.text.memmove)
                  00002b94    00000028     ti_freertos_portable_config.obj (.text.prvPortStartFirstTask)
                  00002bbc    00000028     ______swo_debug_c.obj (.text.swoDebugInit)
                  00002be4    00000028     ______swo_debug_c.obj (.text.swoDebugWriteLine)
                  00002c0c    00000028     ti_freertos_portable_config.obj (.text.vPortSetupTimerInterrupt)
                  00002c34    00000028     ti_freertos_config.obj (.text.xQueueCreateCountingSemaphoreStatic)
                  00002c5c    00000026     ti_freertos_config.obj (.text.prvReloadTimer)
                  00002c82    00000026     ti_freertos_config.obj (.text.xQueueGenericCreateStatic)
                  00002ca8    00000024     ti_freertos_config.obj (.text.HwiP_disable)
                  00002ccc    00000024     driverlib.lib : osc.c.obj (.text.NOROM_OSCHF_TurnOnXosc)
                  00002cf0    00000024     drivers_cc13x2x7.a : PowerCC26X2_calibrateRCOSC_helpers.c.obj (.text.PowerCC26X2_writeCtrim)
                  00002d14    00000024                        : PowerCC26X2_calibrateRCOSC_helpers.c.obj (.text.PowerCC26X2_writeCtrimFract)
                  00002d38    00000024                        : PowerCC26X2_calibrateRCOSC_helpers.c.obj (.text.PowerCC26X2_writeCtrimFractEn)
                  00002d5c    00000024                        : PowerCC26X2_calibrateRCOSC_helpers.c.obj (.text.PowerCC26X2_writeRtrim)
                  00002d80    00000024     ______host_host_link_c.obj (.text.hostLinkSendError)
                  00002da4    00000024     ______sensor_ncp_c.obj (.text.mainThread)
                  00002dc8    00000024     ti_freertos_config.obj (.text.prvCopyDataFromQueue)
                  00002dec    00000024     ti_freertos_config.obj (.text.prvResetNextTaskUnblockTime)
                  00002e10    00000024     ti_freertos_portable_config.obj (.text.pxPortInitialiseStack)
                  00002e34    00000024     ______swo_debug_c.obj (.text.swoDebugWriteRaw)
                  00002e58    00000024     ti_freertos_config.obj (.text.systemTicks64Callback)
                  00002e7c    00000024     ti_freertos_config.obj (.text.uxListRemove)
                  00002ea0    00000024     ti_freertos_portable_config.obj (.text.vPortSVCHandler)
                  00002ec4    00000020     ti_freertos_config.obj (.text.ClockP_scheduleNextTick)
                  00002ee4    00000020     driverlib.lib : chipinfo.c.obj (.text.NOROM_ThisLibraryIsFor_CC13x2x7_CC26x2x7_HaltIfViolated)
                  00002f04    00000020     drivers_cc13x2x7.a : PowerCC26X2_helpers.c.obj (.text.PowerCC26X2_disableTCXOQual)
                  00002f24    00000020                        : PowerCC26X2_helpers.c.obj (.text.PowerCC26X2_enableTCXOQual)
                  00002f44    00000020     ti_freertos_config.obj (.text.SemaphoreP_post)
                  00002f64    00000020     ti_freertos_config.obj (.text.prvDeleteTCB)
                  00002f84    00000020     ti_freertos_config.obj (.text.prvInitialiseNewQueue)
                  00002fa4    00000020     ti_freertos_portable_config.obj (.text.prvTaskExitError)
                  00002fc4    00000020     ti_freertos_portable_config.obj (.text.vPortEnterCritical)
                  00002fe4    00000020     ti_freertos_config.obj (.text.vTaskPlaceOnEventList)
                  00003004    00000020     ti_freertos_config.obj (.text.vTaskSetApplicationTaskTag)
                  00003024    0000001e     drivers_cc13x2x7.a : ITM.c.obj (.text.ITM_send32Atomic)
                  00003042    0000001e     ti_freertos_config.obj (.text.QueueP_put)
                  00003060    0000001c     ti_freertos_config.obj (.text.ClockP_destruct)
                  0000307c    0000001c     drivers_cc13x2x7.a : ITMCC26XX.c.obj (.text.ITM_applyPinMux)
                  00003098    0000001c                        : PowerCC26X2.c.obj (.text.Power_getTransitionLatency)
                  000030b4    0000001c     ti_freertos_config.obj (.text.xTaskGetApplicationTaskTag)
                  000030d0    0000001a     ti_freertos_config.obj (.text.QueueP_get)
                  000030ea    00000002     --HOLE-- [fill = 0]
                  000030ec    00000018     drivers_cc13x2x7.a : GPIOCC26XX.c.obj (.text.GPIO_disableInt)
                  00003104    00000018     ti_freertos_config.obj (.text.HwiP_restore)
                  0000311c    00000018     drivers_cc13x2x7.a : ITMCC26XX.c.obj (.text.ITMCC26XX_flush)
                  00003134    00000018                        : ITMCC26XX.c.obj (.text.ITMCC26XX_restore)
                  0000314c    00000018                        : PowerCC26X2.c.obj (.text.PowerCC26XX_calibrate)
                  00003164    00000018                        : PowerCC26X2.c.obj (.text.Power_idleFunc)
                  0000317c    00000018     ti_freertos_config.obj (.text.prvIsQueueEmpty)
                  00003194    00000018     ti_freertos_config.obj (.text.pvTaskIncrementMutexHeldCount)
                  000031ac    00000018     ti_freertos_portable_config.obj (.text.vPortExitCritical)
                  000031c4    00000016     ti_drivers_config.obj (.text.Board_init)
                  000031da    00000016     ti_freertos_config.obj (.text.SwiP_handleHwi)
                  000031f0    00000016     ti_freertos_config.obj (.text.vListInsertEnd)
                  00003206    00000002     --HOLE-- [fill = 0]
                  00003208    00000014     drivers_cc13x2x7.a : ITM.c.obj (.text.ITM_disablePCAndEventSampling)
                  0000321c    00000014     ti_freertos_config.obj (.text.PTLS_taskDeleteHook)
                  00003230    00000014     ti_freertos_config.obj (.text.TimerP_startup)
                  00003244    00000014     libc.a : args_main.c.obj (.text._args_main)
                  00003258    00000014     ti_freertos_config.obj (.text.pthread_attr_init)
                  0000326c    00000014     ti_freertos_portable_config.obj (.text.vPortEnableVFP)
                  00003280    00000014     libclang_rt.builtins.a : aeabi_uldivmod.S.obj (.text)
                  00003294    00000012     ti_freertos_config.obj (.text.HwiP_Params_init)
                  000032a6    00000012     ti_freertos_config.obj (.text.pthread_attr_setschedparam)
                  000032b8    00000012     libc.a : memcpy_t2.S.obj (.text:TI_memcpy_small)
                  000032ca    00000002     --HOLE-- [fill = 0]
                  000032cc    00000012     libclang_rt.builtins.a : aeabi_memset.S.obj (.text)
                  000032de    00000002     --HOLE-- [fill = 0]
                  000032e0    00000010     drivers_cc13x2x7.a : GPIOCC26XX.c.obj (.text.GPIO_write)
                  000032f0    00000010                        : ITM.c.obj (.text.ITM_disableExceptionTrace)
                  00003300    00000010                        : PowerCC26X2_helpers.c.obj (.text.PowerCC26X2_oscCtlClearXtal)
                  00003310    00000010                        : PowerCC26X2_helpers.c.obj (.text.PowerCC26X2_prcmEnableCacheRetention)
                  00003320    00000010                        : PowerCC26X2_calibrateRCOSC_helpers.c.obj (.text.PowerCC26X2_readCtrim)
                  00003330    00000010                        : PowerCC26X2_calibrateRCOSC_helpers.c.obj (.text.PowerCC26X2_readCtrimFract)
                  00003340    00000010                        : PowerCC26X2_calibrateRCOSC_helpers.c.obj (.text.PowerCC26X2_readRtrim)
                  00003350    00000010                        : PowerCC26X2_helpers.c.obj (.text.PowerCC26X2_switchToTCXO)
                  00003360    00000010     ti_freertos_config.obj (.text.PowerCC26XX_schedulerDisable)
                  00003370    00000010     ti_freertos_config.obj (.text._pthread_runStub)
                  00003380    00000010     ti_freertos_config.obj (.text.resetISR)
                  00003390    00000010     libc.a : copy_zero_init.c.obj (.text:decompress:ZI)
                  000033a0    0000000e     ti_drivers_config.obj (.text.ITM_flush)
                  000033ae    0000000e     ti_drivers_config.obj (.text.ITM_restore)
                  000033bc    0000000e     drivers_cc13x2x7.a : PowerCC26X2.c.obj (.text.OUTLINED_FUNCTION_0)
                  000033ca    0000000e     ______swo_debug_c.obj (.text.strlen)
                  000033d8    0000000e     ti_freertos_config.obj (.text.strlen)
                  000033e6    0000000e     drivers_cc13x2x7.a : PowerCC26X2.c.obj (.text.switchToTCXO)
                  000033f4    0000000e     libc.a : memset_t2.S.obj (.text:TI_memset_small)
                  00003402    0000000e            : copy_decompress_none.c.obj (.text:decompress:none)
                  00003410    0000000c     ti_freertos_config.obj (.text.ClockP_doTick)
                  0000341c    0000000c     ti_freertos_config.obj (.text.OUTLINED_FUNCTION_3)
                  00003428    0000000c     drivers_cc13x2x7.a : PowerCC26X2_helpers.c.obj (.text.PowerCC26X2_oscClockSourceGet)
                  00003434    0000000c                        : PowerCC26X2_helpers.c.obj (.text.PowerCC26X2_setPeriphDeepSleepEnable)
                  00003440    0000000c                        : PowerCC26X2_helpers.c.obj (.text.PowerCC26X2_sysCtrlGetResetSource)
                  0000344c    0000000c                        : PowerCC26X2_helpers.c.obj (.text.PowerCC26X2_sysCtrlUpdateVoltageRegulator)
                  00003458    0000000c                        : PowerCC26X2.c.obj (.text.Power_getConstraintMask)
                  00003464    0000000c     ti_freertos_config.obj (.text.free)
                  00003470    0000000c     ti_freertos_config.obj (.text.pthread_attr_setdetachstate)
                  0000347c    0000000c     ti_freertos_config.obj (.text.pthread_self)
                  00003488    0000000c     ______swo_debug_c.obj (.text.swoDebugInitOrDie)
                  00003494    0000000c     ti_freertos_config.obj (.text.vQueueDelete)
                  000034a0    0000000a     ti_freertos_config.obj (.text.ClockP_Params_init)
                  000034aa    0000000a     drivers_cc13x2x7.a : PowerCC26X2_helpers.c.obj (.text.PowerCC26X2_sysCtrlStandby)
                  000034b4    0000000a     ______host_host_proto_c.obj (.text.host_proto_parser_init)
                  000034be    0000000a     ______uart_transport_c.obj (.text.uartTransportRun)
                  000034c8    00000008     driverlib.lib : cpu.c.obj (.text.NOROM_CPUcpsid)
                  000034d0    00000008                   : cpu.c.obj (.text.NOROM_CPUcpsie)
                  000034d8    00000008     drivers_cc13x2x7.a : PowerCC26X2_helpers.c.obj (.text.PowerCC26X2_oschfTrySwitchToXosc)
                  000034e0    00000006     ti_freertos_config.obj (.text.ClockP_stop)
                  000034e6    00000006     drivers_cc13x2x7.a : GPIOCC26XX.c.obj (.text.GPIO_setConfig)
                  000034ec    00000006     driverlib.lib : cpu.c.obj (.text.NOROM_CPUdelay)
                  000034f2    00000006     ti_freertos_config.obj (.text.OUTLINED_FUNCTION_2)
                  000034f8    00000006     ti_freertos_config.obj (.text.pthread_attr_setstacksize)
                  000034fe    00000006     libc.a : exit.c.obj (.text:abort)
                  00003504    00000004     ti_freertos_config.obj (.text.ClockP_getSystemTickPeriod)
                  00003508    00000004     libsysbm.a : hostexit.c.obj (.text.HOSTexit)
                  0000350c    00000004     drivers_cc13x2x7.a : PowerCC26X2_helpers.c.obj (.text.PowerCC26X2_oschfSwitchToRcosc)
                  00003510    00000004                        : PowerCC26X2_helpers.c.obj (.text.PowerCC26X2_turnOnXosc)
                  00003514    00000004     ti_freertos_config.obj (.text.PowerCC26XX_schedulerRestore)
                  00003518    00000004     ti_freertos_config.obj (.text.SystemP_vsnprintf)
                  0000351c    00000004     libclang_rt.builtins.a : aeabi_dmul.c.obj (.text.__aeabi_dmul)
                  00003520    00000004     libc.a : pre_init.c.obj (.text._system_pre_init)
                  00003524    00000004     ti_freertos_config.obj (.text.aligned_alloc)
                  00003528    00000004     drivers_cc13x2x7.a : PowerCC26X2.c.obj (.text.configureRFCoreClocks)
                  0000352c    00000004                        : PowerCC26X2.c.obj (.text.nopResourceHandler)
                  00003530    00000004     ti_freertos_config.obj (.text.sleepClkFxn)
                  00003534    00000004     libclang_rt.builtins.a : aeabi_memcpy.S.obj (.text)
                  00003538    00000004                            : aeabi_memmove.S.obj (.text)

.text.2    0    000ae000    00001fa8     
                  000ae000    00000334     ti_freertos_config.obj (.text.doPrint)
                  000ae334    000001b6     libclang_rt.builtins.a : adddf3.S.obj (.text)
                  000ae4ea    00000002     ti_drivers_config.obj (.text.Board_initHook)
                  000ae4ec    00000198     ______host_host_link_c.obj (.text.host_link_poll)
                  000ae684    00000194     drivers_cc13x2x7.a : PowerCC26X2_calibrateRCOSC.c.obj (.text.PowerCC26X2_auxISR)
                  000ae818    00000158                        : PowerCC26X2.c.obj (.text.Power_sleep)
                  000ae970    00000158     ti_freertos_config.obj (.text.prvTimerTask)
                  000aeac8    00000148     ti_freertos_config.obj (.text.xQueueSemaphoreTake)
                  000aec10    00000144     ti_freertos_config.obj (.text.prvAddNewTaskToReadyList)
                  000aed54    00000130     ti_freertos_config.obj (.text.xTaskIncrementTick)
                  000aee84    00000128     ti_freertos_config.obj (.text.xQueueGenericSend)
                  000aefac    0000011c     ti_freertos_config.obj (.text.xTaskResumeAll)
                  000af0c8    00000118     drivers_cc13x2x7.a : PowerCC26X2.c.obj (.text.Power_init)
                  000af1e0    0000010c                        : PowerCC26X2_calibrateRCOSC.c.obj (.text.PowerCC26X2_calibrate)
                  000af2ec    0000010c     ti_freertos_config.obj (.text.xQueueReceive)
                  000af3f8    00000100     drivers_cc13x2x7.a : GPIOCC26X2.c.obj (.text.GPIO_init)
                  000af4f8    000000fc     libclang_rt.builtins.a : muldf3.S.obj (.text)
                  000af5f4    000000fa     ______host_host_proto_c.obj (.text.host_proto_parser_push)
                  000af6ee    00000002     libclang_rt.builtins.a : aeabi_div0.c.obj (.text.__aeabi_ldiv0)
                  000af6f0    000000f0     driverlib.lib : sys_ctrl.c.obj (.text.NOROM_SysCtrlStandby)
                  000af7e0    000000dc     drivers_cc13x2x7.a : ITM.c.obj (.text.ITM_open)
                  000af8bc    000000d0     ti_freertos_config.obj (.text.ClockP_workFuncDynamic)
                  000af98c    000000d0     driverlib.lib : setup.c.obj (.text.NOROM_SetupTrimDevice)
                  000afa5c    000000d0     drivers_cc13x2x7.a : PowerCC26X2.c.obj (.text.configureXOSCHF)
                  000afb2c    000000d0     ti_freertos_config.obj (.text.xTaskRemoveFromEventList)
                  000afbfc    000000cc     ti_freertos_config.obj (.text.pvPortMalloc)
                  000afcc8    000000c4     ti_freertos_config.obj (.text.PowerCC26XX_standbyPolicy)
                  000afd8c    000000c4     ti_freertos_config.obj (.text.SwiP_construct)
                  000afe50    000000c0     ti_freertos_config.obj (.text.pthread_create)
                  000aff10    00000098     ti_freertos_config.obj (.text.SwiP_dispatch)

.bss.1     0    200000d8    00000894     UNINITIALIZED
                  200000d8    00000180     ti_freertos_config.obj (.bss.vApplicationGetIdleTaskMemory.uxIdleTaskStack)
                  20000258    00000180     ti_freertos_config.obj (.bss.vApplicationGetTimerTaskMemory.uxTimerTaskStack)
                  200003d8    00000140     ti_freertos_config.obj (.bss.prvCheckForValidListAndQueue.ucStaticTimerQueueStorage)
                  20000518    000000c8     ti_freertos_config.obj (.bss.pxReadyTasksLists)
                  200005e0    000000b8     ______host_host_link_c.obj (.bss.hostLinkContext)
                  20000698    000000a8     ti_freertos_config.obj (.bss.ClockP_module)
                  20000740    0000007c     (.common:gpioCallbackFunctions)
                  200007bc    0000007c     (.common:gpioUserArgs)
                  20000838    00000064     ti_freertos_config.obj (.bss.vApplicationGetIdleTaskMemory.xIdleTaskTCB)
                  2000089c    00000064     ti_freertos_config.obj (.bss.vApplicationGetTimerTaskMemory.xTimerTaskTCB)
                  20000900    00000044     ti_freertos_config.obj (.bss.ClockP_getSystemTicks64.systemTicks64Clock)
                  20000944    0000001c     drivers_cc13x2x7.a : GPIOCC26X2.c.obj (.bss.gpioHwi)
                  20000960    00000008     ti_freertos_config.obj (.bss.xStart)
                  20000968    00000004     ti_freertos_config.obj (.bss.main_reent)

.bss.2     0    20001830    00005000     UNINITIALIZED
                  20001830    00005000     ti_freertos_config.obj (.bss.ucHeap)

MODULE SUMMARY

       Module                                                                                                     code    ro data   rw data
       ------                                                                                                     ----    -------   -------
    build/
       ti_freertos_config.obj                                                                                     10908   351       22898  
       ti_drivers_config.obj                                                                                      258     58        16792  
       ______host_host_link_c.obj                                                                                 608     100       184    
       ______host_host_proto_c.obj                                                                                590     58        0      
       ti_freertos_portable_config.obj                                                                            476     0         13     
       ______swo_debug_c.obj                                                                                      298     73        1      
       ______host_host_uart_c.obj                                                                                 252     0         1      
       ______freertos_main_freertos_c.obj                                                                         88      0         0      
       ti_devices_config.obj                                                                                      0       88        0      
       ______sensor_ncp_c.obj                                                                                     36      24        0      
       _Users_diegosmacbook_ti_simplelink_cc13xx_cc26xx_sdk_8_32_00_07_source_ti_ti_wisunfan_rcp_rcp_host_c.obj   0       11        8      
       ______uart_transport_c.obj                                                                                 10      0         0      
    +--+----------------------------------------------------------------------------------------------------------+-------+---------+---------+
       Total:                                                                                                     13524   763       39897  
                                                                                                                                           
    /Applications/ti/ti-cgt-armllvm_5.1.0.LTS/lib/armv7em-ti-none-eabihf/c/libc.a
       copy_decompress_lzss.c.obj                                                                                 116     0         0      
       autoinit.c.obj                                                                                             56      0         0      
       boot_cortex_m.c.obj                                                                                        48      0         0      
       memmov.c.obj                                                                                               40      0         0      
       args_main.c.obj                                                                                            20      0         0      
       memcpy_t2.S.obj                                                                                            18      0         0      
       copy_zero_init.c.obj                                                                                       16      0         0      
       copy_decompress_none.c.obj                                                                                 14      0         0      
       memset_t2.S.obj                                                                                            14      0         0      
       exit.c.obj                                                                                                 6       0         0      
       pre_init.c.obj                                                                                             4       0         0      
    +--+----------------------------------------------------------------------------------------------------------+-------+---------+---------+
       Total:                                                                                                     352     0         0      
                                                                                                                                           
    /Applications/ti/ti-cgt-armllvm_5.1.0.LTS/lib/armv7em-ti-none-eabihf/c/libsysbm.a
       hostexit.c.obj                                                                                             4       0         0      
    +--+----------------------------------------------------------------------------------------------------------+-------+---------+---------+
       Total:                                                                                                     4       0         0      
                                                                                                                                           
    /Applications/ti/ti-cgt-armllvm_5.1.0.LTS/lib/armv7em-ti-none-eabihf/libclang_rt.builtins.a
       adddf3.S.obj                                                                                               438     0         0      
       muldf3.S.obj                                                                                               252     0         0      
       comparedf2.c.obj                                                                                           188     0         0      
       udivmoddi4.S.obj                                                                                           176     0         0      
       aeabi_dcmp.S.obj                                                                                           130     0         0      
       fixdfsi.S.obj                                                                                              72      0         0      
       fixunsdfsi.S.obj                                                                                           68      0         0      
       floatsidf.S.obj                                                                                            46      0         0      
       aeabi_uldivmod.S.obj                                                                                       20      0         0      
       aeabi_memset.S.obj                                                                                         18      0         0      
       aeabi_dmul.c.obj                                                                                           4       0         0      
       aeabi_memcpy.S.obj                                                                                         4       0         0      
       aeabi_memmove.S.obj                                                                                        4       0         0      
       aeabi_div0.c.obj                                                                                           2       0         0      
    +--+----------------------------------------------------------------------------------------------------------+-------+---------+---------+
       Total:                                                                                                     1422    0         0      
                                                                                                                                           
    /Users/diegosmacbook/ti/simplelink_cc13xx_cc26xx_sdk_8_32_00_07/source/ti/devices/cc13x2x7_cc26x2x7/driverlib/bin/ticlang/driverlib.lib
       setup.c.obj                                                                                                380     0         0      
       osc.c.obj                                                                                                  308     0         32     
       interrupt.c.obj                                                                                            44      0         216    
       sys_ctrl.c.obj                                                                                             240     0         0      
       prcm.c.obj                                                                                                 136     0         0      
       aux_sysif.c.obj                                                                                            56      8         0      
       chipinfo.c.obj                                                                                             32      0         0      
       cpu.c.obj                                                                                                  22      0         0      
    +--+----------------------------------------------------------------------------------------------------------+-------+---------+---------+
       Total:                                                                                                     1218    8         248    
                                                                                                                                           
    /Users/diegosmacbook/ti/simplelink_cc13xx_cc26xx_sdk_8_32_00_07/source/ti/drivers/lib/ticlang/m4f/drivers_cc13x2x7.a
       PowerCC26X2.c.obj                                                                                          1638    84        376    
       PowerCC26X2_calibrateRCOSC.c.obj                                                                           836     0         0      
       ITM.c.obj                                                                                                  516     0         16     
       PowerCC26X2_calibrateRCOSC_helpers.c.obj                                                                   432     0         0      
       GPIOCC26X2.c.obj                                                                                           324     0         29     
       PowerCC26X2_helpers.c.obj                                                                                  294     0         0      
       GPIOCC26XX.c.obj                                                                                           222     0         0      
       ITMCC26XX.c.obj                                                                                            76      0         0      
       GPIO.c.obj                                                                                                 60      0         0      
    +--+----------------------------------------------------------------------------------------------------------+-------+---------+---------+
       Total:                                                                                                     4398    84        421    
                                                                                                                                           
    /Users/diegosmacbook/ti/simplelink_cc13xx_cc26xx_sdk_8_32_00_07/source/ti/ti_wisunfan/lib/ticlang/m4f/maclib_secure_cc13x2x7_freertos.a
       hmac_global.c.o                                                                                            0       27        12     
    +--+----------------------------------------------------------------------------------------------------------+-------+---------+---------+
       Total:                                                                                                     0       27        12     
                                                                                                                                           
       Stack:                                                                                                     0       0         1600   
       Linker Generated:                                                                                          0       186       0      
    +--+----------------------------------------------------------------------------------------------------------+-------+---------+---------+
       Grand Total:                                                                                               20918   1068      42178  


LINKER GENERATED COPY TABLES

__TI_cinit_table @ 000035d8 records: 5, size/record: 8, table size: 40
	.data: load addr=00003544, load size=00000066 bytes, run addr=2000096c, run size=000004f6 bytes, compression=lzss
	.TI.bound:dmaUart0RxControlTableEntry: load addr=000035b8, load size=00000008 bytes, run addr=20001810, run size=00000010 bytes, compression=zero_init
	.TI.bound:dmaUart0TxControlTableEntry: load addr=000035c0, load size=00000008 bytes, run addr=20001820, run size=00000010 bytes, compression=zero_init
	.bss.1: load addr=000035c8, load size=00000008 bytes, run addr=200000d8, run size=00000894 bytes, compression=zero_init
	.bss.2: load addr=000035d0, load size=00000008 bytes, run addr=20001830, run size=00005000 bytes, compression=zero_init


LINKER GENERATED HANDLER TABLE

__TI_handler_table @ 000035ac records: 3, size/record: 4, table size: 12
	index: 0, handler: __TI_zero_init
	index: 1, handler: __TI_decompress_lzss
	index: 2, handler: __TI_decompress_none


SEGMENT ATTRIBUTES

    id tag       seg value 
    -- ---       --- ----- 
     0 PHA_BOUND 3   (null)
     1 PHA_BOUND 6   (null)


GLOBAL SYMBOLS: SORTED ALPHABETICALLY BY Name 

address   name                                                   
-------   ----                                                   
000031c5  Board_init                                             
000ae4eb  Board_initHook                                         
00001bdd  Board_sendExtFlashByte                                 
00001b3d  Board_shutDownExtFlash                                 
000028a1  Board_wakeUpExtFlash                                   
00003508  C$$EXIT                                                
000034a1  ClockP_Params_init                                     
00001ed9  ClockP_construct                                       
00003061  ClockP_destruct                                        
00003411  ClockP_doTick                                          
00003505  ClockP_getSystemTickPeriod                             
00002115  ClockP_getSystemTicks                                  
00000e81  ClockP_getSystemTicks64                                
000022ad  ClockP_getTicks                                        
00001c79  ClockP_getTicksUntilInterrupt                          
00002ec5  ClockP_scheduleNextTick                                
00000a01  ClockP_start                                           
000008b9  ClockP_startup                                         
000034e1  ClockP_stop                                            
00001f21  ClockP_usleep                                          
00001715  ClockP_walkQueueDynamic                                
000af8bd  ClockP_workFuncDynamic                                 
00000228  GPIO_config                                            
000030ed  GPIO_disableInt                                        
00002159  GPIO_hwiIntFxn                                         
000af3f9  GPIO_init                                              
00000257  GPIO_pinLowerBound                                     
00000302  GPIO_pinUpperBound                                     
000024ed  GPIO_resetConfig                                       
000034e7  GPIO_setConfig                                         
00000551  GPIO_setConfigAndMux                                   
000032e1  GPIO_write                                             
00003509  HOSTexit                                               
00003295  HwiP_Params_init                                       
00000c65  HwiP_construct                                         
00002ca9  HwiP_disable                                           
000028d1  HwiP_dispatch                                          
00003105  HwiP_restore                                           
20000ddc  HwiP_swiPIntNum                                        
0000311d  ITMCC26XX_flush                                        
00003135  ITMCC26XX_restore                                      
0000307d  ITM_applyPinMux                                        
00001885  ITM_commonFlush                                        
00002acd  ITM_commonRestore                                      
000032f1  ITM_disableExceptionTrace                              
00003209  ITM_disablePCAndEventSampling                          
000033a1  ITM_flush                                              
000af7e1  ITM_open                                               
000033af  ITM_restore                                            
00003025  ITM_send32Atomic                                       
00001521  ITM_sendBufferAtomic                                   
00002619  NOROM_AUXSYSIFOpModeChange                             
000034c9  NOROM_CPUcpsid                                         
000034d1  NOROM_CPUcpsie                                         
000034ed  NOROM_CPUdelay                                         
000029f1  NOROM_IntRegister                                      
00001589  NOROM_OSCHF_AttemptToSwitchToXosc                      
00002651  NOROM_OSCHF_SwitchToRcOscTurnOffXosc                   
00002ccd  NOROM_OSCHF_TurnOnXosc                                 
00002529  NOROM_OSC_HPOSCRelativeFrequencyOffsetGet              
0000219d  NOROM_PRCMPowerDomainsAllOff                           
000021e1  NOROM_PRCMPowerDomainsAllOn                            
000af98d  NOROM_SetupTrimDevice                                  
000af6f1  NOROM_SysCtrlStandby                                   
00002ee5  NOROM_ThisLibraryIsFor_CC13x2x7_CC26x2x7_HaltIfViolated
0000321d  PTLS_taskDeleteHook                                    
000022ed  PowerCC26X2_RCOSC_clockFunc                            
000ae685  PowerCC26X2_auxISR                                     
000af1e1  PowerCC26X2_calibrate                                  
000001c8  PowerCC26X2_config                                     
00002f05  PowerCC26X2_disableTCXOQual                            
00002f25  PowerCC26X2_enableTCXOQual                             
000015ed  PowerCC26X2_initiateCalibration                        
2000096c  PowerCC26X2_module                                     
00003429  PowerCC26X2_oscClockSourceGet                          
00003301  PowerCC26X2_oscCtlClearXtal                            
000026c1  PowerCC26X2_oscDisableQualifiers                       
0000350d  PowerCC26X2_oschfSwitchToRcosc                         
000034d9  PowerCC26X2_oschfTrySwitchToXosc                       
00003311  PowerCC26X2_prcmEnableCacheRetention                   
00003321  PowerCC26X2_readCtrim                                  
00003331  PowerCC26X2_readCtrimFract                             
00003341  PowerCC26X2_readRtrim                                  
0000232d  PowerCC26X2_setAclkRefSrc                              
00003435  PowerCC26X2_setPeriphDeepSleepEnable                   
00002769  PowerCC26X2_setSubSecIncToXoscLf                       
00002565  PowerCC26X2_setTdcClkSrc24M                            
00003351  PowerCC26X2_switchToTCXO                               
00003441  PowerCC26X2_sysCtrlGetResetSource                      
000034ab  PowerCC26X2_sysCtrlStandby                             
0000344d  PowerCC26X2_sysCtrlUpdateVoltageRegulator              
00003511  PowerCC26X2_turnOnXosc                                 
00001069  PowerCC26X2_updateSubSecInc                            
00002cf1  PowerCC26X2_writeCtrim                                 
00002d15  PowerCC26X2_writeCtrimFract                            
00002d39  PowerCC26X2_writeCtrimFractEn                          
00002d5d  PowerCC26X2_writeRtrim                                 
0000314d  PowerCC26XX_calibrate                                  
00003361  PowerCC26XX_schedulerDisable                           
00003515  PowerCC26XX_schedulerRestore                           
000afcc9  PowerCC26XX_standbyPolicy                              
00003459  Power_getConstraintMask                                
00003099  Power_getTransitionLatency                             
00003165  Power_idleFunc                                         
000af0c9  Power_init                                             
0000279d  Power_releaseConstraint                                
00000761  Power_releaseDependency                                
00002901  Power_setConstraint                                    
00000601  Power_setDependency                                    
000ae819  Power_sleep                                            
000030d1  QueueP_get                                             
00003043  QueueP_put                                             
00002af5  SemaphoreP_pend                                        
00002f45  SemaphoreP_post                                        
000afd8d  SwiP_construct                                         
000aff11  SwiP_dispatch                                          
000013e9  SwiP_post                                              
00003519  SystemP_vsnprintf                                      
000032b9  TI_memcpy_small                                        
000033f5  TI_memset_small                                        
20000e34  TimerPCC26XX_hooks                                     
00000a9d  TimerP_construct                                       
000018dd  TimerP_dynamicStub                                     
00002b1d  TimerP_setNextTick                                     
00002b45  TimerP_setThreshold                                    
00001cc5  TimerP_start                                           
00003231  TimerP_startup                                         
00000304  TimestampP_nativeFormat32                              
00003540  TimestampP_nativeFormat32_copy                         
00000308  TimestampP_nativeFormat64                              
0000353c  TimestampP_nativeFormat64_copy                         
20024000  __STACK_END                                            
00000640  __STACK_SIZE                                           
20024000  __STACK_TOP                                            
00000000  __TI_ATRegion0_region_sz                               
00000000  __TI_ATRegion0_src_addr                                
00000000  __TI_ATRegion0_trg_addr                                
00000000  __TI_ATRegion1_region_sz                               
00000000  __TI_ATRegion1_src_addr                                
00000000  __TI_ATRegion1_trg_addr                                
00000000  __TI_ATRegion2_region_sz                               
00000000  __TI_ATRegion2_src_addr                                
00000000  __TI_ATRegion2_trg_addr                                
000035d8  __TI_CINIT_Base                                        
00003600  __TI_CINIT_Limit                                       
00003600  __TI_CINIT_Warm                                        
000035ac  __TI_Handler_Table_Base                                
000035b8  __TI_Handler_Table_Limit                               
00002731  __TI_auto_init_nobinit_nopinit                         
000010dd  __TI_decompress_lzss                                   
00003403  __TI_decompress_none                                   
ffffffff  __TI_pprof_out_hndl                                    
ffffffff  __TI_prof_data_size                                    
ffffffff  __TI_prof_data_start                                   
00000000  __TI_static_base__                                     
00003391  __TI_zero_init                                         
000ae33f  __adddf3                                               
00002041  __aeabi_d2iz                                           
00002269  __aeabi_d2uiz                                          
000ae33f  __aeabi_dadd                                           
00000dfd  __aeabi_dcmpeq                                         
00000e4b  __aeabi_dcmpge                                         
00000e65  __aeabi_dcmpgt                                         
00000e31  __aeabi_dcmple                                         
00000e17  __aeabi_dcmplt                                         
0000351d  __aeabi_dmul                                           
000ae335  __aeabi_dsub                                           
0000236d  __aeabi_errno_addr                                     
000029c1  __aeabi_i2d                                            
000af6ef  __aeabi_ldiv0                                          
000032d7  __aeabi_memclr                                         
000032d7  __aeabi_memclr4                                        
000032d7  __aeabi_memclr8                                        
00003535  __aeabi_memcpy                                         
00003535  __aeabi_memcpy4                                        
00003535  __aeabi_memcpy8                                        
00003539  __aeabi_memmove                                        
00003539  __aeabi_memmove4                                       
00003539  __aeabi_memmove8                                       
000032cd  __aeabi_memset                                         
000032cd  __aeabi_memset4                                        
000032cd  __aeabi_memset8                                        
00003281  __aeabi_uldivmod                                       
ffffffff  __binit__                                              
00000314  __c_args__                                             
000affa8  __ccfg                                                 
000016b5  __cmpdf2                                               
000016b5  __eqdf2                                                
00002041  __fixdfsi                                              
00002269  __fixunsdfsi                                           
000029c1  __floatsidf                                            
00001771  __gedf2                                                
00001771  __gtdf2                                                
000016b5  __ledf2                                                
000016b5  __ltdf2                                                
UNDEFED   __mpu_init                                             
000af4f9  __muldf3                                               
000016b5  __nedf2                                                
200239c0  __stack                                                
ffffffff  __start___llvm_prf_bits                                
ffffffff  __start___llvm_prf_cnts                                
ffffffff  __stop___llvm_prf_bits                                 
ffffffff  __stop___llvm_prf_cnts                                 
000ae335  __subdf3                                               
000006b1  __udivmoddi4                                           
00003245  _args_main                                             
00002961  _c_int00                                               
20000e18  _hposcCoeffs                                           
UNDEFED   _system_post_cinit                                     
00003521  _system_pre_init                                       
000034ff  abort                                                  
00003525  aligned_alloc                                          
ffffffff  binit                                                  
000027d1  calloc                                                 
00002a1d  eTaskConfirmSleepModeStatus                            
00003465  free                                                   
20000740  gpioCallbackFunctions                                  
20000bb8  gpioPinConfigs                                         
200007bc  gpioUserArgs                                           
00001f69  host_link_init                                         
000ae4ed  host_link_poll                                         
000024ad  host_proto_crc16_ccitt_false                           
0000137d  host_proto_encode_frame                                
000034b5  host_proto_parser_init                                 
000af5f5  host_proto_parser_push                                 
00001a95  host_proto_type_name                                   
00000ced  host_uart_init                                         
000026f9  host_uart_read_byte                                    
000025a1  host_uart_write                                        
20000e40  itmHwAttrs                                             
00002805  localProgramStart                                      
00001935  main                                                   
00002da5  mainThread                                             
0000286d  malloc                                                 
00001ae9  memalign                                               
00002b6d  memmove                                                
00003259  pthread_attr_init                                      
00003471  pthread_attr_setdetachstate                            
000032a7  pthread_attr_setschedparam                             
000034f9  pthread_attr_setstacksize                              
000afe51  pthread_create                                         
00001a3d  pthread_exit                                           
0000347d  pthread_self                                           
000afbfd  pvPortMalloc                                           
00003195  pvTaskIncrementMutexHeldCount                          
20000e44  pxCurrentTCB                                           
00002e11  pxPortInitialiseStack                                  
00001e8d  realloc                                                
00003381  resetISR                                               
000000d8  resourceDB                                             
00001829  swoDebugBootSelfTest                                   
00002bbd  swoDebugInit                                           
00003489  swoDebugInitOrDie                                      
0000242d  swoDebugPrintf                                         
00002be5  swoDebugWriteLine                                      
20000e48  ti154stack_lib_date                                    
20000e4c  ti154stack_lib_time                                    
20000e50  ti154stack_lib_version                                 
000034bf  uartTransportRun                                       
00002e7d  uxListRemove                                           
0000030c  uxTopUsedPriority                                      
000024eb  vApplicationStackOverflowHook                          
00002991  vListInsert                                            
000031f1  vListInsertEnd                                         
00002fc5  vPortEnterCritical                                     
000031ad  vPortExitCritical                                      
00001da9  vPortFree                                              
00002ea1  vPortSVCHandler                                        
00002c0d  vPortSetupTimerInterrupt                               
00003495  vQueueDelete                                           
00002089  vQueueWaitForMessageRestricted                         
00000321  vTaskDelete                                            
00002fe5  vTaskPlaceOnEventList                                  
0000246d  vTaskPlaceOnEventListRestricted                        
00000bd1  vTaskPriorityDisinheritAfterTimeout                    
00003005  vTaskSetApplicationTaskTag                             
00001451  vTaskStartScheduler                                    
00002a75  vTaskStepTick                                          
000003dd  vTaskSuspend                                           
00000efd  vTaskSwitchContext                                     
20000e58  wisun_protocol_version                                 
20000e5c  wisun_stack_version                                    
00001651  xPortPendSVHandler                                     
00001fb1  xPortStartScheduler                                    
00002aa1  xPortSysTickHandler                                    
00002c35  xQueueCreateCountingSemaphoreStatic                    
000020cf  xQueueGenericCreate                                    
00002c83  xQueueGenericCreateStatic                              
00000b39  xQueueGenericReset                                     
000aee85  xQueueGenericSend                                      
000014b9  xQueueGiveFromISR                                      
000af2ed  xQueueReceive                                          
00000ff1  xQueueReceiveFromISR                                   
000aeac9  xQueueSemaphoreTake                                    
00001df5  xTaskCheckForTimeOut                                   
000019e5  xTaskCreate                                            
00001e41  xTaskCreateStatic                                      
000030b5  xTaskGetApplicationTaskTag                             
000aed55  xTaskIncrementTick                                     
00000d75  xTaskPriorityDisinherit                                
00000499  xTaskPriorityInherit                                   
000afb2d  xTaskRemoveFromEventList                               
000aefad  xTaskResumeAll                                         
00001ff9  xTimerCreateTimerTask                                  


GLOBAL SYMBOLS: SORTED BY Symbol Address 

address   name                                                   
-------   ----                                                   
00000000  __TI_ATRegion0_region_sz                               
00000000  __TI_ATRegion0_src_addr                                
00000000  __TI_ATRegion0_trg_addr                                
00000000  __TI_ATRegion1_region_sz                               
00000000  __TI_ATRegion1_src_addr                                
00000000  __TI_ATRegion1_trg_addr                                
00000000  __TI_ATRegion2_region_sz                               
00000000  __TI_ATRegion2_src_addr                                
00000000  __TI_ATRegion2_trg_addr                                
00000000  __TI_static_base__                                     
000000d8  resourceDB                                             
000001c8  PowerCC26X2_config                                     
00000228  GPIO_config                                            
00000257  GPIO_pinLowerBound                                     
00000302  GPIO_pinUpperBound                                     
00000304  TimestampP_nativeFormat32                              
00000308  TimestampP_nativeFormat64                              
0000030c  uxTopUsedPriority                                      
00000314  __c_args__                                             
00000321  vTaskDelete                                            
000003dd  vTaskSuspend                                           
00000499  xTaskPriorityInherit                                   
00000551  GPIO_setConfigAndMux                                   
00000601  Power_setDependency                                    
00000640  __STACK_SIZE                                           
000006b1  __udivmoddi4                                           
00000761  Power_releaseDependency                                
000008b9  ClockP_startup                                         
00000a01  ClockP_start                                           
00000a9d  TimerP_construct                                       
00000b39  xQueueGenericReset                                     
00000bd1  vTaskPriorityDisinheritAfterTimeout                    
00000c65  HwiP_construct                                         
00000ced  host_uart_init                                         
00000d75  xTaskPriorityDisinherit                                
00000dfd  __aeabi_dcmpeq                                         
00000e17  __aeabi_dcmplt                                         
00000e31  __aeabi_dcmple                                         
00000e4b  __aeabi_dcmpge                                         
00000e65  __aeabi_dcmpgt                                         
00000e81  ClockP_getSystemTicks64                                
00000efd  vTaskSwitchContext                                     
00000ff1  xQueueReceiveFromISR                                   
00001069  PowerCC26X2_updateSubSecInc                            
000010dd  __TI_decompress_lzss                                   
0000137d  host_proto_encode_frame                                
000013e9  SwiP_post                                              
00001451  vTaskStartScheduler                                    
000014b9  xQueueGiveFromISR                                      
00001521  ITM_sendBufferAtomic                                   
00001589  NOROM_OSCHF_AttemptToSwitchToXosc                      
000015ed  PowerCC26X2_initiateCalibration                        
00001651  xPortPendSVHandler                                     
000016b5  __cmpdf2                                               
000016b5  __eqdf2                                                
000016b5  __ledf2                                                
000016b5  __ltdf2                                                
000016b5  __nedf2                                                
00001715  ClockP_walkQueueDynamic                                
00001771  __gedf2                                                
00001771  __gtdf2                                                
00001829  swoDebugBootSelfTest                                   
00001885  ITM_commonFlush                                        
000018dd  TimerP_dynamicStub                                     
00001935  main                                                   
000019e5  xTaskCreate                                            
00001a3d  pthread_exit                                           
00001a95  host_proto_type_name                                   
00001ae9  memalign                                               
00001b3d  Board_shutDownExtFlash                                 
00001bdd  Board_sendExtFlashByte                                 
00001c79  ClockP_getTicksUntilInterrupt                          
00001cc5  TimerP_start                                           
00001da9  vPortFree                                              
00001df5  xTaskCheckForTimeOut                                   
00001e41  xTaskCreateStatic                                      
00001e8d  realloc                                                
00001ed9  ClockP_construct                                       
00001f21  ClockP_usleep                                          
00001f69  host_link_init                                         
00001fb1  xPortStartScheduler                                    
00001ff9  xTimerCreateTimerTask                                  
00002041  __aeabi_d2iz                                           
00002041  __fixdfsi                                              
00002089  vQueueWaitForMessageRestricted                         
000020cf  xQueueGenericCreate                                    
00002115  ClockP_getSystemTicks                                  
00002159  GPIO_hwiIntFxn                                         
0000219d  NOROM_PRCMPowerDomainsAllOff                           
000021e1  NOROM_PRCMPowerDomainsAllOn                            
00002269  __aeabi_d2uiz                                          
00002269  __fixunsdfsi                                           
000022ad  ClockP_getTicks                                        
000022ed  PowerCC26X2_RCOSC_clockFunc                            
0000232d  PowerCC26X2_setAclkRefSrc                              
0000236d  __aeabi_errno_addr                                     
0000242d  swoDebugPrintf                                         
0000246d  vTaskPlaceOnEventListRestricted                        
000024ad  host_proto_crc16_ccitt_false                           
000024eb  vApplicationStackOverflowHook                          
000024ed  GPIO_resetConfig                                       
00002529  NOROM_OSC_HPOSCRelativeFrequencyOffsetGet              
00002565  PowerCC26X2_setTdcClkSrc24M                            
000025a1  host_uart_write                                        
00002619  NOROM_AUXSYSIFOpModeChange                             
00002651  NOROM_OSCHF_SwitchToRcOscTurnOffXosc                   
000026c1  PowerCC26X2_oscDisableQualifiers                       
000026f9  host_uart_read_byte                                    
00002731  __TI_auto_init_nobinit_nopinit                         
00002769  PowerCC26X2_setSubSecIncToXoscLf                       
0000279d  Power_releaseConstraint                                
000027d1  calloc                                                 
00002805  localProgramStart                                      
0000286d  malloc                                                 
000028a1  Board_wakeUpExtFlash                                   
000028d1  HwiP_dispatch                                          
00002901  Power_setConstraint                                    
00002961  _c_int00                                               
00002991  vListInsert                                            
000029c1  __aeabi_i2d                                            
000029c1  __floatsidf                                            
000029f1  NOROM_IntRegister                                      
00002a1d  eTaskConfirmSleepModeStatus                            
00002a75  vTaskStepTick                                          
00002aa1  xPortSysTickHandler                                    
00002acd  ITM_commonRestore                                      
00002af5  SemaphoreP_pend                                        
00002b1d  TimerP_setNextTick                                     
00002b45  TimerP_setThreshold                                    
00002b6d  memmove                                                
00002bbd  swoDebugInit                                           
00002be5  swoDebugWriteLine                                      
00002c0d  vPortSetupTimerInterrupt                               
00002c35  xQueueCreateCountingSemaphoreStatic                    
00002c83  xQueueGenericCreateStatic                              
00002ca9  HwiP_disable                                           
00002ccd  NOROM_OSCHF_TurnOnXosc                                 
00002cf1  PowerCC26X2_writeCtrim                                 
00002d15  PowerCC26X2_writeCtrimFract                            
00002d39  PowerCC26X2_writeCtrimFractEn                          
00002d5d  PowerCC26X2_writeRtrim                                 
00002da5  mainThread                                             
00002e11  pxPortInitialiseStack                                  
00002e7d  uxListRemove                                           
00002ea1  vPortSVCHandler                                        
00002ec5  ClockP_scheduleNextTick                                
00002ee5  NOROM_ThisLibraryIsFor_CC13x2x7_CC26x2x7_HaltIfViolated
00002f05  PowerCC26X2_disableTCXOQual                            
00002f25  PowerCC26X2_enableTCXOQual                             
00002f45  SemaphoreP_post                                        
00002fc5  vPortEnterCritical                                     
00002fe5  vTaskPlaceOnEventList                                  
00003005  vTaskSetApplicationTaskTag                             
00003025  ITM_send32Atomic                                       
00003043  QueueP_put                                             
00003061  ClockP_destruct                                        
0000307d  ITM_applyPinMux                                        
00003099  Power_getTransitionLatency                             
000030b5  xTaskGetApplicationTaskTag                             
000030d1  QueueP_get                                             
000030ed  GPIO_disableInt                                        
00003105  HwiP_restore                                           
0000311d  ITMCC26XX_flush                                        
00003135  ITMCC26XX_restore                                      
0000314d  PowerCC26XX_calibrate                                  
00003165  Power_idleFunc                                         
00003195  pvTaskIncrementMutexHeldCount                          
000031ad  vPortExitCritical                                      
000031c5  Board_init                                             
000031f1  vListInsertEnd                                         
00003209  ITM_disablePCAndEventSampling                          
0000321d  PTLS_taskDeleteHook                                    
00003231  TimerP_startup                                         
00003245  _args_main                                             
00003259  pthread_attr_init                                      
00003281  __aeabi_uldivmod                                       
00003295  HwiP_Params_init                                       
000032a7  pthread_attr_setschedparam                             
000032b9  TI_memcpy_small                                        
000032cd  __aeabi_memset                                         
000032cd  __aeabi_memset4                                        
000032cd  __aeabi_memset8                                        
000032d7  __aeabi_memclr                                         
000032d7  __aeabi_memclr4                                        
000032d7  __aeabi_memclr8                                        
000032e1  GPIO_write                                             
000032f1  ITM_disableExceptionTrace                              
00003301  PowerCC26X2_oscCtlClearXtal                            
00003311  PowerCC26X2_prcmEnableCacheRetention                   
00003321  PowerCC26X2_readCtrim                                  
00003331  PowerCC26X2_readCtrimFract                             
00003341  PowerCC26X2_readRtrim                                  
00003351  PowerCC26X2_switchToTCXO                               
00003361  PowerCC26XX_schedulerDisable                           
00003381  resetISR                                               
00003391  __TI_zero_init                                         
000033a1  ITM_flush                                              
000033af  ITM_restore                                            
000033f5  TI_memset_small                                        
00003403  __TI_decompress_none                                   
00003411  ClockP_doTick                                          
00003429  PowerCC26X2_oscClockSourceGet                          
00003435  PowerCC26X2_setPeriphDeepSleepEnable                   
00003441  PowerCC26X2_sysCtrlGetResetSource                      
0000344d  PowerCC26X2_sysCtrlUpdateVoltageRegulator              
00003459  Power_getConstraintMask                                
00003465  free                                                   
00003471  pthread_attr_setdetachstate                            
0000347d  pthread_self                                           
00003489  swoDebugInitOrDie                                      
00003495  vQueueDelete                                           
000034a1  ClockP_Params_init                                     
000034ab  PowerCC26X2_sysCtrlStandby                             
000034b5  host_proto_parser_init                                 
000034bf  uartTransportRun                                       
000034c9  NOROM_CPUcpsid                                         
000034d1  NOROM_CPUcpsie                                         
000034d9  PowerCC26X2_oschfTrySwitchToXosc                       
000034e1  ClockP_stop                                            
000034e7  GPIO_setConfig                                         
000034ed  NOROM_CPUdelay                                         
000034f9  pthread_attr_setstacksize                              
000034ff  abort                                                  
00003505  ClockP_getSystemTickPeriod                             
00003508  C$$EXIT                                                
00003509  HOSTexit                                               
0000350d  PowerCC26X2_oschfSwitchToRcosc                         
00003511  PowerCC26X2_turnOnXosc                                 
00003515  PowerCC26XX_schedulerRestore                           
00003519  SystemP_vsnprintf                                      
0000351d  __aeabi_dmul                                           
00003521  _system_pre_init                                       
00003525  aligned_alloc                                          
00003535  __aeabi_memcpy                                         
00003535  __aeabi_memcpy4                                        
00003535  __aeabi_memcpy8                                        
00003539  __aeabi_memmove                                        
00003539  __aeabi_memmove4                                       
00003539  __aeabi_memmove8                                       
0000353c  TimestampP_nativeFormat64_copy                         
00003540  TimestampP_nativeFormat32_copy                         
000035ac  __TI_Handler_Table_Base                                
000035b8  __TI_Handler_Table_Limit                               
000035d8  __TI_CINIT_Base                                        
00003600  __TI_CINIT_Limit                                       
00003600  __TI_CINIT_Warm                                        
000ae335  __aeabi_dsub                                           
000ae335  __subdf3                                               
000ae33f  __adddf3                                               
000ae33f  __aeabi_dadd                                           
000ae4eb  Board_initHook                                         
000ae4ed  host_link_poll                                         
000ae685  PowerCC26X2_auxISR                                     
000ae819  Power_sleep                                            
000aeac9  xQueueSemaphoreTake                                    
000aed55  xTaskIncrementTick                                     
000aee85  xQueueGenericSend                                      
000aefad  xTaskResumeAll                                         
000af0c9  Power_init                                             
000af1e1  PowerCC26X2_calibrate                                  
000af2ed  xQueueReceive                                          
000af3f9  GPIO_init                                              
000af4f9  __muldf3                                               
000af5f5  host_proto_parser_push                                 
000af6ef  __aeabi_ldiv0                                          
000af6f1  NOROM_SysCtrlStandby                                   
000af7e1  ITM_open                                               
000af8bd  ClockP_workFuncDynamic                                 
000af98d  NOROM_SetupTrimDevice                                  
000afb2d  xTaskRemoveFromEventList                               
000afbfd  pvPortMalloc                                           
000afcc9  PowerCC26XX_standbyPolicy                              
000afd8d  SwiP_construct                                         
000afe51  pthread_create                                         
000aff11  SwiP_dispatch                                          
000affa8  __ccfg                                                 
20000740  gpioCallbackFunctions                                  
200007bc  gpioUserArgs                                           
2000096c  PowerCC26X2_module                                     
20000bb8  gpioPinConfigs                                         
20000ddc  HwiP_swiPIntNum                                        
20000e18  _hposcCoeffs                                           
20000e34  TimerPCC26XX_hooks                                     
20000e40  itmHwAttrs                                             
20000e44  pxCurrentTCB                                           
20000e48  ti154stack_lib_date                                    
20000e4c  ti154stack_lib_time                                    
20000e50  ti154stack_lib_version                                 
20000e58  wisun_protocol_version                                 
20000e5c  wisun_stack_version                                    
200239c0  __stack                                                
20024000  __STACK_END                                            
20024000  __STACK_TOP                                            
ffffffff  __TI_pprof_out_hndl                                    
ffffffff  __TI_prof_data_size                                    
ffffffff  __TI_prof_data_start                                   
ffffffff  __binit__                                              
ffffffff  __start___llvm_prf_bits                                
ffffffff  __start___llvm_prf_cnts                                
ffffffff  __stop___llvm_prf_bits                                 
ffffffff  __stop___llvm_prf_cnts                                 
ffffffff  binit                                                  
UNDEFED   __mpu_init                                             
UNDEFED   _system_post_cinit                                     

[304 symbols]
