Archive member included to satisfy reference by file (symbol)

/Users/diegosmacbook/.silabs/slt/installs/conan/p/gcc-af360b79bab9e3/p/bin/../lib/gcc/arm-none-eabi/12.2.1/thumb/v8-m.main+fp/hard/libgcc.a(_aeabi_ldivmod.o)
                              CMakeFiles/sensor_mcu.dir/base/Users/diegosmacbook/.silabs/slt/installs/conan/p/simpleb526998f4a4d/p/platform/emlib/src/em_eusart.c.obj (__aeabi_ldivmod)
/Users/diegosmacbook/.silabs/slt/installs/conan/p/gcc-af360b79bab9e3/p/bin/../lib/gcc/arm-none-eabi/12.2.1/thumb/v8-m.main+fp/hard/libgcc.a(_aeabi_uldivmod.o)
                              CMakeFiles/sensor_mcu.dir/base/Users/diegosmacbook/.silabs/slt/installs/conan/p/simpleb526998f4a4d/p/platform/emlib/src/em_eusart.c.obj (__aeabi_uldivmod)
/Users/diegosmacbook/.silabs/slt/installs/conan/p/gcc-af360b79bab9e3/p/bin/../lib/gcc/arm-none-eabi/12.2.1/thumb/v8-m.main+fp/hard/libgcc.a(_udivmoddi4.o)
                              /Users/diegosmacbook/.silabs/slt/installs/conan/p/gcc-af360b79bab9e3/p/bin/../lib/gcc/arm-none-eabi/12.2.1/thumb/v8-m.main+fp/hard/libgcc.a(_aeabi_ldivmod.o) (__udivmoddi4)
/Users/diegosmacbook/.silabs/slt/installs/conan/p/gcc-af360b79bab9e3/p/bin/../lib/gcc/arm-none-eabi/12.2.1/thumb/v8-m.main+fp/hard/libgcc.a(_dvmd_tls.o)
                              /Users/diegosmacbook/.silabs/slt/installs/conan/p/gcc-af360b79bab9e3/p/bin/../lib/gcc/arm-none-eabi/12.2.1/thumb/v8-m.main+fp/hard/libgcc.a(_aeabi_ldivmod.o) (__aeabi_ldiv0)
/Users/diegosmacbook/.silabs/slt/installs/conan/p/gcc-af360b79bab9e3/p/bin/../lib/gcc/arm-none-eabi/12.2.1/../../../../arm-none-eabi/lib/thumb/v8-m.main+fp/hard/libc_nano.a(libc_a-exit.o)
                              /Users/diegosmacbook/.silabs/slt/installs/conan/p/gcc-af360b79bab9e3/p/bin/../lib/gcc/arm-none-eabi/12.2.1/../../../../arm-none-eabi/lib/thumb/v8-m.main+fp/hard/crt0.o (exit)
/Users/diegosmacbook/.silabs/slt/installs/conan/p/gcc-af360b79bab9e3/p/bin/../lib/gcc/arm-none-eabi/12.2.1/../../../../arm-none-eabi/lib/thumb/v8-m.main+fp/hard/libc_nano.a(libc_a-findfp.o)
                              /Users/diegosmacbook/.silabs/slt/installs/conan/p/gcc-af360b79bab9e3/p/bin/../lib/gcc/arm-none-eabi/12.2.1/../../../../arm-none-eabi/lib/thumb/v8-m.main+fp/hard/libc_nano.a(libc_a-exit.o) (__stdio_exit_handler)
/Users/diegosmacbook/.silabs/slt/installs/conan/p/gcc-af360b79bab9e3/p/bin/../lib/gcc/arm-none-eabi/12.2.1/../../../../arm-none-eabi/lib/thumb/v8-m.main+fp/hard/libc_nano.a(libc_a-fwalk.o)
                              /Users/diegosmacbook/.silabs/slt/installs/conan/p/gcc-af360b79bab9e3/p/bin/../lib/gcc/arm-none-eabi/12.2.1/../../../../arm-none-eabi/lib/thumb/v8-m.main+fp/hard/libc_nano.a(libc_a-findfp.o) (_fwalk_sglue)
/Users/diegosmacbook/.silabs/slt/installs/conan/p/gcc-af360b79bab9e3/p/bin/../lib/gcc/arm-none-eabi/12.2.1/../../../../arm-none-eabi/lib/thumb/v8-m.main+fp/hard/libc_nano.a(libc_a-printf.o)
                              CMakeFiles/slc.dir/base/Users/diegosmacbook/Documents/PyroNet/firmware/sensor_mcu/app.c.obj (printf)
/Users/diegosmacbook/.silabs/slt/installs/conan/p/gcc-af360b79bab9e3/p/bin/../lib/gcc/arm-none-eabi/12.2.1/../../../../arm-none-eabi/lib/thumb/v8-m.main+fp/hard/libc_nano.a(libc_a-putchar.o)
                              CMakeFiles/slc.dir/base/Users/diegosmacbook/Documents/PyroNet/firmware/sensor_mcu/app.c.obj (putchar)
/Users/diegosmacbook/.silabs/slt/installs/conan/p/gcc-af360b79bab9e3/p/bin/../lib/gcc/arm-none-eabi/12.2.1/../../../../arm-none-eabi/lib/thumb/v8-m.main+fp/hard/libc_nano.a(libc_a-puts.o)
                              CMakeFiles/slc.dir/base/Users/diegosmacbook/Documents/PyroNet/firmware/sensor_mcu/app.c.obj (puts)
/Users/diegosmacbook/.silabs/slt/installs/conan/p/gcc-af360b79bab9e3/p/bin/../lib/gcc/arm-none-eabi/12.2.1/../../../../arm-none-eabi/lib/thumb/v8-m.main+fp/hard/libc_nano.a(libc_a-memset.o)
                              /Users/diegosmacbook/.silabs/slt/installs/conan/p/gcc-af360b79bab9e3/p/bin/../lib/gcc/arm-none-eabi/12.2.1/../../../../arm-none-eabi/lib/thumb/v8-m.main+fp/hard/crt0.o (memset)
/Users/diegosmacbook/.silabs/slt/installs/conan/p/gcc-af360b79bab9e3/p/bin/../lib/gcc/arm-none-eabi/12.2.1/../../../../arm-none-eabi/lib/thumb/v8-m.main+fp/hard/libc_nano.a(libc_a-impure.o)
                              /Users/diegosmacbook/.silabs/slt/installs/conan/p/gcc-af360b79bab9e3/p/bin/../lib/gcc/arm-none-eabi/12.2.1/../../../../arm-none-eabi/lib/thumb/v8-m.main+fp/hard/libc_nano.a(libc_a-printf.o) (_impure_ptr)
/Users/diegosmacbook/.silabs/slt/installs/conan/p/gcc-af360b79bab9e3/p/bin/../lib/gcc/arm-none-eabi/12.2.1/../../../../arm-none-eabi/lib/thumb/v8-m.main+fp/hard/libc_nano.a(libc_a-init.o)
                              /Users/diegosmacbook/.silabs/slt/installs/conan/p/gcc-af360b79bab9e3/p/bin/../lib/gcc/arm-none-eabi/12.2.1/../../../../arm-none-eabi/lib/thumb/v8-m.main+fp/hard/crt0.o (__libc_init_array)
[...]
Memory Configuration

Name             Origin             Length             Attributes
FLASH            0x0000000008000000 0x00000000000fe000 xr
RAM              0x0000000020000000 0x0000000000040000 xrw
*default*        0x0000000000000000 0xffffffffffffffff

Linker script and memory map

LOAD /Users/diegosmacbook/.silabs/slt/installs/conan/p/gcc-af360b79bab9e3/p/bin/../lib/gcc/arm-none-eabi/12.2.1/thumb/v8-m.main+fp/hard/crti.o
LOAD /Users/diegosmacbook/.silabs/slt/installs/conan/p/gcc-af360b79bab9e3/p/bin/../lib/gcc/arm-none-eabi/12.2.1/thumb/v8-m.main+fp/hard/crtbegin.o
LOAD /Users/diegosmacbook/.silabs/slt/installs/conan/p/gcc-af360b79bab9e3/p/bin/../lib/gcc/arm-none-eabi/12.2.1/../../../../arm-none-eabi/lib/thumb/v8-m.main+fp/hard/crt0.o
LOAD CMakeFiles/slc.dir/base/Users/diegosmacbook/.silabs/slt/installs/conan/p/simpleb526998f4a4d/p/platform/common/src/sl_assert.c.obj
LOAD CMakeFiles/slc.dir/base/Users/diegosmacbook/.silabs/slt/installs/conan/p/simpleb526998f4a4d/p/platform/common/src/sl_core_cortexm.c.obj
LOAD CMakeFiles/slc.dir/base/Users/diegosmacbook/.silabs/slt/installs/conan/p/simpleb526998f4a4d/p/platform/common/src/sl_syscalls.c.obj
LOAD CMakeFiles/slc.dir/base/Users/diegosmacbook/.silabs/slt/installs/conan/p/simpleb526998f4a4d/p/platform/Device/SiliconLabs/EFR32FG28/Source/startup_efr32fg28.c.obj
LOAD CMakeFiles/slc.dir/base/Users/diegosmacbook/.silabs/slt/installs/conan/p/simpleb526998f4a4d/p/platform/Device/SiliconLabs/EFR32FG28/Source/system_efr32fg28.c.obj
LOAD CMakeFiles/slc.dir/base/Users/diegosmacbook/.silabs/slt/installs/conan/p/simpleb526998f4a4d/p/platform/driver/gpio/src/sl_gpio.c.obj
LOAD CMakeFiles/slc.dir/base/Users/diegosmacbook/.silabs/slt/installs/conan/p/simpleb526998f4a4d/p/platform/emlib/src/em_cmu.c.obj
LOAD CMakeFiles/slc.dir/base/Users/diegosmacbook/.silabs/slt/installs/conan/p/simpleb526998f4a4d/p/platform/emlib/src/em_emu.c.obj
LOAD CMakeFiles/slc.dir/base/Users/diegosmacbook/.silabs/slt/installs/conan/p/simpleb526998f4a4d/p/platform/emlib/src/em_gpio.c.obj
LOAD CMakeFiles/slc.dir/base/Users/diegosmacbook/.silabs/slt/installs/conan/p/simpleb526998f4a4d/p/platform/emlib/src/em_msc.c.obj
LOAD CMakeFiles/slc.dir/base/Users/diegosmacbook/.silabs/slt/installs/conan/p/simpleb526998f4a4d/p/platform/emlib/src/em_system.c.obj
LOAD CMakeFiles/slc.dir/base/Users/diegosmacbook/.silabs/slt/installs/conan/p/simpleb526998f4a4d/p/platform/peripheral/src/sl_hal_gpio.c.obj
LOAD CMakeFiles/slc.dir/base/Users/diegosmacbook/.silabs/slt/installs/conan/p/simpleb526998f4a4d/p/platform/service/clock_manager/src/sl_clock_manager.c.obj
LOAD CMakeFiles/slc.dir/base/Users/diegosmacbook/.silabs/slt/installs/conan/p/simpleb526998f4a4d/p/platform/service/clock_manager/src/sl_clock_manager_hal_s2.c.obj
LOAD CMakeFiles/slc.dir/base/Users/diegosmacbook/.silabs/slt/installs/conan/p/simpleb526998f4a4d/p/platform/service/clock_manager/src/sl_clock_manager_init.c.obj
LOAD CMakeFiles/slc.dir/base/Users/diegosmacbook/.silabs/slt/installs/conan/p/simpleb526998f4a4d/p/platform/service/clock_manager/src/sl_clock_manager_init_hal_s2.c.obj
LOAD CMakeFiles/slc.dir/base/Users/diegosmacbook/.silabs/slt/installs/conan/p/simpleb526998f4a4d/p/platform/service/device_init/src/sl_device_init_dcdc_s2.c.obj
LOAD CMakeFiles/slc.dir/base/Users/diegosmacbook/.silabs/slt/installs/conan/p/simpleb526998f4a4d/p/platform/service/device_init/src/sl_device_init_emu_s2.c.obj
LOAD CMakeFiles/slc.dir/base/Users/diegosmacbook/.silabs/slt/installs/conan/p/simpleb526998f4a4d/p/platform/service/device_manager/clocks/sl_device_clock_efr32xg28.c.obj
LOAD CMakeFiles/slc.dir/base/Users/diegosmacbook/.silabs/slt/installs/conan/p/simpleb526998f4a4d/p/platform/service/device_manager/src/sl_device_clock.c.obj
LOAD CMakeFiles/slc.dir/base/Users/diegosmacbook/.silabs/slt/installs/conan/p/simpleb526998f4a4d/p/platform/service/device_manager/src/sl_device_gpio.c.obj
LOAD CMakeFiles/slc.dir/base/Users/diegosmacbook/.silabs/slt/installs/conan/p/simpleb526998f4a4d/p/platform/service/interrupt_manager/src/sl_interrupt_manager_cortexm.c.obj
LOAD CMakeFiles/slc.dir/base/Users/diegosmacbook/.silabs/slt/installs/conan/p/simpleb526998f4a4d/p/platform/service/memory_manager/src/sl_memory_manager_region.c.obj
LOAD CMakeFiles/slc.dir/base/Users/diegosmacbook/.silabs/slt/installs/conan/p/simpleb526998f4a4d/p/platform/service/sl_main/src/sl_main_init.c.obj
LOAD CMakeFiles/slc.dir/base/Users/diegosmacbook/.silabs/slt/installs/conan/p/simpleb526998f4a4d/p/platform/service/sl_main/src/sl_main_init_memory.c.obj
LOAD CMakeFiles/slc.dir/base/Users/diegosmacbook/.silabs/slt/installs/conan/p/simpleb526998f4a4d/p/platform/service/sl_main/src/sl_main_process_action.c.obj
LOAD CMakeFiles/slc.dir/base/Users/diegosmacbook/Documents/PyroNet/firmware/sensor_mcu/app.c.obj
LOAD CMakeFiles/slc.dir/base/Users/diegosmacbook/Documents/PyroNet/firmware/sensor_mcu/autogen/sl_event_handler.c.obj
LOAD CMakeFiles/slc.dir/base/Users/diegosmacbook/Documents/PyroNet/firmware/sensor_mcu/main.c.obj
LOAD CMakeFiles/sensor_mcu.dir/base/Users/diegosmacbook/Documents/PyroNet/firmware/sensor_mcu/debug_console.c.obj
LOAD CMakeFiles/sensor_mcu.dir/base/Users/diegosmacbook/Documents/PyroNet/firmware/sensor_mcu/third_party/sps30/sensirion_common.c.obj
LOAD CMakeFiles/sensor_mcu.dir/base/Users/diegosmacbook/Documents/PyroNet/firmware/sensor_mcu/third_party/sps30/sensirion_i2c.c.obj
LOAD CMakeFiles/sensor_mcu.dir/base/Users/diegosmacbook/Documents/PyroNet/firmware/sensor_mcu/third_party/sps30/sps30_i2c.c.obj
LOAD CMakeFiles/sensor_mcu.dir/base/Users/diegosmacbook/.silabs/slt/installs/conan/p/simpleb526998f4a4d/p/platform/emlib/src/em_eusart.c.obj
LOAD CMakeFiles/sensor_mcu.dir/base/Users/diegosmacbook/.silabs/slt/installs/conan/p/simpleb526998f4a4d/p/platform/emlib/src/em_i2c.c.obj
START GROUP
LOAD /Users/diegosmacbook/.silabs/slt/installs/conan/p/gcc-af360b79bab9e3/p/bin/../lib/gcc/arm-none-eabi/12.2.1/thumb/v8-m.main+fp/hard/libgcc.a
LOAD /Users/diegosmacbook/.silabs/slt/installs/conan/p/gcc-af360b79bab9e3/p/bin/../lib/gcc/arm-none-eabi/12.2.1/../../../../arm-none-eabi/lib/thumb/v8-m.main+fp/hard/libc_nano.a
LOAD /Users/diegosmacbook/.silabs/slt/installs/conan/p/gcc-af360b79bab9e3/p/bin/../lib/gcc/arm-none-eabi/12.2.1/../../../../arm-none-eabi/lib/thumb/v8-m.main+fp/hard/libm.a
LOAD /Users/diegosmacbook/.silabs/slt/installs/conan/p/gcc-af360b79bab9e3/p/bin/../lib/gcc/arm-none-eabi/12.2.1/../../../../arm-none-eabi/lib/thumb/v8-m.main+fp/hard/libnosys.a
END GROUP
START GROUP
LOAD /Users/diegosmacbook/.silabs/slt/installs/conan/p/gcc-af360b79bab9e3/p/bin/../lib/gcc/arm-none-eabi/12.2.1/thumb/v8-m.main+fp/hard/libgcc.a
LOAD /Users/diegosmacbook/.silabs/slt/installs/conan/p/gcc-af360b79bab9e3/p/bin/../lib/gcc/arm-none-eabi/12.2.1/../../../../arm-none-eabi/lib/thumb/v8-m.main+fp/hard/libc_nano.a
END GROUP
START GROUP
LOAD /Users/diegosmacbook/.silabs/slt/installs/conan/p/gcc-af360b79bab9e3/p/bin/../lib/gcc/arm-none-eabi/12.2.1/thumb/v8-m.main+fp/hard/libgcc.a
LOAD /Users/diegosmacbook/.silabs/slt/installs/conan/p/gcc-af360b79bab9e3/p/bin/../lib/gcc/arm-none-eabi/12.2.1/../../../../arm-none-eabi/lib/thumb/v8-m.main+fp/hard/libc_nano.a
END GROUP
LOAD /Users/diegosmacbook/.silabs/slt/installs/conan/p/gcc-af360b79bab9e3/p/bin/../lib/gcc/arm-none-eabi/12.2.1/thumb/v8-m.main+fp/hard/crtend.o
LOAD /Users/diegosmacbook/.silabs/slt/installs/conan/p/gcc-af360b79bab9e3/p/bin/../lib/gcc/arm-none-eabi/12.2.1/thumb/v8-m.main+fp/hard/crtn.o

.vectors        0x0000000008000000      0x17c
                0x0000000008000000                linker_vectors_begin = .
 *(.vectors)
 .vectors       0x0000000008000000      0x17c CMakeFiles/slc.dir/base/Users/diegosmacbook/.silabs/slt/installs/conan/p/simpleb526998f4a4d/p/platform/Device/SiliconLabs/EFR32FG28/Source/startup_efr32fg28.c.obj
                0x0000000008000000                __Vectors
                0x000000000800017c                linker_vectors_end = .
                0x000000000800017c                __Vectors_End = .
                0x000000000800017c                __Vectors_Size = (__Vectors_End - __Vectors)

.stack          0x0000000020000000     0x1000
                0x0000000020000000                . = ALIGN (0x8)
                0x0000000020000000                __StackLimit = .
 *(.stack*)
 .stack         0x0000000020000000     0x1000 CMakeFiles/slc.dir/base/Users/diegosmacbook/.silabs/slt/installs/conan/p/simpleb526998f4a4d/p/platform/service/memory_manager/src/sl_memory_manager_region.c.obj
                0x0000000020001000                . = ALIGN (0x4)
                0x0000000020001000                __StackTop = .
                0x0000000020001000                PROVIDE (__stack = __StackTop)

.bss            0x0000000020001000      0x328
                0x0000000020001000                . = ALIGN (0x4)
                0x0000000020001000                __bss_start__ = .
 *(SORT_BY_ALIGNMENT(.bss*))
 .bss.object.0  0x0000000020001000       0x18 /Users/diegosmacbook/.silabs/slt/installs/conan/p/gcc-af360b79bab9e3/p/bin/../lib/gcc/arm-none-eabi/12.2.1/thumb/v8-m.main+fp/hard/crtbegin.o
 .bss.gpio_interrupts
                0x0000000020001018      0x168 CMakeFiles/slc.dir/base/Users/diegosmacbook/.silabs/slt/installs/conan/p/simpleb526998f4a4d/p/platform/driver/gpio/src/sl_gpio.c.obj
 .bss.debug_console_configured_swo_speed_hz
                0x0000000020001180        0x4 CMakeFiles/sensor_mcu.dir/base/Users/diegosmacbook/Documents/PyroNet/firmware/sensor_mcu/debug_console.c.obj
 .bss.i2cTransfer
                0x0000000020001184       0x18 CMakeFiles/sensor_mcu.dir/base/Users/diegosmacbook/.silabs/slt/installs/conan/p/simpleb526998f4a4d/p/platform/emlib/src/em_i2c.c.obj
 .bss.__sf      0x000000002000119c      0x138 /Users/diegosmacbook/.silabs/slt/installs/conan/p/gcc-af360b79bab9e3/p/bin/../lib/gcc/arm-none-eabi/12.2.1/../../../../arm-none-eabi/lib/thumb/v8-m.main+fp/hard/libc_nano.a(libc_a-findfp.o)
                0x000000002000119c                __sf
 .bss.__stdio_exit_handler
                0x00000000200012d4        0x4 /Users/diegosmacbook/.silabs/slt/installs/conan/p/gcc-af360b79bab9e3/p/bin/../lib/gcc/arm-none-eabi/12.2.1/../../../../arm-none-eabi/lib/thumb/v8-m.main+fp/hard/libc_nano.a(libc_a-findfp.o)
                0x00000000200012d4                __stdio_exit_handler
 .bss.__malloc_sbrk_start
                0x00000000200012d8        0x4 /Users/diegosmacbook/.silabs/slt/installs/conan/p/gcc-af360b79bab9e3/p/bin/../lib/gcc/arm-none-eabi/12.2.1/../../../../arm-none-eabi/lib/thumb/v8-m.main+fp/hard/libc_nano.a(libc_a-mallocr.o)
                0x00000000200012d8                __malloc_sbrk_start
 .bss.__malloc_free_list
                0x00000000200012dc        0x4 /Users/diegosmacbook/.silabs/slt/installs/conan/p/gcc-af360b79bab9e3/p/bin/../lib/gcc/arm-none-eabi/12.2.1/../../../../arm-none-eabi/lib/thumb/v8-m.main+fp/hard/libc_nano.a(libc_a-mallocr.o)
                0x00000000200012dc                __malloc_free_list
 .bss.errno     0x00000000200012e0        0x4 /Users/diegosmacbook/.silabs/slt/installs/conan/p/gcc-af360b79bab9e3/p/bin/../lib/gcc/arm-none-eabi/12.2.1/../../../../arm-none-eabi/lib/thumb/v8-m.main+fp/hard/libc_nano.a(libc_a-reent.o)
                0x00000000200012e0                errno
 .bss.completed.1
                0x00000000200012e4        0x1 /Users/diegosmacbook/.silabs/slt/installs/conan/p/gcc-af360b79bab9e3/p/bin/../lib/gcc/arm-none-eabi/12.2.1/thumb/v8-m.main+fp/hard/crtbegin.o
 .bss.pclkDiv   0x00000000200012e5        0x1 CMakeFiles/slc.dir/base/Users/diegosmacbook/.silabs/slt/installs/conan/p/simpleb526998f4a4d/p/platform/emlib/src/em_cmu.c.obj
 .bss.vScaleEM01Config
                0x00000000200012e6        0x1 CMakeFiles/slc.dir/base/Users/diegosmacbook/.silabs/slt/installs/conan/p/simpleb526998f4a4d/p/platform/emlib/src/em_emu.c.obj
 .bss.is_interrupt_manager_initialized
                0x00000000200012e7        0x1 CMakeFiles/slc.dir/base/Users/diegosmacbook/.silabs/slt/installs/conan/p/simpleb526998f4a4d/p/platform/service/interrupt_manager/src/sl_interrupt_manager_cortexm.c.obj
 .bss._i2c_address
                0x00000000200012e8        0x1 CMakeFiles/sensor_mcu.dir/base/Users/diegosmacbook/Documents/PyroNet/firmware/sensor_mcu/third_party/sps30/sps30_i2c.c.obj
 .bss.communication_buffer
                0x00000000200012e9       0x3c CMakeFiles/sensor_mcu.dir/base/Users/diegosmacbook/Documents/PyroNet/firmware/sensor_mcu/third_party/sps30/sps30_i2c.c.obj
 .bss.__lock___malloc_recursive_mutex
                0x0000000020001325        0x1 /Users/diegosmacbook/.silabs/slt/installs/conan/p/gcc-af360b79bab9e3/p/bin/../lib/gcc/arm-none-eabi/12.2.1/../../../../arm-none-eabi/lib/thumb/v8-m.main+fp/hard/libc_nano.a(libc_a-lock.o)
                0x0000000020001325                __lock___malloc_recursive_mutex
 .bss.__lock___sfp_recursive_mutex
                0x0000000020001326        0x1 /Users/diegosmacbook/.silabs/slt/installs/conan/p/gcc-af360b79bab9e3/p/bin/../lib/gcc/arm-none-eabi/12.2.1/../../../../arm-none-eabi/lib/thumb/v8-m.main+fp/hard/libc_nano.a(libc_a-lock.o)
                0x0000000020001326                __lock___sfp_recursive_mutex
 *(COMMON)
                0x0000000020001328                . = ALIGN (0x4)
 *fill*         0x0000000020001327        0x1 
                0x0000000020001328                __bss_end__ = .

.noinit
 *(.noinit*)

text_application_ram
                0x0000000020001328        0x0 load address 0x000000000800017c
                0x0000000020001328                . = ALIGN (0x4)
                0x0000000020001328                __vma_ramfuncs_start__ = .
                0x0000000020001328                __text_application_ram_start__ = .
 *(text_application_ram)
                0x0000000020001328                . = ALIGN (0x4)
                0x0000000020001328                __vma_ramfuncs_end__ = .
                0x0000000020001328                __text_application_ram_end__ = .
                0x000000000800017c                __lma_ramfuncs_start__ = LOADADDR (text_application_ram)
                0x000000000800017c                __lma_ramfuncs_end__ = (LOADADDR (text_application_ram) + SIZEOF (text_application_ram))

.rodata         0x000000000800017c        0x0
                0x000000000800017c                __rodata_end__ = .

.text           0x000000000800017c     0x45f0
                0x000000000800017c                linker_code_begin = .
 *(SORT_BY_ALIGNMENT(.text*))
 .text.deregister_tm_clones
                0x000000000800017c       0x1c /Users/diegosmacbook/.silabs/slt/installs/conan/p/gcc-af360b79bab9e3/p/bin/../lib/gcc/arm-none-eabi/12.2.1/thumb/v8-m.main+fp/hard/crtbegin.o
 .text.register_tm_clones
                0x0000000008000198       0x28 /Users/diegosmacbook/.silabs/slt/installs/conan/p/gcc-af360b79bab9e3/p/bin/../lib/gcc/arm-none-eabi/12.2.1/thumb/v8-m.main+fp/hard/crtbegin.o
 .text.__do_global_dtors_aux
                0x00000000080001c0       0x28 /Users/diegosmacbook/.silabs/slt/installs/conan/p/gcc-af360b79bab9e3/p/bin/../lib/gcc/arm-none-eabi/12.2.1/thumb/v8-m.main+fp/hard/crtbegin.o
 .text.frame_dummy
                0x00000000080001e8       0x24 /Users/diegosmacbook/.silabs/slt/installs/conan/p/gcc-af360b79bab9e3/p/bin/../lib/gcc/arm-none-eabi/12.2.1/thumb/v8-m.main+fp/hard/crtbegin.o
 .text          0x000000000800020c       0x7c /Users/diegosmacbook/.silabs/slt/installs/conan/p/gcc-af360b79bab9e3/p/bin/../lib/gcc/arm-none-eabi/12.2.1/../../../../arm-none-eabi/lib/thumb/v8-m.main+fp/hard/crt0.o
                0x000000000800020c                _stack_init
                0x0000000008000214                _mainCRTStartup
                0x0000000008000214                _start
 .text.CopyToRam
                0x0000000008000288       0x1c CMakeFiles/slc.dir/base/Users/diegosmacbook/.silabs/slt/installs/conan/p/simpleb526998f4a4d/p/platform/Device/SiliconLabs/EFR32FG28/Source/startup_efr32fg28.c.obj
                0x0000000008000288                CopyToRam
 .text.Reset_Handler
                0x00000000080002a4       0x6c CMakeFiles/slc.dir/base/Users/diegosmacbook/.silabs/slt/installs/conan/p/simpleb526998f4a4d/p/platform/Device/SiliconLabs/EFR32FG28/Source/startup_efr32fg28.c.obj
                0x00000000080002a4                Reset_Handler
 .text.SystemInit
                0x0000000008000310       0x64 CMakeFiles/slc.dir/base/Users/diegosmacbook/.silabs/slt/installs/conan/p/simpleb526998f4a4d/p/platform/Device/SiliconLabs/EFR32FG28/Source/system_efr32fg28.c.obj
                0x0000000008000310                SystemInit
 .text.SystemHFRCODPLLClockSet
                0x0000000008000374        0xc CMakeFiles/slc.dir/base/Users/diegosmacbook/.silabs/slt/installs/conan/p/simpleb526998f4a4d/p/platform/Device/SiliconLabs/EFR32FG28/Source/system_efr32fg28.c.obj
                0x0000000008000374                SystemHFRCODPLLClockSet
 .text.sl_gpio_dispatch_interrupt
                0x0000000008000380       0x5c CMakeFiles/slc.dir/base/Users/diegosmacbook/.silabs/slt/installs/conan/p/simpleb526998f4a4d/p/platform/driver/gpio/src/sl_gpio.c.obj
 .text.sl_gpio_init
                0x00000000080003dc       0x38 CMakeFiles/slc.dir/base/Users/diegosmacbook/.silabs/slt/installs/conan/p/simpleb526998f4a4d/p/platform/driver/gpio/src/sl_gpio.c.obj
                0x00000000080003dc                sl_gpio_init
 .text.GPIO_EVEN_IRQHandler
                0x0000000008000414       0x20 CMakeFiles/slc.dir/base/Users/diegosmacbook/.silabs/slt/installs/conan/p/simpleb526998f4a4d/p/platform/driver/gpio/src/sl_gpio.c.obj
                0x0000000008000414                GPIO_EVEN_IRQHandler
 .text.GPIO_ODD_IRQHandler
                0x0000000008000434       0x20 CMakeFiles/slc.dir/base/Users/diegosmacbook/.silabs/slt/installs/conan/p/simpleb526998f4a4d/p/platform/driver/gpio/src/sl_gpio.c.obj
                0x0000000008000434                GPIO_ODD_IRQHandler
 .text.EMU_VScaleGet
                0x0000000008000454       0x18 CMakeFiles/slc.dir/base/Users/diegosmacbook/.silabs/slt/installs/conan/p/simpleb526998f4a4d/p/platform/emlib/src/em_cmu.c.obj
 .text.dpllRefClkGet
                0x000000000800046c       0x48 CMakeFiles/slc.dir/base/Users/diegosmacbook/.silabs/slt/installs/conan/p/simpleb526998f4a4d/p/platform/emlib/src/em_cmu.c.obj
 .text.em23GrpaClkGet
                0x00000000080004b4       0x48 CMakeFiles/slc.dir/base/Users/diegosmacbook/.silabs/slt/installs/conan/p/simpleb526998f4a4d/p/platform/emlib/src/em_cmu.c.obj
 .text.em4GrpaClkGet
                0x00000000080004fc       0x48 CMakeFiles/slc.dir/base/Users/diegosmacbook/.silabs/slt/installs/conan/p/simpleb526998f4a4d/p/platform/emlib/src/em_cmu.c.obj
 .text.sysrtcClkGet
                0x0000000008000544       0x48 CMakeFiles/slc.dir/base/Users/diegosmacbook/.silabs/slt/installs/conan/p/simpleb526998f4a4d/p/platform/emlib/src/em_cmu.c.obj
 .text.traceClkGet
                0x000000000800058c       0x54 CMakeFiles/slc.dir/base/Users/diegosmacbook/.silabs/slt/installs/conan/p/simpleb526998f4a4d/p/platform/emlib/src/em_cmu.c.obj
 .text.em01GrpaClkGet
                0x00000000080005e0       0x74 CMakeFiles/slc.dir/base/Users/diegosmacbook/.silabs/slt/installs/conan/p/simpleb526998f4a4d/p/platform/emlib/src/em_cmu.c.obj
 .text.em01GrpcClkGet
                0x0000000008000654       0x70 CMakeFiles/slc.dir/base/Users/diegosmacbook/.silabs/slt/installs/conan/p/simpleb526998f4a4d/p/platform/emlib/src/em_cmu.c.obj
 .text.eusart0ClkGet
                0x00000000080006c4       0x74 CMakeFiles/slc.dir/base/Users/diegosmacbook/.silabs/slt/installs/conan/p/simpleb526998f4a4d/p/platform/emlib/src/em_cmu.c.obj
 .text.iadcClkGet
                0x0000000008000738       0x60 CMakeFiles/slc.dir/base/Users/diegosmacbook/.silabs/slt/installs/conan/p/simpleb526998f4a4d/p/platform/emlib/src/em_cmu.c.obj
 .text.wdog0ClkGet
                0x0000000008000798       0x64 CMakeFiles/slc.dir/base/Users/diegosmacbook/.silabs/slt/installs/conan/p/simpleb526998f4a4d/p/platform/emlib/src/em_cmu.c.obj
 .text.wdog1ClkGet
                0x00000000080007fc       0x64 CMakeFiles/slc.dir/base/Users/diegosmacbook/.silabs/slt/installs/conan/p/simpleb526998f4a4d/p/platform/emlib/src/em_cmu.c.obj
 .text.lcdClkGet
                0x0000000008000860       0x54 CMakeFiles/slc.dir/base/Users/diegosmacbook/.silabs/slt/installs/conan/p/simpleb526998f4a4d/p/platform/emlib/src/em_cmu.c.obj
 .text.vdac0ClkGet
                0x00000000080008b4       0x70 CMakeFiles/slc.dir/base/Users/diegosmacbook/.silabs/slt/installs/conan/p/simpleb526998f4a4d/p/platform/emlib/src/em_cmu.c.obj
 .text.pcnt0ClkGet
                0x0000000008000924       0x4c CMakeFiles/slc.dir/base/Users/diegosmacbook/.silabs/slt/installs/conan/p/simpleb526998f4a4d/p/platform/emlib/src/em_cmu.c.obj
 .text.lesenseHFClkGet
                0x0000000008000970       0x48 CMakeFiles/slc.dir/base/Users/diegosmacbook/.silabs/slt/installs/conan/p/simpleb526998f4a4d/p/platform/emlib/src/em_cmu.c.obj
 .text.HFRCODPLLDevinfoGet
                0x00000000080009b8      0x108 CMakeFiles/slc.dir/base/Users/diegosmacbook/.silabs/slt/installs/conan/p/simpleb526998f4a4d/p/platform/emlib/src/em_cmu.c.obj
 .text.CMU_ClockDivGet
                0x0000000008000ac0       0x78 CMakeFiles/slc.dir/base/Users/diegosmacbook/.silabs/slt/installs/conan/p/simpleb526998f4a4d/p/platform/emlib/src/em_cmu.c.obj
                0x0000000008000ac0                CMU_ClockDivGet
 .text.flashWaitStateControl
                0x0000000008000b38       0x58 CMakeFiles/slc.dir/base/Users/diegosmacbook/.silabs/slt/installs/conan/p/simpleb526998f4a4d/p/platform/emlib/src/em_cmu.c.obj
 .text.CMU_ClockEnable
                0x0000000008000b90       0x50 CMakeFiles/slc.dir/base/Users/diegosmacbook/.silabs/slt/installs/conan/p/simpleb526998f4a4d/p/platform/emlib/src/em_cmu.c.obj
                0x0000000008000b90                CMU_ClockEnable
 .text.CMU_ClockFreqGet
                0x0000000008000be0      0x28c CMakeFiles/slc.dir/base/Users/diegosmacbook/.silabs/slt/installs/conan/p/simpleb526998f4a4d/p/platform/emlib/src/em_cmu.c.obj
                0x0000000008000be0                CMU_ClockFreqGet
 .text.rhclkPrescOptimize
                0x0000000008000e6c       0x20 CMakeFiles/slc.dir/base/Users/diegosmacbook/.silabs/slt/installs/conan/p/simpleb526998f4a4d/p/platform/emlib/src/em_cmu.c.obj
 .text.CMU_ClockSelectGet
                0x0000000008000e8c      0x254 CMakeFiles/slc.dir/base/Users/diegosmacbook/.silabs/slt/installs/conan/p/simpleb526998f4a4d/p/platform/emlib/src/em_cmu.c.obj
                0x0000000008000e8c                CMU_ClockSelectGet
 .text.sli_em_cmu_SYSTICEXTCLKENClear
                0x00000000080010e0       0x30 CMakeFiles/slc.dir/base/Users/diegosmacbook/.silabs/slt/installs/conan/p/simpleb526998f4a4d/p/platform/emlib/src/em_cmu.c.obj
                0x00000000080010e0                sli_em_cmu_SYSTICEXTCLKENClear
 .text.CMU_ClockDivSet
                0x0000000008001110      0x12c CMakeFiles/slc.dir/base/Users/diegosmacbook/.silabs/slt/installs/conan/p/simpleb526998f4a4d/p/platform/emlib/src/em_cmu.c.obj
                0x0000000008001110                CMU_ClockDivSet
 .text.sli_em_cmu_SYSCLKInitPreClockSelect
                0x000000000800123c       0x30 CMakeFiles/slc.dir/base/Users/diegosmacbook/.silabs/slt/installs/conan/p/simpleb526998f4a4d/p/platform/emlib/src/em_cmu.c.obj
                0x000000000800123c                sli_em_cmu_SYSCLKInitPreClockSelect
 .text.pclkDivOptimize
                0x000000000800126c       0x24 CMakeFiles/slc.dir/base/Users/diegosmacbook/.silabs/slt/installs/conan/p/simpleb526998f4a4d/p/platform/emlib/src/em_cmu.c.obj
 .text.sli_em_cmu_SYSCLKInitPostClockSelect
                0x0000000008001290       0x40 CMakeFiles/slc.dir/base/Users/diegosmacbook/.silabs/slt/installs/conan/p/simpleb526998f4a4d/p/platform/emlib/src/em_cmu.c.obj
                0x0000000008001290                sli_em_cmu_SYSCLKInitPostClockSelect
 .text.CMU_HFRCODPLLBandSet
                0x00000000080012d0      0x11c CMakeFiles/slc.dir/base/Users/diegosmacbook/.silabs/slt/installs/conan/p/simpleb526998f4a4d/p/platform/emlib/src/em_cmu.c.obj
                0x00000000080012d0                CMU_HFRCODPLLBandSet
 .text.CMU_HFRCOEM23BandSet
                0x00000000080013ec      0x168 CMakeFiles/slc.dir/base/Users/diegosmacbook/.silabs/slt/installs/conan/p/simpleb526998f4a4d/p/platform/emlib/src/em_cmu.c.obj
                0x00000000080013ec                CMU_HFRCOEM23BandSet
 .text.EMU_DCDCSync
                0x0000000008001554       0x10 CMakeFiles/slc.dir/base/Users/diegosmacbook/.silabs/slt/installs/conan/p/simpleb526998f4a4d/p/platform/emlib/src/em_emu.c.obj
 .text.EMU_EM4Init
                0x0000000008001564       0x14 CMakeFiles/slc.dir/base/Users/diegosmacbook/.silabs/slt/installs/conan/p/simpleb526998f4a4d/p/platform/emlib/src/em_emu.c.obj
                0x0000000008001564                EMU_EM4Init
 .text.EMU_VScaleEM01
                0x0000000008001578       0xa8 CMakeFiles/slc.dir/base/Users/diegosmacbook/.silabs/slt/installs/conan/p/simpleb526998f4a4d/p/platform/emlib/src/em_emu.c.obj
                0x0000000008001578                EMU_VScaleEM01
 .text.EMU_VScaleEM01ByClock
                0x0000000008001620       0x30 CMakeFiles/slc.dir/base/Users/diegosmacbook/.silabs/slt/installs/conan/p/simpleb526998f4a4d/p/platform/emlib/src/em_emu.c.obj
                0x0000000008001620                EMU_VScaleEM01ByClock
 .text.EMU_DCDCModeSet
                0x0000000008001650       0xac CMakeFiles/slc.dir/base/Users/diegosmacbook/.silabs/slt/installs/conan/p/simpleb526998f4a4d/p/platform/emlib/src/em_emu.c.obj
                0x0000000008001650                EMU_DCDCModeSet
 .text.EMU_DCDCInit
                0x00000000080016fc       0x70 CMakeFiles/slc.dir/base/Users/diegosmacbook/.silabs/slt/installs/conan/p/simpleb526998f4a4d/p/platform/emlib/src/em_emu.c.obj
                0x00000000080016fc                EMU_DCDCInit
 .text.EMU_DCDCSetPFMXModePeakCurrent
                0x000000000800176c       0x6c CMakeFiles/slc.dir/base/Users/diegosmacbook/.silabs/slt/installs/conan/p/simpleb526998f4a4d/p/platform/emlib/src/em_emu.c.obj
                0x000000000800176c                EMU_DCDCSetPFMXModePeakCurrent
 .text.GPIO_PinOutSet
                0x00000000080017d8       0x3c CMakeFiles/slc.dir/base/Users/diegosmacbook/.silabs/slt/installs/conan/p/simpleb526998f4a4d/p/platform/emlib/src/em_gpio.c.obj
 .text.GPIO_PinOutClear
                0x0000000008001814       0x3c CMakeFiles/slc.dir/base/Users/diegosmacbook/.silabs/slt/installs/conan/p/simpleb526998f4a4d/p/platform/emlib/src/em_gpio.c.obj
 .text.GPIO_PinModeSet
                0x0000000008001850       0x94 CMakeFiles/slc.dir/base/Users/diegosmacbook/.silabs/slt/installs/conan/p/simpleb526998f4a4d/p/platform/emlib/src/em_gpio.c.obj
                0x0000000008001850                GPIO_PinModeSet
 .text.sl_hal_gpio_get_enabled_pending_interrupts
                0x00000000080018e4       0x14 CMakeFiles/slc.dir/base/Users/diegosmacbook/.silabs/slt/installs/conan/p/simpleb526998f4a4d/p/platform/peripheral/src/sl_hal_gpio.c.obj
                0x00000000080018e4                sl_hal_gpio_get_enabled_pending_interrupts
 .text.sli_clock_manager_hal_init
                0x00000000080018f8      0x1b0 CMakeFiles/slc.dir/base/Users/diegosmacbook/.silabs/slt/installs/conan/p/simpleb526998f4a4d/p/platform/service/clock_manager/src/sl_clock_manager_init_hal_s2.c.obj
                0x00000000080018f8                sli_clock_manager_hal_init
 .text.sl_device_init_dcdc
                0x0000000008001aa8       0x2c CMakeFiles/slc.dir/base/Users/diegosmacbook/.silabs/slt/installs/conan/p/simpleb526998f4a4d/p/platform/service/device_init/src/sl_device_init_dcdc_s2.c.obj
                0x0000000008001aa8                sl_device_init_dcdc
 .text.sl_device_init_emu
                0x0000000008001ad4       0x24 CMakeFiles/slc.dir/base/Users/diegosmacbook/.silabs/slt/installs/conan/p/simpleb526998f4a4d/p/platform/service/device_init/src/sl_device_init_emu_s2.c.obj
                0x0000000008001ad4                sl_device_init_emu
 .text.sl_interrupt_manager_enable_irq
                0x0000000008001af8       0x34 CMakeFiles/slc.dir/base/Users/diegosmacbook/.silabs/slt/installs/conan/p/simpleb526998f4a4d/p/platform/service/interrupt_manager/src/sl_interrupt_manager_cortexm.c.obj
                0x0000000008001af8                sl_interrupt_manager_enable_irq
 .text.sl_interrupt_manager_is_irq_disabled
                0x0000000008001b2c       0x30 CMakeFiles/slc.dir/base/Users/diegosmacbook/.silabs/slt/installs/conan/p/simpleb526998f4a4d/p/platform/service/interrupt_manager/src/sl_interrupt_manager_cortexm.c.obj
                0x0000000008001b2c                sl_interrupt_manager_is_irq_disabled
 .text.sl_interrupt_manager_clear_irq_pending
                0x0000000008001b5c       0x1c CMakeFiles/slc.dir/base/Users/diegosmacbook/.silabs/slt/installs/conan/p/simpleb526998f4a4d/p/platform/service/interrupt_manager/src/sl_interrupt_manager_cortexm.c.obj
                0x0000000008001b5c                sl_interrupt_manager_clear_irq_pending
 .text.sl_interrupt_manager_set_irq_priority
                0x0000000008001b78       0x54 CMakeFiles/slc.dir/base/Users/diegosmacbook/.silabs/slt/installs/conan/p/simpleb526998f4a4d/p/platform/service/interrupt_manager/src/sl_interrupt_manager_cortexm.c.obj
                0x0000000008001b78                sl_interrupt_manager_set_irq_priority
 .text.sl_interrupt_manager_init
                0x0000000008001bcc       0x34 CMakeFiles/slc.dir/base/Users/diegosmacbook/.silabs/slt/installs/conan/p/simpleb526998f4a4d/p/platform/service/interrupt_manager/src/sl_interrupt_manager_cortexm.c.obj
                0x0000000008001bcc                sl_interrupt_manager_init
 .text._sbrk    0x0000000008001c00       0x20 CMakeFiles/slc.dir/base/Users/diegosmacbook/.silabs/slt/installs/conan/p/simpleb526998f4a4d/p/platform/service/memory_manager/src/sl_memory_manager_region.c.obj
                0x0000000008001c00                _sbrk
 .text.cycle_counter_enable
                0x0000000008001c20       0x20 CMakeFiles/slc.dir/base/Users/diegosmacbook/Documents/PyroNet/firmware/sensor_mcu/app.c.obj
 .text.delay_us_busy
                0x0000000008001c40       0x34 CMakeFiles/slc.dir/base/Users/diegosmacbook/Documents/PyroNet/firmware/sensor_mcu/app.c.obj
 .text.i2c_bus_init
                0x0000000008001c74       0x78 CMakeFiles/slc.dir/base/Users/diegosmacbook/Documents/PyroNet/firmware/sensor_mcu/app.c.obj
 .text.log_sps30_error
                0x0000000008001cec       0x10 CMakeFiles/slc.dir/base/Users/diegosmacbook/Documents/PyroNet/firmware/sensor_mcu/app.c.obj
 .text.i2c_run_transfer
                0x0000000008001cfc       0x34 CMakeFiles/slc.dir/base/Users/diegosmacbook/Documents/PyroNet/firmware/sensor_mcu/app.c.obj
 .text.log_fixed_2dp
                0x0000000008001d30       0x40 CMakeFiles/slc.dir/base/Users/diegosmacbook/Documents/PyroNet/firmware/sensor_mcu/app.c.obj
 .text.app_init_early
                0x0000000008001d70       0x14 CMakeFiles/slc.dir/base/Users/diegosmacbook/Documents/PyroNet/firmware/sensor_mcu/app.c.obj
                0x0000000008001d70                app_init_early
 .text.app_init
                0x0000000008001d84      0x308 CMakeFiles/slc.dir/base/Users/diegosmacbook/Documents/PyroNet/firmware/sensor_mcu/app.c.obj
                0x0000000008001d84                app_init
 .text.startup.main
                0x000000000800208c       0x40 CMakeFiles/slc.dir/base/Users/diegosmacbook/Documents/PyroNet/firmware/sensor_mcu/main.c.obj
                0x000000000800208c                main
 .text.debug_console_putc
                0x00000000080020cc       0x48 CMakeFiles/sensor_mcu.dir/base/Users/diegosmacbook/Documents/PyroNet/firmware/sensor_mcu/debug_console.c.obj
 .text.debug_console_init
                0x0000000008002114      0x100 CMakeFiles/sensor_mcu.dir/base/Users/diegosmacbook/Documents/PyroNet/firmware/sensor_mcu/debug_console.c.obj
                0x0000000008002114                debug_console_init
 .text.debug_console_backend_name
                0x0000000008002214        0x8 CMakeFiles/sensor_mcu.dir/base/Users/diegosmacbook/Documents/PyroNet/firmware/sensor_mcu/debug_console.c.obj
                0x0000000008002214                debug_console_backend_name
 .text.debug_console_swo_speed_hz
                0x000000000800221c        0xc CMakeFiles/sensor_mcu.dir/base/Users/diegosmacbook/Documents/PyroNet/firmware/sensor_mcu/debug_console.c.obj
                0x000000000800221c                debug_console_swo_speed_hz
 .text.sps30_init
                0x0000000008002228        0xc CMakeFiles/sensor_mcu.dir/base/Users/diegosmacbook/Documents/PyroNet/firmware/sensor_mcu/third_party/sps30/sps30_i2c.c.obj
                0x0000000008002228                sps30_init
 .text.sps30_start_measurement
                0x0000000008002234       0x3c CMakeFiles/sensor_mcu.dir/base/Users/diegosmacbook/Documents/PyroNet/firmware/sensor_mcu/third_party/sps30/sps30_i2c.c.obj
                0x0000000008002234                sps30_start_measurement
 .text.sps30_stop_measurement
                0x0000000008002270       0x34 CMakeFiles/sensor_mcu.dir/base/Users/diegosmacbook/Documents/PyroNet/firmware/sensor_mcu/third_party/sps30/sps30_i2c.c.obj
                0x0000000008002270                sps30_stop_measurement
 .text.sps30_read_data_ready_flag
                0x00000000080022a4       0x44 CMakeFiles/sensor_mcu.dir/base/Users/diegosmacbook/Documents/PyroNet/firmware/sensor_mcu/third_party/sps30/sps30_i2c.c.obj
                0x00000000080022a4                sps30_read_data_ready_flag
 .text.sps30_read_measurement_values_float
                0x00000000080022e8       0xe4 CMakeFiles/sensor_mcu.dir/base/Users/diegosmacbook/Documents/PyroNet/firmware/sensor_mcu/third_party/sps30/sps30_i2c.c.obj
                0x00000000080022e8                sps30_read_measurement_values_float
 .text.sps30_read_product_type
                0x00000000080023cc       0x48 CMakeFiles/sensor_mcu.dir/base/Users/diegosmacbook/Documents/PyroNet/firmware/sensor_mcu/third_party/sps30/sps30_i2c.c.obj
                0x00000000080023cc                sps30_read_product_type
 .text.sps30_read_serial_number
                0x0000000008002414       0x48 CMakeFiles/sensor_mcu.dir/base/Users/diegosmacbook/Documents/PyroNet/firmware/sensor_mcu/third_party/sps30/sps30_i2c.c.obj
                0x0000000008002414                sps30_read_serial_number
 .text.sps30_read_firmware_version
                0x000000000800245c       0x40 CMakeFiles/sensor_mcu.dir/base/Users/diegosmacbook/Documents/PyroNet/firmware/sensor_mcu/third_party/sps30/sps30_i2c.c.obj
                0x000000000800245c                sps30_read_firmware_version
 .text.sps30_read_device_status_register
                0x000000000800249c       0x44 CMakeFiles/sensor_mcu.dir/base/Users/diegosmacbook/Documents/PyroNet/firmware/sensor_mcu/third_party/sps30/sps30_i2c.c.obj
                0x000000000800249c                sps30_read_device_status_register
 .text.sps30_clear_device_status_register
                0x00000000080024e0       0x34 CMakeFiles/sensor_mcu.dir/base/Users/diegosmacbook/Documents/PyroNet/firmware/sensor_mcu/third_party/sps30/sps30_i2c.c.obj
                0x00000000080024e0                sps30_clear_device_status_register
 .text.I2C_BusFreqSet
                0x0000000008002514      0x108 CMakeFiles/sensor_mcu.dir/base/Users/diegosmacbook/.silabs/slt/installs/conan/p/simpleb526998f4a4d/p/platform/emlib/src/em_i2c.c.obj
                0x0000000008002514                I2C_BusFreqSet
 .text.I2C_Enable
                0x000000000800261c       0x38 CMakeFiles/sensor_mcu.dir/base/Users/diegosmacbook/.silabs/slt/installs/conan/p/simpleb526998f4a4d/p/platform/emlib/src/em_i2c.c.obj
                0x000000000800261c                I2C_Enable
 .text.I2C_Init
                0x0000000008002654       0x64 CMakeFiles/sensor_mcu.dir/base/Users/diegosmacbook/.silabs/slt/installs/conan/p/simpleb526998f4a4d/p/platform/emlib/src/em_i2c.c.obj
                0x0000000008002654                I2C_Init
 .text.I2C_Reset
                0x00000000080026b8       0x30 CMakeFiles/sensor_mcu.dir/base/Users/diegosmacbook/.silabs/slt/installs/conan/p/simpleb526998f4a4d/p/platform/emlib/src/em_i2c.c.obj
                0x00000000080026b8                I2C_Reset
 .text.I2C_Transfer
                0x00000000080026e8      0x224 CMakeFiles/sensor_mcu.dir/base/Users/diegosmacbook/.silabs/slt/installs/conan/p/simpleb526998f4a4d/p/platform/emlib/src/em_i2c.c.obj
                0x00000000080026e8                I2C_Transfer
 .text.I2C_TransferInit
                0x000000000800290c       0xc0 CMakeFiles/sensor_mcu.dir/base/Users/diegosmacbook/.silabs/slt/installs/conan/p/simpleb526998f4a4d/p/platform/emlib/src/em_i2c.c.obj
                0x000000000800290c                I2C_TransferInit
 .text.exit     0x00000000080029cc       0x24 /Users/diegosmacbook/.silabs/slt/installs/conan/p/gcc-af360b79bab9e3/p/bin/../lib/gcc/arm-none-eabi/12.2.1/../../../../arm-none-eabi/lib/thumb/v8-m.main+fp/hard/libc_nano.a(libc_a-exit.o)
                0x00000000080029cc                exit
 .text.std      0x00000000080029f0       0x6c /Users/diegosmacbook/.silabs/slt/installs/conan/p/gcc-af360b79bab9e3/p/bin/../lib/gcc/arm-none-eabi/12.2.1/../../../../arm-none-eabi/lib/thumb/v8-m.main+fp/hard/libc_nano.a(libc_a-findfp.o)
 .text.stdio_exit_handler
                0x0000000008002a5c       0x18 /Users/diegosmacbook/.silabs/slt/installs/conan/p/gcc-af360b79bab9e3/p/bin/../lib/gcc/arm-none-eabi/12.2.1/../../../../arm-none-eabi/lib/thumb/v8-m.main+fp/hard/libc_nano.a(libc_a-findfp.o)
 .text.cleanup_stdio
                0x0000000008002a74       0x40 /Users/diegosmacbook/.silabs/slt/installs/conan/p/gcc-af360b79bab9e3/p/bin/../lib/gcc/arm-none-eabi/12.2.1/../../../../arm-none-eabi/lib/thumb/v8-m.main+fp/hard/libc_nano.a(libc_a-findfp.o)
 .text.global_stdio_init.part.0
                0x0000000008002ab4       0x3c /Users/diegosmacbook/.silabs/slt/installs/conan/p/gcc-af360b79bab9e3/p/bin/../lib/gcc/arm-none-eabi/12.2.1/../../../../arm-none-eabi/lib/thumb/v8-m.main+fp/hard/libc_nano.a(libc_a-findfp.o)
 .text.__sfp_lock_acquire
                0x0000000008002af0        0xc /Users/diegosmacbook/.silabs/slt/installs/conan/p/gcc-af360b79bab9e3/p/bin/../lib/gcc/arm-none-eabi/12.2.1/../../../../arm-none-eabi/lib/thumb/v8-m.main+fp/hard/libc_nano.a(libc_a-findfp.o)
                0x0000000008002af0                __sfp_lock_acquire
 .text.__sfp_lock_release
                0x0000000008002afc        0xc /Users/diegosmacbook/.silabs/slt/installs/conan/p/gcc-af360b79bab9e3/p/bin/../lib/gcc/arm-none-eabi/12.2.1/../../../../arm-none-eabi/lib/thumb/v8-m.main+fp/hard/libc_nano.a(libc_a-findfp.o)
                0x0000000008002afc                __sfp_lock_release
 .text.__sinit  0x0000000008002b08       0x30 /Users/diegosmacbook/.silabs/slt/installs/conan/p/gcc-af360b79bab9e3/p/bin/../lib/gcc/arm-none-eabi/12.2.1/../../../../arm-none-eabi/lib/thumb/v8-m.main+fp/hard/libc_nano.a(libc_a-findfp.o)
                0x0000000008002b08                __sinit
 .text.printf   0x0000000008002b38       0x24 /Users/diegosmacbook/.silabs/slt/installs/conan/p/gcc-af360b79bab9e3/p/bin/../lib/gcc/arm-none-eabi/12.2.1/../../../../arm-none-eabi/lib/thumb/v8-m.main+fp/hard/libc_nano.a(libc_a-printf.o)
                0x0000000008002b38                printf
                0x0000000008002b38                iprintf
 .text.putchar  0x0000000008002b5c       0x10 /Users/diegosmacbook/.silabs/slt/installs/conan/p/gcc-af360b79bab9e3/p/bin/../lib/gcc/arm-none-eabi/12.2.1/../../../../arm-none-eabi/lib/thumb/v8-m.main+fp/hard/libc_nano.a(libc_a-putchar.o)
                0x0000000008002b5c                putchar
 .text.puts     0x0000000008002b6c       0x10 /Users/diegosmacbook/.silabs/slt/installs/conan/p/gcc-af360b79bab9e3/p/bin/../lib/gcc/arm-none-eabi/12.2.1/../../../../arm-none-eabi/lib/thumb/v8-m.main+fp/hard/libc_nano.a(libc_a-puts.o)
                0x0000000008002b6c                puts
 .text.__libc_init_array
                0x0000000008002b7c       0x48 /Users/diegosmacbook/.silabs/slt/installs/conan/p/gcc-af360b79bab9e3/p/bin/../lib/gcc/arm-none-eabi/12.2.1/../../../../arm-none-eabi/lib/thumb/v8-m.main+fp/hard/libc_nano.a(libc_a-init.o)
                0x0000000008002b7c                __libc_init_array
 .text._vfprintf_r
                0x0000000008002bc4      0x230 /Users/diegosmacbook/.silabs/slt/installs/conan/p/gcc-af360b79bab9e3/p/bin/../lib/gcc/arm-none-eabi/12.2.1/../../../../arm-none-eabi/lib/thumb/v8-m.main+fp/hard/libc_nano.a(libc_a-nano-vfprintf.o)
                0x0000000008002bc4                _vfiprintf_r
                0x0000000008002bc4                _vfprintf_r
 .text.sbrk_aligned
                0x0000000008002df4       0x44 /Users/diegosmacbook/.silabs/slt/installs/conan/p/gcc-af360b79bab9e3/p/bin/../lib/gcc/arm-none-eabi/12.2.1/../../../../arm-none-eabi/lib/thumb/v8-m.main+fp/hard/libc_nano.a(libc_a-mallocr.o)
 .text._malloc_r
                0x0000000008002e38       0xf0 /Users/diegosmacbook/.silabs/slt/installs/conan/p/gcc-af360b79bab9e3/p/bin/../lib/gcc/arm-none-eabi/12.2.1/../../../../arm-none-eabi/lib/thumb/v8-m.main+fp/hard/libc_nano.a(libc_a-mallocr.o)
                0x0000000008002e38                _malloc_r
 .text._printf_i
                0x0000000008002f28      0x258 /Users/diegosmacbook/.silabs/slt/installs/conan/p/gcc-af360b79bab9e3/p/bin/../lib/gcc/arm-none-eabi/12.2.1/../../../../arm-none-eabi/lib/thumb/v8-m.main+fp/hard/libc_nano.a(libc_a-nano-vfprintf_i.o)
                0x0000000008002f28                _printf_i
 .text.__malloc_lock
                0x0000000008003180        0xc /Users/diegosmacbook/.silabs/slt/installs/conan/p/gcc-af360b79bab9e3/p/bin/../lib/gcc/arm-none-eabi/12.2.1/../../../../arm-none-eabi/lib/thumb/v8-m.main+fp/hard/libc_nano.a(libc_a-mlock.o)
                0x0000000008003180                __malloc_lock
 .text.__malloc_unlock
                0x000000000800318c        0xc /Users/diegosmacbook/.silabs/slt/installs/conan/p/gcc-af360b79bab9e3/p/bin/../lib/gcc/arm-none-eabi/12.2.1/../../../../arm-none-eabi/lib/thumb/v8-m.main+fp/hard/libc_nano.a(libc_a-mlock.o)
                0x000000000800318c                __malloc_unlock
 .text.__swsetup_r
                0x0000000008003198       0xac /Users/diegosmacbook/.silabs/slt/installs/conan/p/gcc-af360b79bab9e3/p/bin/../lib/gcc/arm-none-eabi/12.2.1/../../../../arm-none-eabi/lib/thumb/v8-m.main+fp/hard/libc_nano.a(libc_a-wsetup.o)
                0x0000000008003198                __swsetup_r
 .text._close_r
                0x0000000008003244       0x20 /Users/diegosmacbook/.silabs/slt/installs/conan/p/gcc-af360b79bab9e3/p/bin/../lib/gcc/arm-none-eabi/12.2.1/../../../../arm-none-eabi/lib/thumb/v8-m.main+fp/hard/libc_nano.a(libc_a-closer.o)
                0x0000000008003244                _close_r
 .text._fstat_r
                0x0000000008003264       0x24 /Users/diegosmacbook/.silabs/slt/installs/conan/p/gcc-af360b79bab9e3/p/bin/../lib/gcc/arm-none-eabi/12.2.1/../../../../arm-none-eabi/lib/thumb/v8-m.main+fp/hard/libc_nano.a(libc_a-fstatr.o)
                0x0000000008003264                _fstat_r
 .text._isatty_r
                0x0000000008003288       0x20 /Users/diegosmacbook/.silabs/slt/installs/conan/p/gcc-af360b79bab9e3/p/bin/../lib/gcc/arm-none-eabi/12.2.1/../../../../arm-none-eabi/lib/thumb/v8-m.main+fp/hard/libc_nano.a(libc_a-isattyr.o)
                0x0000000008003288                _isatty_r
 .text._lseek_r
                0x00000000080032a8       0x24 /Users/diegosmacbook/.silabs/slt/installs/conan/p/gcc-af360b79bab9e3/p/bin/../lib/gcc/arm-none-eabi/12.2.1/../../../../arm-none-eabi/lib/thumb/v8-m.main+fp/hard/libc_nano.a(libc_a-lseekr.o)
                0x00000000080032a8                _lseek_r
 .text._read_r  0x00000000080032cc       0x24 /Users/diegosmacbook/.silabs/slt/installs/conan/p/gcc-af360b79bab9e3/p/bin/../lib/gcc/arm-none-eabi/12.2.1/../../../../arm-none-eabi/lib/thumb/v8-m.main+fp/hard/libc_nano.a(libc_a-readr.o)
                0x00000000080032cc                _read_r
 .text._sbrk_r  0x00000000080032f0       0x20 /Users/diegosmacbook/.silabs/slt/installs/conan/p/gcc-af360b79bab9e3/p/bin/../lib/gcc/arm-none-eabi/12.2.1/../../../../arm-none-eabi/lib/thumb/v8-m.main+fp/hard/libc_nano.a(libc_a-sbrkr.o)
                0x00000000080032f0                _sbrk_r
 .text._write_r
                0x0000000008003310       0x24 /Users/diegosmacbook/.silabs/slt/installs/conan/p/gcc-af360b79bab9e3/p/bin/../lib/gcc/arm-none-eabi/12.2.1/../../../../arm-none-eabi/lib/thumb/v8-m.main+fp/hard/libc_nano.a(libc_a-writer.o)
                0x0000000008003310                _write_r
 .text._free_r  0x0000000008003334       0x94 /Users/diegosmacbook/.silabs/slt/installs/conan/p/gcc-af360b79bab9e3/p/bin/../lib/gcc/arm-none-eabi/12.2.1/../../../../arm-none-eabi/lib/thumb/v8-m.main+fp/hard/libc_nano.a(libc_a-freer.o)
                0x0000000008003334                _free_r
 .text.assertEFM
                0x00000000080033c8        0x2 CMakeFiles/slc.dir/base/Users/diegosmacbook/.silabs/slt/installs/conan/p/simpleb526998f4a4d/p/platform/common/src/sl_assert.c.obj
                0x00000000080033c8                assertEFM
 .text._close   0x00000000080033ca        0x6 CMakeFiles/slc.dir/base/Users/diegosmacbook/.silabs/slt/installs/conan/p/simpleb526998f4a4d/p/platform/common/src/sl_syscalls.c.obj
                0x00000000080033ca                _close
 .text._exit    0x00000000080033d0        0x2 CMakeFiles/slc.dir/base/Users/diegosmacbook/.silabs/slt/installs/conan/p/simpleb526998f4a4d/p/platform/common/src/sl_syscalls.c.obj
                0x00000000080033d0                _exit
 .text._fstat   0x00000000080033d2        0x4 CMakeFiles/slc.dir/base/Users/diegosmacbook/.silabs/slt/installs/conan/p/simpleb526998f4a4d/p/platform/common/src/sl_syscalls.c.obj
                0x00000000080033d2                _fstat
 .text._isatty  0x00000000080033d6        0x4 CMakeFiles/slc.dir/base/Users/diegosmacbook/.silabs/slt/installs/conan/p/simpleb526998f4a4d/p/platform/common/src/sl_syscalls.c.obj
                0x00000000080033d6                _isatty
 .text._lseek   0x00000000080033da        0x4 CMakeFiles/slc.dir/base/Users/diegosmacbook/.silabs/slt/installs/conan/p/simpleb526998f4a4d/p/platform/common/src/sl_syscalls.c.obj
                0x00000000080033da                _lseek
 .text._read    0x00000000080033de        0x4 CMakeFiles/slc.dir/base/Users/diegosmacbook/.silabs/slt/installs/conan/p/simpleb526998f4a4d/p/platform/common/src/sl_syscalls.c.obj
                0x00000000080033de                _read
 .text.Default_Handler
                0x00000000080033e2        0x2 CMakeFiles/slc.dir/base/Users/diegosmacbook/.silabs/slt/installs/conan/p/simpleb526998f4a4d/p/platform/Device/SiliconLabs/EFR32FG28/Source/startup_efr32fg28.c.obj
                0x00000000080033e2                SYSRTC_APP_IRQHandler
                0x00000000080033e2                AHB2AHB1_IRQHandler
                0x00000000080033e2                SW2_IRQHandler
                0x00000000080033e2                TIMER2_IRQHandler
                0x00000000080033e2                DebugMon_Handler
                0x00000000080033e2                USART0_TX_IRQHandler
                0x00000000080033e2                IADC_IRQHandler
                0x00000000080033e2                EUSART0_TX_IRQHandler
                0x00000000080033e2                I2C0_IRQHandler
                0x00000000080033e2                LFXO_IRQHandler
                0x00000000080033e2                HardFault_Handler
                0x00000000080033e2                SMU_SECURE_IRQHandler
                0x00000000080033e2                SysTick_Handler
                0x00000000080033e2                SYSRTC_SEQ_IRQHandler
                0x00000000080033e2                EMUEFP_IRQHandler
                0x00000000080033e2                EUSART2_TX_IRQHandler
                0x00000000080033e2                PendSV_Handler
                0x00000000080033e2                NMI_Handler
                0x00000000080033e2                SYNTH_IRQHandler
                0x00000000080033e2                HOSTMAILBOX_IRQHandler
                0x00000000080033e2                HFXO0_IRQHandler
                0x00000000080033e2                I2C1_IRQHandler
                0x00000000080033e2                WDOG0_IRQHandler
                0x00000000080033e2                TIMER3_IRQHandler
                0x00000000080033e2                SYSCFG_IRQHandler
                0x00000000080033e2                RFECA1_IRQHandler
                0x00000000080033e2                EMUDG_IRQHandler
                0x00000000080033e2                MSC_IRQHandler
                0x00000000080033e2                DPLL0_IRQHandler
                0x00000000080033e2                UsageFault_Handler
                0x00000000080033e2                WDOG1_IRQHandler
                0x00000000080033e2                M33CTI1_IRQHandler
                0x00000000080033e2                TIMER4_IRQHandler
                0x00000000080033e2                VDAC0_IRQHandler
                0x00000000080033e2                LDMA_IRQHandler
                0x00000000080033e2                SEMBTX_IRQHandler
                0x00000000080033e2                SW0_IRQHandler
                0x00000000080033e2                TIMER0_IRQHandler
                0x00000000080033e2                LCD_IRQHandler
                0x00000000080033e2                MVP_IRQHandler
                0x00000000080033e2                LETIMER0_IRQHandler
                0x00000000080033e2                EUSART1_RX_IRQHandler
                0x00000000080033e2                TIMER1_IRQHandler
                0x00000000080033e2                HFRCO0_IRQHandler
                0x00000000080033e2                SecureFault_Handler
                0x00000000080033e2                BUFC_IRQHandler
                0x00000000080033e2                DCDC_IRQHandler
                0x00000000080033e2                MODEM_IRQHandler
                0x00000000080033e2                Default_Handler
                0x00000000080033e2                RAC_SEQ_IRQHandler
                0x00000000080033e2                FRC_PRI_IRQHandler
                0x00000000080033e2                EMU_IRQHandler
                0x00000000080033e2                SW3_IRQHandler
                0x00000000080033e2                KERNEL0_IRQHandler
                0x00000000080033e2                FRC_IRQHandler
                0x00000000080033e2                PCNT0_IRQHandler
                0x00000000080033e2                KERNEL1_IRQHandler
                0x00000000080033e2                AGC_IRQHandler
                0x00000000080033e2                EUSART1_TX_IRQHandler
                0x00000000080033e2                KEYSCAN_IRQHandler
                0x00000000080033e2                sl_app_properties
                0x00000000080033e2                HFRCOEM23_IRQHandler
                0x00000000080033e2                BURTC_IRQHandler
                0x00000000080033e2                SEMBRX_IRQHandler
                0x00000000080033e2                RFECA0_IRQHandler
                0x00000000080033e2                LFRCO_IRQHandler
                0x00000000080033e2                ACMP0_IRQHandler
                0x00000000080033e2                USART0_RX_IRQHandler
                0x00000000080033e2                MemManage_Handler
                0x00000000080033e2                AHB2AHB0_IRQHandler
                0x00000000080033e2                SVC_Handler
                0x00000000080033e2                EUSART2_RX_IRQHandler
                0x00000000080033e2                SMU_S_PRIVILEGED_IRQHandler
                0x00000000080033e2                SW1_IRQHandler
                0x00000000080033e2                CMU_IRQHandler
                0x00000000080033e2                EUSART0_RX_IRQHandler
                0x00000000080033e2                RAC_RSM_IRQHandler
                0x00000000080033e2                SETAMPERHOST_IRQHandler
                0x00000000080033e2                LESENSE_IRQHandler
                0x00000000080033e2                AES_IRQHandler
                0x00000000080033e2                M33CTI0_IRQHandler
                0x00000000080033e2                ICACHE0_IRQHandler
                0x00000000080033e2                SMU_NS_PRIVILEGED_IRQHandler
                0x00000000080033e2                FPUEXH_IRQHandler
                0x00000000080033e2                PROTIMER_IRQHandler
                0x00000000080033e2                ACMP1_IRQHandler
                0x00000000080033e2                BusFault_Handler
                0x00000000080033e2                MPAHBRAM_IRQHandler
                0x00000000080033e2                ULFRCO_IRQHandler
 .text.CopyMemory
                0x00000000080033e4       0x1a CMakeFiles/slc.dir/base/Users/diegosmacbook/.silabs/slt/installs/conan/p/simpleb526998f4a4d/p/platform/Device/SiliconLabs/EFR32FG28/Source/startup_efr32fg28.c.obj
                0x00000000080033e4                CopyMemory
 .text.waitStateMax
                0x00000000080033fe       0x10 CMakeFiles/slc.dir/base/Users/diegosmacbook/.silabs/slt/installs/conan/p/simpleb526998f4a4d/p/platform/emlib/src/em_cmu.c.obj
 .text.CMU_UpdateWaitStates
                0x000000000800340e        0xc CMakeFiles/slc.dir/base/Users/diegosmacbook/.silabs/slt/installs/conan/p/simpleb526998f4a4d/p/platform/emlib/src/em_cmu.c.obj
                0x000000000800340e                CMU_UpdateWaitStates
 .text.pclkDivMax
                0x000000000800341a        0xa CMakeFiles/slc.dir/base/Users/diegosmacbook/.silabs/slt/installs/conan/p/simpleb526998f4a4d/p/platform/emlib/src/em_cmu.c.obj
 .text.EMU_EFPEM01VScale
                0x0000000008003424        0x2 CMakeFiles/slc.dir/base/Users/diegosmacbook/.silabs/slt/installs/conan/p/simpleb526998f4a4d/p/platform/emlib/src/em_emu.c.obj
                0x0000000008003424                EMU_EFPEM01VScale
 .text.EMU_DCDCUpdatedHook
                0x0000000008003426        0x2 CMakeFiles/slc.dir/base/Users/diegosmacbook/.silabs/slt/installs/conan/p/simpleb526998f4a4d/p/platform/emlib/src/em_emu.c.obj
                0x0000000008003426                EMU_DCDCUpdatedHook
 .text.BUS_RegMaskedWrite
                0x0000000008003428       0x1e CMakeFiles/slc.dir/base/Users/diegosmacbook/.silabs/slt/installs/conan/p/simpleb526998f4a4d/p/platform/emlib/src/em_gpio.c.obj
 .text.sl_clock_manager_runtime_init
                0x0000000008003446        0x4 CMakeFiles/slc.dir/base/Users/diegosmacbook/.silabs/slt/installs/conan/p/simpleb526998f4a4d/p/platform/service/clock_manager/src/sl_clock_manager.c.obj
                0x0000000008003446                sl_clock_manager_runtime_init
 .text.sli_clock_manager_hal_runtime_init
                0x000000000800344a        0x4 CMakeFiles/slc.dir/base/Users/diegosmacbook/.silabs/slt/installs/conan/p/simpleb526998f4a4d/p/platform/service/clock_manager/src/sl_clock_manager_hal_s2.c.obj
                0x000000000800344a                sli_clock_manager_hal_runtime_init
 .text.sl_clock_manager_init
                0x000000000800344e        0x4 CMakeFiles/slc.dir/base/Users/diegosmacbook/.silabs/slt/installs/conan/p/simpleb526998f4a4d/p/platform/service/clock_manager/src/sl_clock_manager_init.c.obj
                0x000000000800344e                sl_clock_manager_init
 .text.app_init_pre_clock
                0x0000000008003452        0x2 CMakeFiles/slc.dir/base/Users/diegosmacbook/.silabs/slt/installs/conan/p/simpleb526998f4a4d/p/platform/service/sl_main/src/sl_main_init.c.obj
                0x0000000008003452                app_init_pre_clock
 .text.sl_main_second_stage_init
                0x0000000008003454       0x1a CMakeFiles/slc.dir/base/Users/diegosmacbook/.silabs/slt/installs/conan/p/simpleb526998f4a4d/p/platform/service/sl_main/src/sl_main_init.c.obj
                0x0000000008003454                sl_main_second_stage_init
 .text.sl_main_init
                0x000000000800346e       0x2a CMakeFiles/slc.dir/base/Users/diegosmacbook/.silabs/slt/installs/conan/p/simpleb526998f4a4d/p/platform/service/sl_main/src/sl_main_init.c.obj
                0x000000000800346e                sl_main_init
 .text.app_permanent_memory_alloc
                0x0000000008003498        0x2 CMakeFiles/slc.dir/base/Users/diegosmacbook/.silabs/slt/installs/conan/p/simpleb526998f4a4d/p/platform/service/sl_main/src/sl_main_init_memory.c.obj
                0x0000000008003498                app_permanent_memory_alloc
 .text.sli_allocate_permanent_memory
                0x000000000800349a       0x18 CMakeFiles/slc.dir/base/Users/diegosmacbook/.silabs/slt/installs/conan/p/simpleb526998f4a4d/p/platform/service/sl_main/src/sl_main_init_memory.c.obj
                0x000000000800349a                sli_allocate_permanent_memory
 .text.sl_main_process_action
                0x00000000080034b2       0x16 CMakeFiles/slc.dir/base/Users/diegosmacbook/.silabs/slt/installs/conan/p/simpleb526998f4a4d/p/platform/service/sl_main/src/sl_main_process_action.c.obj
                0x00000000080034b2                sl_main_process_action
 .text.sensirion_i2c_hal_init
                0x00000000080034c8        0xe CMakeFiles/slc.dir/base/Users/diegosmacbook/Documents/PyroNet/firmware/sensor_mcu/app.c.obj
                0x00000000080034c8                sensirion_i2c_hal_init
 .text.sensirion_i2c_hal_read
                0x00000000080034d6       0x38 CMakeFiles/slc.dir/base/Users/diegosmacbook/Documents/PyroNet/firmware/sensor_mcu/app.c.obj
                0x00000000080034d6                sensirion_i2c_hal_read
 .text.sensirion_i2c_hal_write
                0x000000000800350e       0x38 CMakeFiles/slc.dir/base/Users/diegosmacbook/Documents/PyroNet/firmware/sensor_mcu/app.c.obj
                0x000000000800350e                sensirion_i2c_hal_write
 .text.sensirion_i2c_hal_sleep_usec
                0x0000000008003546        0x4 CMakeFiles/slc.dir/base/Users/diegosmacbook/Documents/PyroNet/firmware/sensor_mcu/app.c.obj
                0x0000000008003546                sensirion_i2c_hal_sleep_usec
 .text.app_process_action
                0x000000000800354a        0x2 CMakeFiles/slc.dir/base/Users/diegosmacbook/Documents/PyroNet/firmware/sensor_mcu/app.c.obj
                0x000000000800354a                app_process_action
 .text.sli_driver_permanent_allocation
                0x000000000800354c        0x2 CMakeFiles/slc.dir/base/Users/diegosmacbook/Documents/PyroNet/firmware/sensor_mcu/autogen/sl_event_handler.c.obj
                0x000000000800354c                sli_driver_permanent_allocation
 .text.sli_service_permanent_allocation
                0x000000000800354e        0x2 CMakeFiles/slc.dir/base/Users/diegosmacbook/Documents/PyroNet/firmware/sensor_mcu/autogen/sl_event_handler.c.obj
                0x000000000800354e                sli_service_permanent_allocation
 .text.sli_stack_permanent_allocation
                0x0000000008003550        0x2 CMakeFiles/slc.dir/base/Users/diegosmacbook/Documents/PyroNet/firmware/sensor_mcu/autogen/sl_event_handler.c.obj
                0x0000000008003550                sli_stack_permanent_allocation
 .text.sli_internal_permanent_allocation
                0x0000000008003552        0x2 CMakeFiles/slc.dir/base/Users/diegosmacbook/Documents/PyroNet/firmware/sensor_mcu/autogen/sl_event_handler.c.obj
                0x0000000008003552                sli_internal_permanent_allocation
 .text.sl_platform_init
                0x0000000008003554        0x4 CMakeFiles/slc.dir/base/Users/diegosmacbook/Documents/PyroNet/firmware/sensor_mcu/autogen/sl_event_handler.c.obj
                0x0000000008003554                sl_platform_init
 .text.sli_internal_init_early
                0x0000000008003558        0x2 CMakeFiles/slc.dir/base/Users/diegosmacbook/Documents/PyroNet/firmware/sensor_mcu/autogen/sl_event_handler.c.obj
                0x0000000008003558                sli_internal_init_early
 .text.sl_driver_init
                0x000000000800355a        0x4 CMakeFiles/slc.dir/base/Users/diegosmacbook/Documents/PyroNet/firmware/sensor_mcu/autogen/sl_event_handler.c.obj
                0x000000000800355a                sl_driver_init
 .text.sl_service_init
                0x000000000800355e        0x2 CMakeFiles/slc.dir/base/Users/diegosmacbook/Documents/PyroNet/firmware/sensor_mcu/autogen/sl_event_handler.c.obj
                0x000000000800355e                sl_service_init
 .text.sl_stack_init
                0x0000000008003560        0x2 CMakeFiles/slc.dir/base/Users/diegosmacbook/Documents/PyroNet/firmware/sensor_mcu/autogen/sl_event_handler.c.obj
                0x0000000008003560                sl_stack_init
 .text.sl_internal_app_init
                0x0000000008003562        0x2 CMakeFiles/slc.dir/base/Users/diegosmacbook/Documents/PyroNet/firmware/sensor_mcu/autogen/sl_event_handler.c.obj
                0x0000000008003562                sl_internal_app_init
 .text.sli_platform_process_action
                0x0000000008003564        0x2 CMakeFiles/slc.dir/base/Users/diegosmacbook/Documents/PyroNet/firmware/sensor_mcu/autogen/sl_event_handler.c.obj
                0x0000000008003564                sli_platform_process_action
 .text.sli_service_process_action
                0x0000000008003566        0x2 CMakeFiles/slc.dir/base/Users/diegosmacbook/Documents/PyroNet/firmware/sensor_mcu/autogen/sl_event_handler.c.obj
                0x0000000008003566                sli_service_process_action
 .text.sli_stack_process_action
                0x0000000008003568        0x2 CMakeFiles/slc.dir/base/Users/diegosmacbook/Documents/PyroNet/firmware/sensor_mcu/autogen/sl_event_handler.c.obj
                0x0000000008003568                sli_stack_process_action
 .text.sli_internal_app_process_action
                0x000000000800356a        0x2 CMakeFiles/slc.dir/base/Users/diegosmacbook/Documents/PyroNet/firmware/sensor_mcu/autogen/sl_event_handler.c.obj
                0x000000000800356a                sli_internal_app_process_action
 .text._write   0x000000000800356c       0x2a CMakeFiles/sensor_mcu.dir/base/Users/diegosmacbook/Documents/PyroNet/firmware/sensor_mcu/debug_console.c.obj
                0x000000000800356c                _write
 .text.sensirion_common_bytes_to_uint16_t
                0x0000000008003596        0x8 CMakeFiles/sensor_mcu.dir/base/Users/diegosmacbook/Documents/PyroNet/firmware/sensor_mcu/third_party/sps30/sensirion_common.c.obj
                0x0000000008003596                sensirion_common_bytes_to_uint16_t
 .text.sensirion_common_bytes_to_uint32_t
                0x000000000800359e        0x6 CMakeFiles/sensor_mcu.dir/base/Users/diegosmacbook/Documents/PyroNet/firmware/sensor_mcu/third_party/sps30/sensirion_common.c.obj
                0x000000000800359e                sensirion_common_bytes_to_uint32_t
 .text.sensirion_common_bytes_to_float
                0x00000000080035a4        0xc CMakeFiles/sensor_mcu.dir/base/Users/diegosmacbook/Documents/PyroNet/firmware/sensor_mcu/third_party/sps30/sensirion_common.c.obj
                0x00000000080035a4                sensirion_common_bytes_to_float
 .text.sensirion_common_copy_bytes
                0x00000000080035b0       0x14 CMakeFiles/sensor_mcu.dir/base/Users/diegosmacbook/Documents/PyroNet/firmware/sensor_mcu/third_party/sps30/sensirion_common.c.obj
                0x00000000080035b0                sensirion_common_copy_bytes
 .text.sensirion_i2c_generate_crc
                0x00000000080035c4       0x30 CMakeFiles/sensor_mcu.dir/base/Users/diegosmacbook/Documents/PyroNet/firmware/sensor_mcu/third_party/sps30/sensirion_i2c.c.obj
                0x00000000080035c4                sensirion_i2c_generate_crc
 .text.sensirion_i2c_check_crc
                0x00000000080035f4       0x10 CMakeFiles/sensor_mcu.dir/base/Users/diegosmacbook/Documents/PyroNet/firmware/sensor_mcu/third_party/sps30/sensirion_i2c.c.obj
                0x00000000080035f4                sensirion_i2c_check_crc
 .text.sensirion_i2c_add_command_to_buffer
                0x0000000008003604       0x10 CMakeFiles/sensor_mcu.dir/base/Users/diegosmacbook/Documents/PyroNet/firmware/sensor_mcu/third_party/sps30/sensirion_i2c.c.obj
                0x0000000008003604                sensirion_i2c_add_command_to_buffer
 .text.sensirion_i2c_add_command16_to_buffer
                0x0000000008003614        0x4 CMakeFiles/sensor_mcu.dir/base/Users/diegosmacbook/Documents/PyroNet/firmware/sensor_mcu/third_party/sps30/sensirion_i2c.c.obj
                0x0000000008003614                sensirion_i2c_add_command16_to_buffer
 .text.sensirion_i2c_add_uint16_t_to_buffer
                0x0000000008003618       0x26 CMakeFiles/sensor_mcu.dir/base/Users/diegosmacbook/Documents/PyroNet/firmware/sensor_mcu/third_party/sps30/sensirion_i2c.c.obj
                0x0000000008003618                sensirion_i2c_add_uint16_t_to_buffer
 .text.sensirion_i2c_write_data
                0x000000000800363e        0xa CMakeFiles/sensor_mcu.dir/base/Users/diegosmacbook/Documents/PyroNet/firmware/sensor_mcu/third_party/sps30/sensirion_i2c.c.obj
                0x000000000800363e                sensirion_i2c_write_data
 .text.sensirion_i2c_read_data_inplace
                0x0000000008003648       0x5e CMakeFiles/sensor_mcu.dir/base/Users/diegosmacbook/Documents/PyroNet/firmware/sensor_mcu/third_party/sps30/sensirion_i2c.c.obj
                0x0000000008003648                sensirion_i2c_read_data_inplace
 .text._fwalk_sglue
                0x00000000080036a6       0x3c /Users/diegosmacbook/.silabs/slt/installs/conan/p/gcc-af360b79bab9e3/p/bin/../lib/gcc/arm-none-eabi/12.2.1/../../../../arm-none-eabi/lib/thumb/v8-m.main+fp/hard/libc_nano.a(libc_a-fwalk.o)
                0x00000000080036a6                _fwalk_sglue
 .text._puts_r  0x00000000080036e2       0xaa /Users/diegosmacbook/.silabs/slt/installs/conan/p/gcc-af360b79bab9e3/p/bin/../lib/gcc/arm-none-eabi/12.2.1/../../../../arm-none-eabi/lib/thumb/v8-m.main+fp/hard/libc_nano.a(libc_a-puts.o)
                0x00000000080036e2                _puts_r
 .text.memset   0x000000000800378c       0x10 /Users/diegosmacbook/.silabs/slt/installs/conan/p/gcc-af360b79bab9e3/p/bin/../lib/gcc/arm-none-eabi/12.2.1/../../../../arm-none-eabi/lib/thumb/v8-m.main+fp/hard/libc_nano.a(libc_a-memset.o)
                0x000000000800378c                memset
 .text.__retarget_lock_init_recursive
                0x000000000800379c        0x2 /Users/diegosmacbook/.silabs/slt/installs/conan/p/gcc-af360b79bab9e3/p/bin/../lib/gcc/arm-none-eabi/12.2.1/../../../../arm-none-eabi/lib/thumb/v8-m.main+fp/hard/libc_nano.a(libc_a-lock.o)
                0x000000000800379c                __retarget_lock_init_recursive
 .text.__retarget_lock_acquire_recursive
                0x000000000800379e        0x2 /Users/diegosmacbook/.silabs/slt/installs/conan/p/gcc-af360b79bab9e3/p/bin/../lib/gcc/arm-none-eabi/12.2.1/../../../../arm-none-eabi/lib/thumb/v8-m.main+fp/hard/libc_nano.a(libc_a-lock.o)
                0x000000000800379e                __retarget_lock_acquire_recursive
 .text.__retarget_lock_release_recursive
                0x00000000080037a0        0x2 /Users/diegosmacbook/.silabs/slt/installs/conan/p/gcc-af360b79bab9e3/p/bin/../lib/gcc/arm-none-eabi/12.2.1/../../../../arm-none-eabi/lib/thumb/v8-m.main+fp/hard/libc_nano.a(libc_a-lock.o)
                0x00000000080037a0                __retarget_lock_release_recursive
 .text.__sfputc_r
                0x00000000080037a2       0x2e /Users/diegosmacbook/.silabs/slt/installs/conan/p/gcc-af360b79bab9e3/p/bin/../lib/gcc/arm-none-eabi/12.2.1/../../../../arm-none-eabi/lib/thumb/v8-m.main+fp/hard/libc_nano.a(libc_a-nano-vfprintf.o)
 .text.__sfputs_r
                0x00000000080037d0       0x24 /Users/diegosmacbook/.silabs/slt/installs/conan/p/gcc-af360b79bab9e3/p/bin/../lib/gcc/arm-none-eabi/12.2.1/../../../../arm-none-eabi/lib/thumb/v8-m.main+fp/hard/libc_nano.a(libc_a-nano-vfprintf.o)
                0x00000000080037d0                __sfputs_r
 .text._printf_common
                0x00000000080037f4       0xe4 /Users/diegosmacbook/.silabs/slt/installs/conan/p/gcc-af360b79bab9e3/p/bin/../lib/gcc/arm-none-eabi/12.2.1/../../../../arm-none-eabi/lib/thumb/v8-m.main+fp/hard/libc_nano.a(libc_a-nano-vfprintf_i.o)
                0x00000000080037f4                _printf_common
 .text.__sflush_r
                0x00000000080038d8      0x106 /Users/diegosmacbook/.silabs/slt/installs/conan/p/gcc-af360b79bab9e3/p/bin/../lib/gcc/arm-none-eabi/12.2.1/../../../../arm-none-eabi/lib/thumb/v8-m.main+fp/hard/libc_nano.a(libc_a-fflush.o)
                0x00000000080038d8                __sflush_r
 .text._fflush_r
                0x00000000080039de       0x50 /Users/diegosmacbook/.silabs/slt/installs/conan/p/gcc-af360b79bab9e3/p/bin/../lib/gcc/arm-none-eabi/12.2.1/../../../../arm-none-eabi/lib/thumb/v8-m.main+fp/hard/libc_nano.a(libc_a-fflush.o)
                0x00000000080039de                _fflush_r
 .text.__sread  0x0000000008003a2e       0x22 /Users/diegosmacbook/.silabs/slt/installs/conan/p/gcc-af360b79bab9e3/p/bin/../lib/gcc/arm-none-eabi/12.2.1/../../../../arm-none-eabi/lib/thumb/v8-m.main+fp/hard/libc_nano.a(libc_a-stdio.o)
                0x0000000008003a2e                __sread
 .text.__swrite
                0x0000000008003a50       0x38 /Users/diegosmacbook/.silabs/slt/installs/conan/p/gcc-af360b79bab9e3/p/bin/../lib/gcc/arm-none-eabi/12.2.1/../../../../arm-none-eabi/lib/thumb/v8-m.main+fp/hard/libc_nano.a(libc_a-stdio.o)
                0x0000000008003a50                __swrite
 .text.__sseek  0x0000000008003a88       0x24 /Users/diegosmacbook/.silabs/slt/installs/conan/p/gcc-af360b79bab9e3/p/bin/../lib/gcc/arm-none-eabi/12.2.1/../../../../arm-none-eabi/lib/thumb/v8-m.main+fp/hard/libc_nano.a(libc_a-stdio.o)
                0x0000000008003a88                __sseek
 .text.__sclose
                0x0000000008003aac        0x8 /Users/diegosmacbook/.silabs/slt/installs/conan/p/gcc-af360b79bab9e3/p/bin/../lib/gcc/arm-none-eabi/12.2.1/../../../../arm-none-eabi/lib/thumb/v8-m.main+fp/hard/libc_nano.a(libc_a-stdio.o)
                0x0000000008003aac                __sclose
 .text.__swbuf_r
                0x0000000008003ab4       0x7c /Users/diegosmacbook/.silabs/slt/installs/conan/p/gcc-af360b79bab9e3/p/bin/../lib/gcc/arm-none-eabi/12.2.1/../../../../arm-none-eabi/lib/thumb/v8-m.main+fp/hard/libc_nano.a(libc_a-wbuf.o)
                0x0000000008003ab4                __swbuf_r
 .text.__swhatbuf_r
                0x0000000008003b30       0x4a /Users/diegosmacbook/.silabs/slt/installs/conan/p/gcc-af360b79bab9e3/p/bin/../lib/gcc/arm-none-eabi/12.2.1/../../../../arm-none-eabi/lib/thumb/v8-m.main+fp/hard/libc_nano.a(libc_a-makebuf.o)
                0x0000000008003b30                __swhatbuf_r
 .text.__smakebuf_r
                0x0000000008003b7a       0x78 /Users/diegosmacbook/.silabs/slt/installs/conan/p/gcc-af360b79bab9e3/p/bin/../lib/gcc/arm-none-eabi/12.2.1/../../../../arm-none-eabi/lib/thumb/v8-m.main+fp/hard/libc_nano.a(libc_a-makebuf.o)
                0x0000000008003b7a                __smakebuf_r
 .text._putc_r  0x0000000008003bf2       0x68 /Users/diegosmacbook/.silabs/slt/installs/conan/p/gcc-af360b79bab9e3/p/bin/../lib/gcc/arm-none-eabi/12.2.1/../../../../arm-none-eabi/lib/thumb/v8-m.main+fp/hard/libc_nano.a(libc_a-putc.o)
                0x0000000008003bf2                _putc_r
 .text.memchr   0x0000000008003c5a       0x1c /Users/diegosmacbook/.silabs/slt/installs/conan/p/gcc-af360b79bab9e3/p/bin/../lib/gcc/arm-none-eabi/12.2.1/../../../../arm-none-eabi/lib/thumb/v8-m.main+fp/hard/libc_nano.a(libc_a-memchr-stub.o)
                0x0000000008003c5a                memchr
 *(SORT_BY_ALIGNMENT(text_*))
 *fill*         0x0000000008003c76        0x2 
 text_system_timecritical19228
                0x0000000008003c78        0xc CMakeFiles/slc.dir/base/Users/diegosmacbook/.silabs/slt/installs/conan/p/simpleb526998f4a4d/p/platform/Device/SiliconLabs/EFR32FG28/Source/system_efr32fg28.c.obj
                0x0000000008003c78                SystemHFRCODPLLClockGet
 text_system_timecritical20231
                0x0000000008003c84       0x40 CMakeFiles/slc.dir/base/Users/diegosmacbook/.silabs/slt/installs/conan/p/simpleb526998f4a4d/p/platform/Device/SiliconLabs/EFR32FG28/Source/system_efr32fg28.c.obj
                0x0000000008003c84                SystemSYSCLKGet
 text_system_timecritical16184
                0x0000000008003cc4       0x24 CMakeFiles/slc.dir/base/Users/diegosmacbook/.silabs/slt/installs/conan/p/simpleb526998f4a4d/p/platform/Device/SiliconLabs/EFR32FG28/Source/system_efr32fg28.c.obj
                0x0000000008003cc4                SystemHCLKGet
 text_system_timecritical21233
                0x0000000008003ce8        0x8 CMakeFiles/slc.dir/base/Users/diegosmacbook/.silabs/slt/installs/conan/p/simpleb526998f4a4d/p/platform/Device/SiliconLabs/EFR32FG28/Source/system_efr32fg28.c.obj
                0x0000000008003ce8                SystemMaxCoreClockGet
 text_system_timecritical22235
                0x0000000008003cf0        0x8 CMakeFiles/slc.dir/base/Users/diegosmacbook/.silabs/slt/installs/conan/p/simpleb526998f4a4d/p/platform/Device/SiliconLabs/EFR32FG28/Source/system_efr32fg28.c.obj
                0x0000000008003cf0                SystemFSRCOClockGet
 text_system_timecritical23237
                0x0000000008003cf8        0xc CMakeFiles/slc.dir/base/Users/diegosmacbook/.silabs/slt/installs/conan/p/simpleb526998f4a4d/p/platform/Device/SiliconLabs/EFR32FG28/Source/system_efr32fg28.c.obj
                0x0000000008003cf8                SystemHFXOClockGet
 text_system_timecritical24240
                0x0000000008003d04        0x8 CMakeFiles/slc.dir/base/Users/diegosmacbook/.silabs/slt/installs/conan/p/simpleb526998f4a4d/p/platform/Device/SiliconLabs/EFR32FG28/Source/system_efr32fg28.c.obj
                0x0000000008003d04                SystemCLKIN0Get
 text_system_timecritical25242
                0x0000000008003d0c       0x90 CMakeFiles/slc.dir/base/Users/diegosmacbook/.silabs/slt/installs/conan/p/simpleb526998f4a4d/p/platform/Device/SiliconLabs/EFR32FG28/Source/system_efr32fg28.c.obj
                0x0000000008003d0c                SystemHFRCOEM23ClockGet
 text_system_timecritical26244
                0x0000000008003d9c        0xc CMakeFiles/slc.dir/base/Users/diegosmacbook/.silabs/slt/installs/conan/p/simpleb526998f4a4d/p/platform/Device/SiliconLabs/EFR32FG28/Source/system_efr32fg28.c.obj
                0x0000000008003d9c                SystemLFXOClockGet
 text_clock_manager_timecritical2674
                0x0000000008003da8       0x54 CMakeFiles/slc.dir/base/Users/diegosmacbook/.silabs/slt/installs/conan/p/simpleb526998f4a4d/p/platform/service/clock_manager/src/sl_clock_manager_hal_s2.c.obj
                0x0000000008003da8                sli_clock_manager_hal_enable_bus_clock
 text_core_timecritical2307
                0x0000000008003dfc        0xa CMakeFiles/slc.dir/base/Users/diegosmacbook/.silabs/slt/installs/conan/p/simpleb526998f4a4d/p/platform/common/src/sl_core_cortexm.c.obj
                0x0000000008003dfc                CORE_ExitCritical
 text_core_timecritical4331
                0x0000000008003e06        0x8 CMakeFiles/slc.dir/base/Users/diegosmacbook/.silabs/slt/installs/conan/p/simpleb526998f4a4d/p/platform/common/src/sl_core_cortexm.c.obj
                0x0000000008003e06                CORE_EnterCritical
 text_core_timecritical7363
                0x0000000008003e0e        0xa CMakeFiles/slc.dir/base/Users/diegosmacbook/.silabs/slt/installs/conan/p/simpleb526998f4a4d/p/platform/common/src/sl_core_cortexm.c.obj
                0x0000000008003e0e                CORE_ExitAtomic
 text_core_timecritical9387
                0x0000000008003e18        0xc CMakeFiles/slc.dir/base/Users/diegosmacbook/.silabs/slt/installs/conan/p/simpleb526998f4a4d/p/platform/common/src/sl_core_cortexm.c.obj
                0x0000000008003e18                CORE_EnterAtomic
 text_system_timecritical27247
                0x0000000008003e24        0x6 CMakeFiles/slc.dir/base/Users/diegosmacbook/.silabs/slt/installs/conan/p/simpleb526998f4a4d/p/platform/Device/SiliconLabs/EFR32FG28/Source/system_efr32fg28.c.obj
                0x0000000008003e24                SystemLFRCOClockGet
 text_system_timecritical28249
                0x0000000008003e2a        0x6 CMakeFiles/slc.dir/base/Users/diegosmacbook/.silabs/slt/installs/conan/p/simpleb526998f4a4d/p/platform/Device/SiliconLabs/EFR32FG28/Source/system_efr32fg28.c.obj
                0x0000000008003e2a                SystemULFRCOClockGet
 text_clock_manager_timecritical1352
                0x0000000008003e30        0xa CMakeFiles/slc.dir/base/Users/diegosmacbook/.silabs/slt/installs/conan/p/simpleb526998f4a4d/p/platform/service/clock_manager/src/sl_clock_manager.c.obj
                0x0000000008003e30                sl_clock_manager_get_clock_branch_frequency
 text_clock_manager_timecritical2380
                0x0000000008003e3a        0x6 CMakeFiles/slc.dir/base/Users/diegosmacbook/.silabs/slt/installs/conan/p/simpleb526998f4a4d/p/platform/service/clock_manager/src/sl_clock_manager.c.obj
                0x0000000008003e3a                sl_clock_manager_enable_bus_clock
 text_clock_manager_timecritical2561
                0x0000000008003e40       0xc8 CMakeFiles/slc.dir/base/Users/diegosmacbook/.silabs/slt/installs/conan/p/simpleb526998f4a4d/p/platform/service/clock_manager/src/sl_clock_manager_hal_s2.c.obj
                0x0000000008003e40                sli_clock_manager_hal_get_clock_branch_frequency
                0x0000000008003f20                . = ALIGN (0x20)
 *fill*         0x0000000008003f08       0x18 
                0x0000000008003f20                linker_code_end = .
 *(.init)
 .init          0x0000000008003f20        0x4 /Users/diegosmacbook/.silabs/slt/installs/conan/p/gcc-af360b79bab9e3/p/bin/../lib/gcc/arm-none-eabi/12.2.1/thumb/v8-m.main+fp/hard/crti.o
                0x0000000008003f20                _init
 .init          0x0000000008003f24        0x8 /Users/diegosmacbook/.silabs/slt/installs/conan/p/gcc-af360b79bab9e3/p/bin/../lib/gcc/arm-none-eabi/12.2.1/thumb/v8-m.main+fp/hard/crtn.o
 *(.fini)
 .fini          0x0000000008003f2c        0x4 /Users/diegosmacbook/.silabs/slt/installs/conan/p/gcc-af360b79bab9e3/p/bin/../lib/gcc/arm-none-eabi/12.2.1/thumb/v8-m.main+fp/hard/crti.o
                0x0000000008003f2c                _fini
 .fini          0x0000000008003f30        0x8 /Users/diegosmacbook/.silabs/slt/installs/conan/p/gcc-af360b79bab9e3/p/bin/../lib/gcc/arm-none-eabi/12.2.1/thumb/v8-m.main+fp/hard/crtn.o
 *crtbegin.o(.ctors)
 *crtbegin?.o(.ctors)
 *(EXCLUDE_FILE(*crtend.o *crtend?.o) .ctors)
 *(SORT_BY_NAME(.ctors.*))
 *(.ctors)
 *crtbegin.o(.dtors)
 *crtbegin?.o(.dtors)
 *(EXCLUDE_FILE(*crtend.o *crtend?.o) .dtors)
 *(SORT_BY_NAME(.dtors.*))
 *(.dtors)
 *(.rodata*)
 .rodata.traceClkGet.str1.1
                0x0000000008003f38       0x63 CMakeFiles/slc.dir/base/Users/diegosmacbook/.silabs/slt/installs/conan/p/simpleb526998f4a4d/p/platform/emlib/src/em_cmu.c.obj
 .rodata.EMU_VScaleEM01.str1.1
                0x0000000008003f9b       0x63 CMakeFiles/slc.dir/base/Users/diegosmacbook/.silabs/slt/installs/conan/p/simpleb526998f4a4d/p/platform/emlib/src/em_emu.c.obj
 .rodata.GPIO_PinOutSet.str1.1
                0x0000000008003ffe       0x64 CMakeFiles/slc.dir/base/Users/diegosmacbook/.silabs/slt/installs/conan/p/simpleb526998f4a4d/p/platform/emlib/src/em_gpio.c.obj
 .rodata.GPIO_ExtIntConfig.str1.1
                0x0000000008004062       0x64 CMakeFiles/slc.dir/base/Users/diegosmacbook/.silabs/slt/installs/conan/p/simpleb526998f4a4d/p/platform/emlib/src/em_gpio.c.obj
 .rodata.CSWTCH.32
                0x00000000080040c6        0x8 CMakeFiles/slc.dir/base/Users/diegosmacbook/.silabs/slt/installs/conan/p/simpleb526998f4a4d/p/platform/emlib/src/em_gpio.c.obj
 .rodata.str1.1
                0x00000000080040ce       0xe7 CMakeFiles/slc.dir/base/Users/diegosmacbook/.silabs/slt/installs/conan/p/simpleb526998f4a4d/p/platform/service/clock_manager/src/sl_clock_manager_hal_s2.c.obj
 .rodata.sli_clock_manager_hal_init.str1.1
                0x00000000080041b5       0x89 CMakeFiles/slc.dir/base/Users/diegosmacbook/.silabs/slt/installs/conan/p/simpleb526998f4a4d/p/platform/service/clock_manager/src/sl_clock_manager_init_hal_s2.c.obj
 .rodata        0x000000000800423e        0x7 CMakeFiles/slc.dir/base/Users/diegosmacbook/.silabs/slt/installs/conan/p/simpleb526998f4a4d/p/platform/service/device_init/src/sl_device_init_dcdc_s2.c.obj
 *fill*         0x0000000008004245        0x3 
 .rodata.SL_BUS_CLOCK_SYSRTC0_VALUE
                0x0000000008004248        0x4 CMakeFiles/slc.dir/base/Users/diegosmacbook/.silabs/slt/installs/conan/p/simpleb526998f4a4d/p/platform/service/device_manager/clocks/sl_device_clock_efr32xg28.c.obj
                0x0000000008004248                SL_BUS_CLOCK_SYSRTC0_VALUE
 .rodata.SL_BUS_CLOCK_LFRCO_VALUE
                0x000000000800424c        0x4 CMakeFiles/slc.dir/base/Users/diegosmacbook/.silabs/slt/installs/conan/p/simpleb526998f4a4d/p/platform/service/device_manager/clocks/sl_device_clock_efr32xg28.c.obj
                0x000000000800424c                SL_BUS_CLOCK_LFRCO_VALUE
 .rodata.SL_BUS_CLOCK_GPIO_VALUE
                0x0000000008004250        0x4 CMakeFiles/slc.dir/base/Users/diegosmacbook/.silabs/slt/installs/conan/p/simpleb526998f4a4d/p/platform/service/device_manager/clocks/sl_device_clock_efr32xg28.c.obj
                0x0000000008004250                SL_BUS_CLOCK_GPIO_VALUE
 .rodata.sl_interrupt_manager_disable_irq.str1.1
                0x0000000008004254       0x8d CMakeFiles/slc.dir/base/Users/diegosmacbook/.silabs/slt/installs/conan/p/simpleb526998f4a4d/p/platform/service/interrupt_manager/src/sl_interrupt_manager_cortexm.c.obj
 .rodata.log_sps30_error.str1.1
                0x00000000080042e1       0x1f CMakeFiles/slc.dir/base/Users/diegosmacbook/Documents/PyroNet/firmware/sensor_mcu/app.c.obj
 .rodata.log_fixed_2dp.str1.1
                0x0000000008004300        0xd CMakeFiles/slc.dir/base/Users/diegosmacbook/Documents/PyroNet/firmware/sensor_mcu/app.c.obj
 .rodata.app_init_early.str1.1
                0x000000000800430d       0x2d CMakeFiles/slc.dir/base/Users/diegosmacbook/Documents/PyroNet/firmware/sensor_mcu/app.c.obj
 .rodata.app_init.str1.1
                0x000000000800433a      0x31a CMakeFiles/slc.dir/base/Users/diegosmacbook/Documents/PyroNet/firmware/sensor_mcu/app.c.obj
 .rodata        0x0000000008004654       0x10 CMakeFiles/slc.dir/base/Users/diegosmacbook/Documents/PyroNet/firmware/sensor_mcu/app.c.obj
 .rodata.main.str1.1
                0x0000000008004664       0x68 CMakeFiles/slc.dir/base/Users/diegosmacbook/Documents/PyroNet/firmware/sensor_mcu/main.c.obj
 .rodata.debug_console_backend_name.str1.1
                0x00000000080046cc        0x4 CMakeFiles/sensor_mcu.dir/base/Users/diegosmacbook/Documents/PyroNet/firmware/sensor_mcu/debug_console.c.obj
 .rodata.I2C_BusFreqGet.str1.1
                0x00000000080046d0       0x63 CMakeFiles/sensor_mcu.dir/base/Users/diegosmacbook/.silabs/slt/installs/conan/p/simpleb526998f4a4d/p/platform/emlib/src/em_i2c.c.obj
 .rodata.i2cNSum
                0x0000000008004733        0x4 CMakeFiles/sensor_mcu.dir/base/Users/diegosmacbook/.silabs/slt/installs/conan/p/simpleb526998f4a4d/p/platform/emlib/src/em_i2c.c.obj
 .rodata._vfprintf_r.str1.1
                0x0000000008004737       0x11 /Users/diegosmacbook/.silabs/slt/installs/conan/p/gcc-af360b79bab9e3/p/bin/../lib/gcc/arm-none-eabi/12.2.1/../../../../arm-none-eabi/lib/thumb/v8-m.main+fp/hard/libc_nano.a(libc_a-nano-vfprintf.o)
 .rodata._printf_i.str1.1
                0x0000000008004748       0x22 /Users/diegosmacbook/.silabs/slt/installs/conan/p/gcc-af360b79bab9e3/p/bin/../lib/gcc/arm-none-eabi/12.2.1/../../../../arm-none-eabi/lib/thumb/v8-m.main+fp/hard/libc_nano.a(libc_a-nano-vfprintf_i.o)
 *(.eh_frame*)
 *fill*         0x000000000800476a        0x2 
 .eh_frame      0x000000000800476c        0x0 /Users/diegosmacbook/.silabs/slt/installs/conan/p/gcc-af360b79bab9e3/p/bin/../lib/gcc/arm-none-eabi/12.2.1/thumb/v8-m.main+fp/hard/crtbegin.o

.glue_7         0x000000000800476c        0x0
 .glue_7        0x000000000800476c        0x0 linker stubs

.glue_7t        0x000000000800476c        0x0
 .glue_7t       0x000000000800476c        0x0 linker stubs

.vfp11_veneer   0x000000000800476c        0x0
 .vfp11_veneer  0x000000000800476c        0x0 linker stubs

.v4_bx          0x000000000800476c        0x0
 .v4_bx         0x000000000800476c        0x0 linker stubs

.iplt           0x000000000800476c        0x0
 .iplt          0x000000000800476c        0x0 /Users/diegosmacbook/.silabs/slt/installs/conan/p/gcc-af360b79bab9e3/p/bin/../lib/gcc/arm-none-eabi/12.2.1/thumb/v8-m.main+fp/hard/crtbegin.o

.ARM.extab
 *(.ARM.extab* .gnu.linkonce.armextab.*)
                0x000000000800476c                __exidx_start = .

.ARM.exidx      0x000000000800476c        0x8
 *(.ARM.exidx* .gnu.linkonce.armexidx.*)
 .ARM.exidx     0x000000000800476c        0x8 /Users/diegosmacbook/.silabs/slt/installs/conan/p/gcc-af360b79bab9e3/p/bin/../lib/gcc/arm-none-eabi/12.2.1/../../../../arm-none-eabi/lib/thumb/v8-m.main+fp/hard/crt0.o
                                         0x10 (size before relaxing)
                0x0000000008004774                __exidx_end = .

.copy.table     0x0000000008004774        0xc
                0x0000000008004774                . = ALIGN (0x4)
                0x0000000008004774                __copy_table_start__ = .
                0x0000000008004774        0x4 LONG 0x8004780 __etext
                0x0000000008004778        0x4 LONG 0x20001328 __data_start__
                0x000000000800477c        0x4 LONG 0x1e ((__data_end__ - __data_start__) / 0x4)
                0x0000000008004780                __copy_table_end__ = .

.rel.dyn        0x0000000008004780        0x0
 .rel.iplt      0x0000000008004780        0x0 /Users/diegosmacbook/.silabs/slt/installs/conan/p/gcc-af360b79bab9e3/p/bin/../lib/gcc/arm-none-eabi/12.2.1/thumb/v8-m.main+fp/hard/crtbegin.o

.zero.table     0x0000000008004780        0x0
                0x0000000008004780                . = ALIGN (0x4)
                0x0000000008004780                __zero_table_start__ = .
                0x0000000008004780                __zero_table_end__ = .
                0x0000000008004780                __etext = .

.data           0x0000000020001328       0x78 load address 0x0000000008004780
                0x0000000020001328                . = ALIGN (0x4)
                0x0000000020001328                __data_start__ = .
 *(vtable)
 *(SORT_BY_ALIGNMENT(.data*))
 .data.SystemCoreClock
                0x0000000020001328        0x4 CMakeFiles/slc.dir/base/Users/diegosmacbook/.silabs/slt/installs/conan/p/simpleb526998f4a4d/p/platform/Device/SiliconLabs/EFR32FG28/Source/system_efr32fg28.c.obj
                0x0000000020001328                SystemCoreClock
 .data.SystemHFRCODPLLClock
                0x000000002000132c        0x4 CMakeFiles/slc.dir/base/Users/diegosmacbook/.silabs/slt/installs/conan/p/simpleb526998f4a4d/p/platform/Device/SiliconLabs/EFR32FG28/Source/system_efr32fg28.c.obj
 .data.SystemLFXOClock
                0x0000000020001330        0x4 CMakeFiles/slc.dir/base/Users/diegosmacbook/.silabs/slt/installs/conan/p/simpleb526998f4a4d/p/platform/Device/SiliconLabs/EFR32FG28/Source/system_efr32fg28.c.obj
 .data.SystemHFXOClock
                0x0000000020001334        0x4 CMakeFiles/slc.dir/base/Users/diegosmacbook/.silabs/slt/installs/conan/p/simpleb526998f4a4d/p/platform/Device/SiliconLabs/EFR32FG28/Source/system_efr32fg28.c.obj
 .data.heap_end.0
                0x0000000020001338        0x4 CMakeFiles/slc.dir/base/Users/diegosmacbook/.silabs/slt/installs/conan/p/simpleb526998f4a4d/p/platform/service/memory_manager/src/sl_memory_manager_region.c.obj
 .data.__sglue  0x000000002000133c        0xc /Users/diegosmacbook/.silabs/slt/installs/conan/p/gcc-af360b79bab9e3/p/bin/../lib/gcc/arm-none-eabi/12.2.1/../../../../arm-none-eabi/lib/thumb/v8-m.main+fp/hard/libc_nano.a(libc_a-findfp.o)
                0x000000002000133c                __sglue
 .data._impure_ptr
                0x0000000020001348        0x4 /Users/diegosmacbook/.silabs/slt/installs/conan/p/gcc-af360b79bab9e3/p/bin/../lib/gcc/arm-none-eabi/12.2.1/../../../../arm-none-eabi/lib/thumb/v8-m.main+fp/hard/libc_nano.a(libc_a-impure.o)
                0x0000000020001348                _impure_ptr
 .data._impure_data
                0x000000002000134c       0x4c /Users/diegosmacbook/.silabs/slt/installs/conan/p/gcc-af360b79bab9e3/p/bin/../lib/gcc/arm-none-eabi/12.2.1/../../../../arm-none-eabi/lib/thumb/v8-m.main+fp/hard/libc_nano.a(libc_a-impure.o)
                0x000000002000134c                _impure_data
                0x0000000020001398                . = ALIGN (0x4)
                0x0000000020001398                . = ALIGN (0x4)
                0x0000000020001398                PROVIDE (__preinit_array_start = .)
 *(.preinit_array)
                0x0000000020001398                PROVIDE (__preinit_array_end = .)
                0x0000000020001398                . = ALIGN (0x4)
                0x0000000020001398                PROVIDE (__init_array_start = .)
 *(SORT_BY_NAME(.init_array.*))
 *(.init_array)
 .init_array    0x0000000020001398        0x4 /Users/diegosmacbook/.silabs/slt/installs/conan/p/gcc-af360b79bab9e3/p/bin/../lib/gcc/arm-none-eabi/12.2.1/thumb/v8-m.main+fp/hard/crtbegin.o
                0x000000002000139c                PROVIDE (__init_array_end = .)
                0x000000002000139c                . = ALIGN (0x4)
                [!provide]                        PROVIDE (__fini_array_start = .)
 *(SORT_BY_NAME(.fini_array.*))
 *(.fini_array)
 .fini_array    0x000000002000139c        0x4 /Users/diegosmacbook/.silabs/slt/installs/conan/p/gcc-af360b79bab9e3/p/bin/../lib/gcc/arm-none-eabi/12.2.1/thumb/v8-m.main+fp/hard/crtbegin.o
                [!provide]                        PROVIDE (__fini_array_end = .)
                0x00000000200013a0                . = ALIGN (0x4)
                0x00000000200013a0                __data_end__ = .
                0x0000000020040000                heap_limit = (ORIGIN (RAM) + LENGTH (RAM))
                0x000000000003ec60                heap_size = (heap_limit - __HeapBase)

.tm_clone_table
                0x00000000200013a0        0x0 load address 0x00000000080047f8
 .tm_clone_table
                0x00000000200013a0        0x0 /Users/diegosmacbook/.silabs/slt/installs/conan/p/gcc-af360b79bab9e3/p/bin/../lib/gcc/arm-none-eabi/12.2.1/thumb/v8-m.main+fp/hard/crtbegin.o
 .tm_clone_table
                0x00000000200013a0        0x0 /Users/diegosmacbook/.silabs/slt/installs/conan/p/gcc-af360b79bab9e3/p/bin/../lib/gcc/arm-none-eabi/12.2.1/thumb/v8-m.main+fp/hard/crtend.o

.igot.plt       0x00000000200013a0        0x0 load address 0x00000000080047f8
 .igot.plt      0x00000000200013a0        0x0 /Users/diegosmacbook/.silabs/slt/installs/conan/p/gcc-af360b79bab9e3/p/bin/../lib/gcc/arm-none-eabi/12.2.1/thumb/v8-m.main+fp/hard/crtbegin.o

.heap           0x00000000200013a0    0x3ec60 load address 0x00000000080047f8
                0x00000000200013a0                . = ALIGN (0x8)
                0x00000000200013a0                __HeapBase = .
                0x0000000020040000                . = (. + heap_size)
 *fill*         0x00000000200013a0    0x3ec60 
                0x0000000020040000                __end__ = .
                0x0000000020040000                _end = __end__
 *(.heap*)
                0x0000000020040000                __HeapLimit = (ORIGIN (RAM) + LENGTH (RAM))
                0x000000000003ec60                __heap_size = (__HeapLimit - __HeapBase)
                0x0000000020040000                __ram_end__ = 0x20040000
                0x00000000080fe000                __main_flash_end__ = 0x80fe000

.internal_storage
 *(.internal_storage*)

.nvm
 *(.simee*)
                0x0000000020001328                __ramfuncs_start__ = __vma_ramfuncs_start__
                0x0000000020001328                __ramfuncs_end__ = __vma_ramfuncs_end__
                0x00000000080fe000                linker_nvm_end = __main_flash_end__
                0x00000000080fe000                linker_nvm_begin = (linker_nvm_end - SIZEOF (.nvm))
                0x00000000080fe000                linker_storage_end = linker_nvm_begin
                0x00000000080fe000                __nvm3Base = linker_nvm_begin
                0x00000000080fe000                linker_storage_begin = (linker_storage_end - SIZEOF (.internal_storage))
                0x0000000000000001                ASSERT ((linker_storage_begin >= (__etext + SIZEOF (.data))), FLASH memory overflowed !)
                0x00000000080fe000                app_flash_end = 0x80fe000
                0x0000000000000001                ASSERT (((linker_nvm_begin + SIZEOF (.nvm)) <= app_flash_end), NVM3 is excessing the flash size !)
OUTPUT(base/sensor_mcu.out elf32-littlearm)
LOAD linker stubs

.ARM.attributes
                0x0000000000000000       0x36
 .ARM.attributes
                0x0000000000000000       0x26 /Users/diegosmacbook/.silabs/slt/installs/conan/p/gcc-af360b79bab9e3/p/bin/../lib/gcc/arm-none-eabi/12.2.1/thumb/v8-m.main+fp/hard/crti.o
 .ARM.attributes
                0x0000000000000026       0x38 /Users/diegosmacbook/.silabs/slt/installs/conan/p/gcc-af360b79bab9e3/p/bin/../lib/gcc/arm-none-eabi/12.2.1/thumb/v8-m.main+fp/hard/crtbegin.o
 .ARM.attributes
                0x000000000000005e       0x24 /Users/diegosmacbook/.silabs/slt/installs/conan/p/gcc-af360b79bab9e3/p/bin/../lib/gcc/arm-none-eabi/12.2.1/../../../../arm-none-eabi/lib/thumb/v8-m.main+fp/hard/crt0.o
 .ARM.attributes
                0x0000000000000082       0x3a CMakeFiles/slc.dir/base/Users/diegosmacbook/.silabs/slt/installs/conan/p/simpleb526998f4a4d/p/platform/common/src/sl_assert.c.obj
 .ARM.attributes
                0x00000000000000bc       0x3a CMakeFiles/slc.dir/base/Users/diegosmacbook/.silabs/slt/installs/conan/p/simpleb526998f4a4d/p/platform/common/src/sl_core_cortexm.c.obj