Archive member included to satisfy reference by file (symbol)

/Users/diegosmacbook/Documents/PyroNet/firmware/sensor_mcu/cmake_gcc/../third_party/bsec2/lib/libalgobsec.a(bsec_interface.o)
                              CMakeFiles/slc.dir/base/Users/diegosmacbook/Documents/PyroNet/firmware/sensor_mcu/services/air_quality/bsec_service.c.obj (bsec_init)
/Users/diegosmacbook/Documents/PyroNet/firmware/sensor_mcu/cmake_gcc/../third_party/bsec2/lib/libalgobsec.a(bsec_codegen_do_steps.o)
                              /Users/diegosmacbook/Documents/PyroNet/firmware/sensor_mcu/cmake_gcc/../third_party/bsec2/lib/libalgobsec.a(bsec_interface.o) (peudkmbagfynotlv)
/Users/diegosmacbook/Documents/PyroNet/firmware/sensor_mcu/cmake_gcc/../third_party/bsec2/lib/libalgobsec.a(bsec_codegen_get_configuration.o)
                              /Users/diegosmacbook/Documents/PyroNet/firmware/sensor_mcu/cmake_gcc/../third_party/bsec2/lib/libalgobsec.a(bsec_interface.o) (oqsupykamihtxlrg)
/Users/diegosmacbook/Documents/PyroNet/firmware/sensor_mcu/cmake_gcc/../third_party/bsec2/lib/libalgobsec.a(bsec_codegen_get_state.o)
                              /Users/diegosmacbook/Documents/PyroNet/firmware/sensor_mcu/cmake_gcc/../third_party/bsec2/lib/libalgobsec.a(bsec_interface.o) (kvqjdsirfalnxtch)
/Users/diegosmacbook/Documents/PyroNet/firmware/sensor_mcu/cmake_gcc/../third_party/bsec2/lib/libalgobsec.a(bsec_codegen_get_version.o)
                              /Users/diegosmacbook/Documents/PyroNet/firmware/sensor_mcu/cmake_gcc/../third_party/bsec2/lib/libalgobsec.a(bsec_interface.o) (absyrkidgupcetoh)
/Users/diegosmacbook/Documents/PyroNet/firmware/sensor_mcu/cmake_gcc/../third_party/bsec2/lib/libalgobsec.a(bsec_codegen_init.o)
                              /Users/diegosmacbook/Documents/PyroNet/firmware/sensor_mcu/cmake_gcc/../third_party/bsec2/lib/libalgobsec.a(bsec_interface.o) (hqsifltrbeknmyvx)
/Users/diegosmacbook/Documents/PyroNet/firmware/sensor_mcu/cmake_gcc/../third_party/bsec2/lib/libalgobsec.a(bsec_codegen_reset_output.o)
                              /Users/diegosmacbook/Documents/PyroNet/firmware/sensor_mcu/cmake_gcc/../third_party/bsec2/lib/libalgobsec.a(bsec_interface.o) (wrtxhjskeygiqlud)
/Users/diegosmacbook/Documents/PyroNet/firmware/sensor_mcu/cmake_gcc/../third_party/bsec2/lib/libalgobsec.a(bsec_codegen_sensor_control.o)
                              /Users/diegosmacbook/Documents/PyroNet/firmware/sensor_mcu/cmake_gcc/../third_party/bsec2/lib/libalgobsec.a(bsec_interface.o) (ptbjihacwoufyqns)
/Users/diegosmacbook/Documents/PyroNet/firmware/sensor_mcu/cmake_gcc/../third_party/bsec2/lib/libalgobsec.a(bsec_codegen_set_configuration.o)
                              /Users/diegosmacbook/Documents/PyroNet/firmware/sensor_mcu/cmake_gcc/../third_party/bsec2/lib/libalgobsec.a(bsec_interface.o) (bgkprnwmdyjvxafo)
/Users/diegosmacbook/Documents/PyroNet/firmware/sensor_mcu/cmake_gcc/../third_party/bsec2/lib/libalgobsec.a(bsec_codegen_set_state.o)
                              /Users/diegosmacbook/Documents/PyroNet/firmware/sensor_mcu/cmake_gcc/../third_party/bsec2/lib/libalgobsec.a(bsec_interface.o) (thwyadjrvbfenmqs)
/Users/diegosmacbook/Documents/PyroNet/firmware/sensor_mcu/cmake_gcc/../third_party/bsec2/lib/libalgobsec.a(bsec_codegen_update_subscription.o)
                              /Users/diegosmacbook/Documents/PyroNet/firmware/sensor_mcu/cmake_gcc/../third_party/bsec2/lib/libalgobsec.a(bsec_interface.o) (lejvhbmaopgruwdf)
/Users/diegosmacbook/Documents/PyroNet/firmware/sensor_mcu/cmake_gcc/../third_party/bsec2/lib/libalgobsec.a(constructor_bsec.o)
                              /Users/diegosmacbook/Documents/PyroNet/firmware/sensor_mcu/cmake_gcc/../third_party/bsec2/lib/libalgobsec.a(bsec_codegen_init.o) (squjotdglrikxvmb)
/Users/diegosmacbook/Documents/PyroNet/firmware/sensor_mcu/cmake_gcc/../third_party/bsec2/lib/libalgobsec.a(Bsec.o)
                              /Users/diegosmacbook/Documents/PyroNet/firmware/sensor_mcu/cmake_gcc/../third_party/bsec2/lib/libalgobsec.a(bsec_codegen_get_configuration.o) (qsxajfotmyklrpeu)
/Users/diegosmacbook/Documents/PyroNet/firmware/sensor_mcu/cmake_gcc/../third_party/bsec2/lib/libalgobsec.a(ChannelHub.o)
                              /Users/diegosmacbook/Documents/PyroNet/firmware/sensor_mcu/cmake_gcc/../third_party/bsec2/lib/libalgobsec.a(constructor_bsec.o) (dgpxybfqrswhlenc)
/Users/diegosmacbook/Documents/PyroNet/firmware/sensor_mcu/cmake_gcc/../third_party/bsec2/lib/libalgobsec.a(Entity.o)
                              /Users/diegosmacbook/Documents/PyroNet/firmware/sensor_mcu/cmake_gcc/../third_party/bsec2/lib/libalgobsec.a(Bsec.o) (uhfgdprqjlxnitcy)
/Users/diegosmacbook/Documents/PyroNet/firmware/sensor_mcu/cmake_gcc/../third_party/bsec2/lib/libalgobsec.a(GasHumidityBaselineTracker.o)
                              /Users/diegosmacbook/Documents/PyroNet/firmware/sensor_mcu/cmake_gcc/../third_party/bsec2/lib/libalgobsec.a(ChannelHub.o) (astlepdrobujcimx)
[...]
Memory Configuration

Name             Origin             Length             Attributes
FLASH            0x0000000008000000 0x00000000000fe000 xr
RAM              0x0000000020000000 0x0000000000040000 xrw
*default*        0x0000000000000000 0xffffffffffffffff

Linker script and memory map

LOAD /Users/diegosmacbook/.silabs/slt/installs/conan/p/gcc-af360b79bab9e3/p/bin/../lib/gcc/arm-none-eabi/12.2.1/thumb/v8-m.main+fp/hard/crti.o
LOAD /Users/diegosmacbook/.silabs/slt/installs/conan/p/gcc-af360b79bab9e3/p/bin/../lib/gcc/arm-none-eabi/12.2.1/thumb/v8-m.main+fp/hard/crtbegin.o
LOAD /Users/diegosmacbook/.silabs/slt/installs/conan/p/gcc-af360b79bab9e3/p/bin/../lib/gcc/arm-none-eabi/12.2.1/../../../../arm-none-eabi/lib/thumb/v8-m.main+fp/hard/crt0.o
LOAD CMakeFiles/slc.dir/base/Users/diegosmacbook/Documents/PyroNet/firmware/sensor_mcu/simplicity_sdk_2025.6.2/platform/common/src/sl_assert.c.obj
LOAD CMakeFiles/slc.dir/base/Users/diegosmacbook/Documents/PyroNet/firmware/sensor_mcu/simplicity_sdk_2025.6.2/platform/common/src/sl_core_cortexm.c.obj
LOAD CMakeFiles/slc.dir/base/Users/diegosmacbook/Documents/PyroNet/firmware/sensor_mcu/simplicity_sdk_2025.6.2/platform/common/src/sl_syscalls.c.obj
LOAD CMakeFiles/slc.dir/base/Users/diegosmacbook/Documents/PyroNet/firmware/sensor_mcu/simplicity_sdk_2025.6.2/platform/Device/SiliconLabs/EFR32FG28/Source/startup_efr32fg28.c.obj
LOAD CMakeFiles/slc.dir/base/Users/diegosmacbook/Documents/PyroNet/firmware/sensor_mcu/simplicity_sdk_2025.6.2/platform/Device/SiliconLabs/EFR32FG28/Source/system_efr32fg28.c.obj
LOAD CMakeFiles/slc.dir/base/Users/diegosmacbook/Documents/PyroNet/firmware/sensor_mcu/simplicity_sdk_2025.6.2/platform/driver/gpio/src/sl_gpio.c.obj
LOAD CMakeFiles/slc.dir/base/Users/diegosmacbook/Documents/PyroNet/firmware/sensor_mcu/simplicity_sdk_2025.6.2/platform/emlib/src/em_cmu.c.obj
LOAD CMakeFiles/slc.dir/base/Users/diegosmacbook/Documents/PyroNet/firmware/sensor_mcu/simplicity_sdk_2025.6.2/platform/emlib/src/em_emu.c.obj
LOAD CMakeFiles/slc.dir/base/Users/diegosmacbook/Documents/PyroNet/firmware/sensor_mcu/simplicity_sdk_2025.6.2/platform/emlib/src/em_gpio.c.obj
LOAD CMakeFiles/slc.dir/base/Users/diegosmacbook/Documents/PyroNet/firmware/sensor_mcu/simplicity_sdk_2025.6.2/platform/emlib/src/em_msc.c.obj
LOAD CMakeFiles/slc.dir/base/Users/diegosmacbook/Documents/PyroNet/firmware/sensor_mcu/simplicity_sdk_2025.6.2/platform/emlib/src/em_system.c.obj
LOAD CMakeFiles/slc.dir/base/Users/diegosmacbook/Documents/PyroNet/firmware/sensor_mcu/simplicity_sdk_2025.6.2/platform/peripheral/src/sl_hal_gpio.c.obj
LOAD CMakeFiles/slc.dir/base/Users/diegosmacbook/Documents/PyroNet/firmware/sensor_mcu/simplicity_sdk_2025.6.2/platform/service/clock_manager/src/sl_clock_manager.c.obj
LOAD CMakeFiles/slc.dir/base/Users/diegosmacbook/Documents/PyroNet/firmware/sensor_mcu/simplicity_sdk_2025.6.2/platform/service/clock_manager/src/sl_clock_manager_hal_s2.c.obj
LOAD CMakeFiles/slc.dir/base/Users/diegosmacbook/Documents/PyroNet/firmware/sensor_mcu/simplicity_sdk_2025.6.2/platform/service/clock_manager/src/sl_clock_manager_init.c.obj
LOAD CMakeFiles/slc.dir/base/Users/diegosmacbook/Documents/PyroNet/firmware/sensor_mcu/simplicity_sdk_2025.6.2/platform/service/clock_manager/src/sl_clock_manager_init_hal_s2.c.obj
LOAD CMakeFiles/slc.dir/base/Users/diegosmacbook/Documents/PyroNet/firmware/sensor_mcu/simplicity_sdk_2025.6.2/platform/service/device_init/src/sl_device_init_dcdc_s2.c.obj
LOAD CMakeFiles/slc.dir/base/Users/diegosmacbook/Documents/PyroNet/firmware/sensor_mcu/simplicity_sdk_2025.6.2/platform/service/device_init/src/sl_device_init_emu_s2.c.obj
LOAD CMakeFiles/slc.dir/base/Users/diegosmacbook/Documents/PyroNet/firmware/sensor_mcu/simplicity_sdk_2025.6.2/platform/service/device_manager/clocks/sl_device_clock_efr32xg28.c.obj
LOAD CMakeFiles/slc.dir/base/Users/diegosmacbook/Documents/PyroNet/firmware/sensor_mcu/simplicity_sdk_2025.6.2/platform/service/device_manager/src/sl_device_clock.c.obj
LOAD CMakeFiles/slc.dir/base/Users/diegosmacbook/Documents/PyroNet/firmware/sensor_mcu/simplicity_sdk_2025.6.2/platform/service/device_manager/src/sl_device_gpio.c.obj
LOAD CMakeFiles/slc.dir/base/Users/diegosmacbook/Documents/PyroNet/firmware/sensor_mcu/simplicity_sdk_2025.6.2/platform/service/interrupt_manager/src/sl_interrupt_manager_cortexm.c.obj
LOAD CMakeFiles/slc.dir/base/Users/diegosmacbook/Documents/PyroNet/firmware/sensor_mcu/simplicity_sdk_2025.6.2/platform/service/memory_manager/src/sl_memory_manager_region.c.obj
LOAD CMakeFiles/slc.dir/base/Users/diegosmacbook/Documents/PyroNet/firmware/sensor_mcu/simplicity_sdk_2025.6.2/platform/service/sl_main/src/sl_main_init.c.obj
LOAD CMakeFiles/slc.dir/base/Users/diegosmacbook/Documents/PyroNet/firmware/sensor_mcu/simplicity_sdk_2025.6.2/platform/service/sl_main/src/sl_main_init_memory.c.obj
LOAD CMakeFiles/slc.dir/base/Users/diegosmacbook/Documents/PyroNet/firmware/sensor_mcu/simplicity_sdk_2025.6.2/platform/service/sl_main/src/sl_main_process_action.c.obj
LOAD CMakeFiles/slc.dir/base/Users/diegosmacbook/Documents/PyroNet/firmware/sensor_mcu/app.c.obj
LOAD CMakeFiles/slc.dir/base/Users/diegosmacbook/Documents/PyroNet/firmware/sensor_mcu/autogen/sl_event_handler.c.obj
LOAD CMakeFiles/slc.dir/base/Users/diegosmacbook/Documents/PyroNet/firmware/sensor_mcu/main.c.obj
LOAD CMakeFiles/slc.dir/base/Users/diegosmacbook/.silabs/slt/installs/conan/p/simpleb526998f4a4d/p/platform/emlib/src/em_i2c.c.obj
LOAD CMakeFiles/slc.dir/base/Users/diegosmacbook/.silabs/slt/installs/conan/p/simpleb526998f4a4d/p/platform/emlib/src/em_eusart.c.obj
LOAD CMakeFiles/slc.dir/base/Users/diegosmacbook/Documents/PyroNet/firmware/sensor_mcu/board_i2c.c.obj
LOAD CMakeFiles/slc.dir/base/Users/diegosmacbook/Documents/PyroNet/firmware/sensor_mcu/platform/monotonic_time.c.obj
LOAD CMakeFiles/slc.dir/base/Users/diegosmacbook/Documents/PyroNet/firmware/sensor_mcu/sensor_bus.c.obj
LOAD CMakeFiles/slc.dir/base/Users/diegosmacbook/Documents/PyroNet/firmware/sensor_mcu/third_party/sps30/sensirion_common.c.obj
LOAD CMakeFiles/slc.dir/base/Users/diegosmacbook/Documents/PyroNet/firmware/sensor_mcu/third_party/sps30/sensirion_i2c.c.obj
LOAD CMakeFiles/slc.dir/base/Users/diegosmacbook/Documents/PyroNet/firmware/sensor_mcu/third_party/sps30/sps30_i2c.c.obj
LOAD CMakeFiles/slc.dir/base/Users/diegosmacbook/Documents/PyroNet/firmware/sensor_mcu/third_party/bme68x/bme68x.c.obj
LOAD CMakeFiles/slc.dir/base/Users/diegosmacbook/Documents/PyroNet/firmware/sensor_mcu/drivers/bme688/bme68x_port.c.obj
LOAD CMakeFiles/slc.dir/base/Users/diegosmacbook/Documents/PyroNet/firmware/sensor_mcu/drivers/bme688/bme688_base.c.obj
LOAD CMakeFiles/slc.dir/base/Users/diegosmacbook/Documents/PyroNet/firmware/sensor_mcu/drivers/sps30/sps30_port.c.obj
LOAD CMakeFiles/slc.dir/base/Users/diegosmacbook/Documents/PyroNet/firmware/sensor_mcu/drivers/sps30/sps30_base.c.obj
LOAD CMakeFiles/slc.dir/base/Users/diegosmacbook/Documents/PyroNet/firmware/sensor_mcu/services/air_quality/bsec_service.c.obj
LOAD CMakeFiles/slc.dir/base/Users/diegosmacbook/Documents/PyroNet/firmware/sensor_mcu/services/particulate/sps30_pm25.c.obj
LOAD CMakeFiles/slc.dir/base/Users/diegosmacbook/Documents/PyroNet/firmware/sensor_mcu/services/risk/pyronet_risk_engine.c.obj
LOAD CMakeFiles/slc.dir/base/Users/diegosmacbook/Documents/PyroNet/firmware/sensor_mcu/services/risk/pyronet_risk_service.c.obj
LOAD CMakeFiles/sensor_mcu.dir/base/Users/diegosmacbook/Documents/PyroNet/firmware/sensor_mcu/debug_console.c.obj
LOAD /Users/diegosmacbook/Documents/PyroNet/firmware/sensor_mcu/cmake_gcc/../third_party/bsec2/lib/libalgobsec.a
START GROUP
LOAD /Users/diegosmacbook/.silabs/slt/installs/conan/p/gcc-af360b79bab9e3/p/bin/../lib/gcc/arm-none-eabi/12.2.1/thumb/v8-m.main+fp/hard/libgcc.a
LOAD /Users/diegosmacbook/.silabs/slt/installs/conan/p/gcc-af360b79bab9e3/p/bin/../lib/gcc/arm-none-eabi/12.2.1/../../../../arm-none-eabi/lib/thumb/v8-m.main+fp/hard/libc_nano.a
LOAD /Users/diegosmacbook/.silabs/slt/installs/conan/p/gcc-af360b79bab9e3/p/bin/../lib/gcc/arm-none-eabi/12.2.1/../../../../arm-none-eabi/lib/thumb/v8-m.main+fp/hard/libm.a
LOAD /Users/diegosmacbook/.silabs/slt/installs/conan/p/gcc-af360b79bab9e3/p/bin/../lib/gcc/arm-none-eabi/12.2.1/../../../../arm-none-eabi/lib/thumb/v8-m.main+fp/hard/libnosys.a
END GROUP
START GROUP
LOAD /Users/diegosmacbook/.silabs/slt/installs/conan/p/gcc-af360b79bab9e3/p/bin/../lib/gcc/arm-none-eabi/12.2.1/thumb/v8-m.main+fp/hard/libgcc.a
LOAD /Users/diegosmacbook/.silabs/slt/installs/conan/p/gcc-af360b79bab9e3/p/bin/../lib/gcc/arm-none-eabi/12.2.1/../../../../arm-none-eabi/lib/thumb/v8-m.main+fp/hard/libc_nano.a
END GROUP
START GROUP
LOAD /Users/diegosmacbook/.silabs/slt/installs/conan/p/gcc-af360b79bab9e3/p/bin/../lib/gcc/arm-none-eabi/12.2.1/thumb/v8-m.main+fp/hard/libgcc.a
LOAD /Users/diegosmacbook/.silabs/slt/installs/conan/p/gcc-af360b79bab9e3/p/bin/../lib/gcc/arm-none-eabi/12.2.1/../../../../arm-none-eabi/lib/thumb/v8-m.main+fp/hard/libc_nano.a
END GROUP
LOAD /Users/diegosmacbook/.silabs/slt/installs/conan/p/gcc-af360b79bab9e3/p/bin/../lib/gcc/arm-none-eabi/12.2.1/thumb/v8-m.main+fp/hard/crtend.o
LOAD /Users/diegosmacbook/.silabs/slt/installs/conan/p/gcc-af360b79bab9e3/p/bin/../lib/gcc/arm-none-eabi/12.2.1/thumb/v8-m.main+fp/hard/crtn.o

.vectors        0x0000000008000000      0x17c
                0x0000000008000000                linker_vectors_begin = .
 *(.vectors)
 .vectors       0x0000000008000000      0x17c CMakeFiles/slc.dir/base/Users/diegosmacbook/Documents/PyroNet/firmware/sensor_mcu/simplicity_sdk_2025.6.2/platform/Device/SiliconLabs/EFR32FG28/Source/startup_efr32fg28.c.obj
                0x0000000008000000                __Vectors
                0x000000000800017c                linker_vectors_end = .
                0x000000000800017c                __Vectors_End = .
                0x000000000800017c                __Vectors_Size = (__Vectors_End - __Vectors)

.stack          0x0000000020000000     0x1000
                0x0000000020000000                . = ALIGN (0x8)
                0x0000000020000000                __StackLimit = .
 *(.stack*)
 .stack         0x0000000020000000     0x1000 CMakeFiles/slc.dir/base/Users/diegosmacbook/Documents/PyroNet/firmware/sensor_mcu/simplicity_sdk_2025.6.2/platform/service/memory_manager/src/sl_memory_manager_region.c.obj
                0x0000000020001000                . = ALIGN (0x4)
                0x0000000020001000                __StackTop = .
                0x0000000020001000                PROVIDE (__stack = __StackTop)

.bss            0x0000000020001000      0x998
                0x0000000020001000                . = ALIGN (0x4)
                0x0000000020001000                __bss_start__ = .
 *(SORT_BY_ALIGNMENT(.bss*))
 .bss.app_risk_service
                0x0000000020001000       0xa0 CMakeFiles/slc.dir/base/Users/diegosmacbook/Documents/PyroNet/firmware/sensor_mcu/app.c.obj
 .bss.app_sps30_pm25
                0x00000000200010a0       0x18 CMakeFiles/slc.dir/base/Users/diegosmacbook/Documents/PyroNet/firmware/sensor_mcu/app.c.obj
 .bss.app_bsec_service
                0x00000000200010b8       0xa0 CMakeFiles/slc.dir/base/Users/diegosmacbook/Documents/PyroNet/firmware/sensor_mcu/app.c.obj
 .bss.monotonic_time_wrap_count
                0x0000000020001158        0x8 CMakeFiles/slc.dir/base/Users/diegosmacbook/Documents/PyroNet/firmware/sensor_mcu/platform/monotonic_time.c.obj
 .bss           0x0000000020001160      0x508 /Users/diegosmacbook/Documents/PyroNet/firmware/sensor_mcu/cmake_gcc/../third_party/bsec2/lib/libalgobsec.a(bsec_interface.o)
 .bss.object.0  0x0000000020001668       0x18 /Users/diegosmacbook/.silabs/slt/installs/conan/p/gcc-af360b79bab9e3/p/bin/../lib/gcc/arm-none-eabi/12.2.1/thumb/v8-m.main+fp/hard/crtbegin.o
 .bss.gpio_interrupts
                0x0000000020001680      0x168 CMakeFiles/slc.dir/base/Users/diegosmacbook/Documents/PyroNet/firmware/sensor_mcu/simplicity_sdk_2025.6.2/platform/driver/gpio/src/sl_gpio.c.obj
 .bss.i2cTransfer
                0x00000000200017e8       0x18 CMakeFiles/slc.dir/base/Users/diegosmacbook/.silabs/slt/installs/conan/p/simpleb526998f4a4d/p/platform/emlib/src/em_i2c.c.obj
 .bss.monotonic_time_last_cycles
                0x0000000020001800        0x4 CMakeFiles/slc.dir/base/Users/diegosmacbook/Documents/PyroNet/firmware/sensor_mcu/platform/monotonic_time.c.obj
 .bss.debug_console_configured_swo_speed_hz
                0x0000000020001804        0x4 CMakeFiles/sensor_mcu.dir/base/Users/diegosmacbook/Documents/PyroNet/firmware/sensor_mcu/debug_console.c.obj
 .bss.__sf      0x0000000020001808      0x138 /Users/diegosmacbook/.silabs/slt/installs/conan/p/gcc-af360b79bab9e3/p/bin/../lib/gcc/arm-none-eabi/12.2.1/../../../../arm-none-eabi/lib/thumb/v8-m.main+fp/hard/libc_nano.a(libc_a-findfp.o)
                0x0000000020001808                __sf
 .bss.__stdio_exit_handler
                0x0000000020001940        0x4 /Users/diegosmacbook/.silabs/slt/installs/conan/p/gcc-af360b79bab9e3/p/bin/../lib/gcc/arm-none-eabi/12.2.1/../../../../arm-none-eabi/lib/thumb/v8-m.main+fp/hard/libc_nano.a(libc_a-findfp.o)
                0x0000000020001940                __stdio_exit_handler
 .bss.__malloc_sbrk_start
                0x0000000020001944        0x4 /Users/diegosmacbook/.silabs/slt/installs/conan/p/gcc-af360b79bab9e3/p/bin/../lib/gcc/arm-none-eabi/12.2.1/../../../../arm-none-eabi/lib/thumb/v8-m.main+fp/hard/libc_nano.a(libc_a-mallocr.o)
                0x0000000020001944                __malloc_sbrk_start
 .bss.__malloc_free_list
                0x0000000020001948        0x4 /Users/diegosmacbook/.silabs/slt/installs/conan/p/gcc-af360b79bab9e3/p/bin/../lib/gcc/arm-none-eabi/12.2.1/../../../../arm-none-eabi/lib/thumb/v8-m.main+fp/hard/libc_nano.a(libc_a-mallocr.o)
                0x0000000020001948                __malloc_free_list
 .bss.errno     0x000000002000194c        0x4 /Users/diegosmacbook/.silabs/slt/installs/conan/p/gcc-af360b79bab9e3/p/bin/../lib/gcc/arm-none-eabi/12.2.1/../../../../arm-none-eabi/lib/thumb/v8-m.main+fp/hard/libc_nano.a(libc_a-reent.o)
                0x000000002000194c                errno
 .bss.completed.1
                0x0000000020001950        0x1 /Users/diegosmacbook/.silabs/slt/installs/conan/p/gcc-af360b79bab9e3/p/bin/../lib/gcc/arm-none-eabi/12.2.1/thumb/v8-m.main+fp/hard/crtbegin.o
 .bss.pclkDiv   0x0000000020001951        0x1 CMakeFiles/slc.dir/base/Users/diegosmacbook/Documents/PyroNet/firmware/sensor_mcu/simplicity_sdk_2025.6.2/platform/emlib/src/em_cmu.c.obj
 .bss.vScaleEM01Config
                0x0000000020001952        0x1 CMakeFiles/slc.dir/base/Users/diegosmacbook/Documents/PyroNet/firmware/sensor_mcu/simplicity_sdk_2025.6.2/platform/emlib/src/em_emu.c.obj
 .bss.is_interrupt_manager_initialized
                0x0000000020001953        0x1 CMakeFiles/slc.dir/base/Users/diegosmacbook/Documents/PyroNet/firmware/sensor_mcu/simplicity_sdk_2025.6.2/platform/service/interrupt_manager/src/sl_interrupt_manager_cortexm.c.obj
 .bss.app_sps30_service_enabled
                0x0000000020001954        0x1 CMakeFiles/slc.dir/base/Users/diegosmacbook/Documents/PyroNet/firmware/sensor_mcu/app.c.obj
 .bss.app_bsec_service_enabled
                0x0000000020001955        0x1 CMakeFiles/slc.dir/base/Users/diegosmacbook/Documents/PyroNet/firmware/sensor_mcu/app.c.obj
 .bss.monotonic_time_initialized
                0x0000000020001956        0x1 CMakeFiles/slc.dir/base/Users/diegosmacbook/Documents/PyroNet/firmware/sensor_mcu/platform/monotonic_time.c.obj
 .bss._i2c_address
                0x0000000020001957        0x1 CMakeFiles/slc.dir/base/Users/diegosmacbook/Documents/PyroNet/firmware/sensor_mcu/third_party/sps30/sps30_i2c.c.obj
 .bss.communication_buffer
                0x0000000020001958       0x3c CMakeFiles/slc.dir/base/Users/diegosmacbook/Documents/PyroNet/firmware/sensor_mcu/third_party/sps30/sps30_i2c.c.obj
 .bss.debug_console_initialized
                0x0000000020001994        0x1 CMakeFiles/sensor_mcu.dir/base/Users/diegosmacbook/Documents/PyroNet/firmware/sensor_mcu/debug_console.c.obj
 .bss.__lock___malloc_recursive_mutex
                0x0000000020001995        0x1 /Users/diegosmacbook/.silabs/slt/installs/conan/p/gcc-af360b79bab9e3/p/bin/../lib/gcc/arm-none-eabi/12.2.1/../../../../arm-none-eabi/lib/thumb/v8-m.main+fp/hard/libc_nano.a(libc_a-lock.o)
                0x0000000020001995                __lock___malloc_recursive_mutex
 .bss.__lock___sfp_recursive_mutex
                0x0000000020001996        0x1 /Users/diegosmacbook/.silabs/slt/installs/conan/p/gcc-af360b79bab9e3/p/bin/../lib/gcc/arm-none-eabi/12.2.1/../../../../arm-none-eabi/lib/thumb/v8-m.main+fp/hard/libc_nano.a(libc_a-lock.o)
                0x0000000020001996                __lock___sfp_recursive_mutex
 *(COMMON)
                0x0000000020001998                . = ALIGN (0x4)
 *fill*         0x0000000020001997        0x1 
                0x0000000020001998                __bss_end__ = .

.noinit
 *(.noinit*)

text_application_ram
                0x0000000020001998        0x0 load address 0x000000000800017c
                0x0000000020001998                . = ALIGN (0x4)
                0x0000000020001998                __vma_ramfuncs_start__ = .
                0x0000000020001998                __text_application_ram_start__ = .
 *(text_application_ram)
                0x0000000020001998                . = ALIGN (0x4)
                0x0000000020001998                __vma_ramfuncs_end__ = .
                0x0000000020001998                __text_application_ram_end__ = .
                0x000000000800017c                __lma_ramfuncs_start__ = LOADADDR (text_application_ram)
                0x000000000800017c                __lma_ramfuncs_end__ = (LOADADDR (text_application_ram) + SIZEOF (text_application_ram))

.rodata         0x000000000800017c        0x0
                0x000000000800017c                __rodata_end__ = .

.text           0x0000000008000180    0x10310
                0x0000000008000180                linker_code_begin = .
 *(SORT_BY_ALIGNMENT(.text*))
 .text.pyronet_risk_service_set_report_interval
                0x0000000008000180       0x2c CMakeFiles/slc.dir/base/Users/diegosmacbook/Documents/PyroNet/firmware/sensor_mcu/services/risk/pyronet_risk_service.c.obj
 *fill*         0x00000000080001ac        0x4 
 .text          0x00000000080001b0       0xc0 /Users/diegosmacbook/Documents/PyroNet/firmware/sensor_mcu/cmake_gcc/../third_party/bsec2/lib/libalgobsec.a(bsec_codegen_do_steps.o)
                0x00000000080001b0                peudkmbagfynotlv
 .text          0x0000000008000270      0x220 /Users/diegosmacbook/Documents/PyroNet/firmware/sensor_mcu/cmake_gcc/../third_party/bsec2/lib/libalgobsec.a(bsec_codegen_sensor_control.o)
                0x0000000008000270                ptbjihacwoufyqns
 .text          0x0000000008000490     0x175c /Users/diegosmacbook/Documents/PyroNet/firmware/sensor_mcu/cmake_gcc/../third_party/bsec2/lib/libalgobsec.a(Bsec.o)
                0x00000000080005ac                qsxajfotmyklrpeu
                0x00000000080005f4                sxdqtfwhimpneyuo
                0x0000000008000600                hvjsqlbxifwrmynp
                0x0000000008000650                shavcrijnlqtumdo
                0x00000000080006c4                nlespkajcvixbtmh
                0x0000000008000720                utnidghcrsopvemq
                0x00000000080008e8                nrkuwhbvxqtlescm
                0x0000000008000a78                dfulrnsgetxjqbpm
                0x0000000008000a9c                njawruhxfesigcyd
                0x0000000008000b68                kalecrsiwnpyvoqg
                0x0000000008000bf8                sqotwdylxnmefkbv
                0x0000000008000d40                okmnrvclaiupqhxy
                0x0000000008000e00                urltfsedgncxhopy
                0x0000000008000fc0                qeabmgtujlkoyrdp
                0x000000000800104c                iqpnveaflxodwugr
                0x00000000080010ac                rmphfndubqgxejlc
                0x00000000080010e0                wjoabgxnskuhylmc
                0x0000000008001110                eqcgtpohyaxidsjv
                0x0000000008001148                dksjgeunaitbovlx
                0x0000000008001300                iwmpfjdcklayxhbe
                0x00000000080015bc                idqpamrnjwoltvgs
                0x0000000008001610                vfgsibyteqxphlca
                0x000000000800188c                lhkfdntugrsxvypj
                0x0000000008001924                rdqkshvtubwagfme
                0x0000000008001a1c                uojcyamxkvstldeb
                0x0000000008001bd4                oykhwgfnedxqvjra
 *fill*         0x0000000008001bec        0x4 
 .text          0x0000000008001bf0      0x398 /Users/diegosmacbook/Documents/PyroNet/firmware/sensor_mcu/cmake_gcc/../third_party/bsec2/lib/libalgobsec.a(SensorHeatCompensator.o)
                0x0000000008001bf0                qvplydoijwgmxrse
                0x0000000008001cac                pyntwufslahocdie
                0x0000000008001d40                beasfvdprgyjmkqi
                0x0000000008001e54                rtgpevhfjnclyowd
                0x0000000008001f00                xvrmufdwbcohpgts
                0x0000000008001f50                vjfmkpschliatqdy
 .text.ceil     0x0000000008001f88      0x100 /Users/diegosmacbook/.silabs/slt/installs/conan/p/gcc-af360b79bab9e3/p/bin/../lib/gcc/arm-none-eabi/12.2.1/../../../../arm-none-eabi/lib/thumb/v8-m.main+fp/hard/libm.a(libm_a-s_ceil.o)
                0x0000000008001f88                ceil
 .text.floor    0x0000000008002088      0x108 /Users/diegosmacbook/.silabs/slt/installs/conan/p/gcc-af360b79bab9e3/p/bin/../lib/gcc/arm-none-eabi/12.2.1/../../../../arm-none-eabi/lib/thumb/v8-m.main+fp/hard/libm.a(libm_a-s_floor.o)
                0x0000000008002088                floor
 .text.deregister_tm_clones
                0x0000000008002190       0x1c /Users/diegosmacbook/.silabs/slt/installs/conan/p/gcc-af360b79bab9e3/p/bin/../lib/gcc/arm-none-eabi/12.2.1/thumb/v8-m.main+fp/hard/crtbegin.o
 .text.register_tm_clones
                0x00000000080021ac       0x28 /Users/diegosmacbook/.silabs/slt/installs/conan/p/gcc-af360b79bab9e3/p/bin/../lib/gcc/arm-none-eabi/12.2.1/thumb/v8-m.main+fp/hard/crtbegin.o
 .text.__do_global_dtors_aux
                0x00000000080021d4       0x28 /Users/diegosmacbook/.silabs/slt/installs/conan/p/gcc-af360b79bab9e3/p/bin/../lib/gcc/arm-none-eabi/12.2.1/thumb/v8-m.main+fp/hard/crtbegin.o
 .text.frame_dummy
                0x00000000080021fc       0x24 /Users/diegosmacbook/.silabs/slt/installs/conan/p/gcc-af360b79bab9e3/p/bin/../lib/gcc/arm-none-eabi/12.2.1/thumb/v8-m.main+fp/hard/crtbegin.o
 .text          0x0000000008002220       0x7c /Users/diegosmacbook/.silabs/slt/installs/conan/p/gcc-af360b79bab9e3/p/bin/../lib/gcc/arm-none-eabi/12.2.1/../../../../arm-none-eabi/lib/thumb/v8-m.main+fp/hard/crt0.o
                0x0000000008002220                _stack_init
                0x0000000008002228                _mainCRTStartup
                0x0000000008002228                _start
 .text.CopyToRam
                0x000000000800229c       0x1c CMakeFiles/slc.dir/base/Users/diegosmacbook/Documents/PyroNet/firmware/sensor_mcu/simplicity_sdk_2025.6.2/platform/Device/SiliconLabs/EFR32FG28/Source/startup_efr32fg28.c.obj
                0x000000000800229c                CopyToRam
 .text.Reset_Handler
                0x00000000080022b8       0x6c CMakeFiles/slc.dir/base/Users/diegosmacbook/Documents/PyroNet/firmware/sensor_mcu/simplicity_sdk_2025.6.2/platform/Device/SiliconLabs/EFR32FG28/Source/startup_efr32fg28.c.obj
                0x00000000080022b8                Reset_Handler
 .text.SystemInit
                0x0000000008002324       0x64 CMakeFiles/slc.dir/base/Users/diegosmacbook/Documents/PyroNet/firmware/sensor_mcu/simplicity_sdk_2025.6.2/platform/Device/SiliconLabs/EFR32FG28/Source/system_efr32fg28.c.obj
                0x0000000008002324                SystemInit
 .text.SystemHFRCODPLLClockSet
                0x0000000008002388        0xc CMakeFiles/slc.dir/base/Users/diegosmacbook/Documents/PyroNet/firmware/sensor_mcu/simplicity_sdk_2025.6.2/platform/Device/SiliconLabs/EFR32FG28/Source/system_efr32fg28.c.obj
                0x0000000008002388                SystemHFRCODPLLClockSet
 .text.sl_gpio_dispatch_interrupt
                0x0000000008002394       0x5c CMakeFiles/slc.dir/base/Users/diegosmacbook/Documents/PyroNet/firmware/sensor_mcu/simplicity_sdk_2025.6.2/platform/driver/gpio/src/sl_gpio.c.obj
 .text.sl_gpio_init
                0x00000000080023f0       0x38 CMakeFiles/slc.dir/base/Users/diegosmacbook/Documents/PyroNet/firmware/sensor_mcu/simplicity_sdk_2025.6.2/platform/driver/gpio/src/sl_gpio.c.obj
                0x00000000080023f0                sl_gpio_init
 .text.GPIO_EVEN_IRQHandler
                0x0000000008002428       0x20 CMakeFiles/slc.dir/base/Users/diegosmacbook/Documents/PyroNet/firmware/sensor_mcu/simplicity_sdk_2025.6.2/platform/driver/gpio/src/sl_gpio.c.obj
                0x0000000008002428                GPIO_EVEN_IRQHandler
 .text.GPIO_ODD_IRQHandler
                0x0000000008002448       0x20 CMakeFiles/slc.dir/base/Users/diegosmacbook/Documents/PyroNet/firmware/sensor_mcu/simplicity_sdk_2025.6.2/platform/driver/gpio/src/sl_gpio.c.obj
                0x0000000008002448                GPIO_ODD_IRQHandler
 .text.EMU_VScaleGet
                0x0000000008002468       0x18 CMakeFiles/slc.dir/base/Users/diegosmacbook/Documents/PyroNet/firmware/sensor_mcu/simplicity_sdk_2025.6.2/platform/emlib/src/em_cmu.c.obj
 .text.dpllRefClkGet
                0x0000000008002480       0x48 CMakeFiles/slc.dir/base/Users/diegosmacbook/Documents/PyroNet/firmware/sensor_mcu/simplicity_sdk_2025.6.2/platform/emlib/src/em_cmu.c.obj
 .text.em23GrpaClkGet
                0x00000000080024c8       0x48 CMakeFiles/slc.dir/base/Users/diegosmacbook/Documents/PyroNet/firmware/sensor_mcu/simplicity_sdk_2025.6.2/platform/emlib/src/em_cmu.c.obj
 .text.em4GrpaClkGet
                0x0000000008002510       0x48 CMakeFiles/slc.dir/base/Users/diegosmacbook/Documents/PyroNet/firmware/sensor_mcu/simplicity_sdk_2025.6.2/platform/emlib/src/em_cmu.c.obj
 .text.sysrtcClkGet
                0x0000000008002558       0x48 CMakeFiles/slc.dir/base/Users/diegosmacbook/Documents/PyroNet/firmware/sensor_mcu/simplicity_sdk_2025.6.2/platform/emlib/src/em_cmu.c.obj
 .text.traceClkGet
                0x00000000080025a0       0x54 CMakeFiles/slc.dir/base/Users/diegosmacbook/Documents/PyroNet/firmware/sensor_mcu/simplicity_sdk_2025.6.2/platform/emlib/src/em_cmu.c.obj
 .text.em01GrpaClkGet
                0x00000000080025f4       0x74 CMakeFiles/slc.dir/base/Users/diegosmacbook/Documents/PyroNet/firmware/sensor_mcu/simplicity_sdk_2025.6.2/platform/emlib/src/em_cmu.c.obj
 .text.em01GrpcClkGet
                0x0000000008002668       0x70 CMakeFiles/slc.dir/base/Users/diegosmacbook/Documents/PyroNet/firmware/sensor_mcu/simplicity_sdk_2025.6.2/platform/emlib/src/em_cmu.c.obj
 .text.eusart0ClkGet
                0x00000000080026d8       0x74 CMakeFiles/slc.dir/base/Users/diegosmacbook/Documents/PyroNet/firmware/sensor_mcu/simplicity_sdk_2025.6.2/platform/emlib/src/em_cmu.c.obj
 .text.iadcClkGet
                0x000000000800274c       0x60 CMakeFiles/slc.dir/base/Users/diegosmacbook/Documents/PyroNet/firmware/sensor_mcu/simplicity_sdk_2025.6.2/platform/emlib/src/em_cmu.c.obj
 .text.wdog0ClkGet
                0x00000000080027ac       0x64 CMakeFiles/slc.dir/base/Users/diegosmacbook/Documents/PyroNet/firmware/sensor_mcu/simplicity_sdk_2025.6.2/platform/emlib/src/em_cmu.c.obj
 .text.wdog1ClkGet
                0x0000000008002810       0x64 CMakeFiles/slc.dir/base/Users/diegosmacbook/Documents/PyroNet/firmware/sensor_mcu/simplicity_sdk_2025.6.2/platform/emlib/src/em_cmu.c.obj
 .text.lcdClkGet
                0x0000000008002874       0x54 CMakeFiles/slc.dir/base/Users/diegosmacbook/Documents/PyroNet/firmware/sensor_mcu/simplicity_sdk_2025.6.2/platform/emlib/src/em_cmu.c.obj
 .text.vdac0ClkGet
                0x00000000080028c8       0x70 CMakeFiles/slc.dir/base/Users/diegosmacbook/Documents/PyroNet/firmware/sensor_mcu/simplicity_sdk_2025.6.2/platform/emlib/src/em_cmu.c.obj
 .text.pcnt0ClkGet
                0x0000000008002938       0x4c CMakeFiles/slc.dir/base/Users/diegosmacbook/Documents/PyroNet/firmware/sensor_mcu/simplicity_sdk_2025.6.2/platform/emlib/src/em_cmu.c.obj
 .text.lesenseHFClkGet
                0x0000000008002984       0x48 CMakeFiles/slc.dir/base/Users/diegosmacbook/Documents/PyroNet/firmware/sensor_mcu/simplicity_sdk_2025.6.2/platform/emlib/src/em_cmu.c.obj
 .text.HFRCODPLLDevinfoGet
                0x00000000080029cc      0x108 CMakeFiles/slc.dir/base/Users/diegosmacbook/Documents/PyroNet/firmware/sensor_mcu/simplicity_sdk_2025.6.2/platform/emlib/src/em_cmu.c.obj
 .text.CMU_ClockDivGet
                0x0000000008002ad4       0x78 CMakeFiles/slc.dir/base/Users/diegosmacbook/Documents/PyroNet/firmware/sensor_mcu/simplicity_sdk_2025.6.2/platform/emlib/src/em_cmu.c.obj
                0x0000000008002ad4                CMU_ClockDivGet
 .text.flashWaitStateControl
                0x0000000008002b4c       0x58 CMakeFiles/slc.dir/base/Users/diegosmacbook/Documents/PyroNet/firmware/sensor_mcu/simplicity_sdk_2025.6.2/platform/emlib/src/em_cmu.c.obj
 .text.CMU_ClockEnable
                0x0000000008002ba4       0x50 CMakeFiles/slc.dir/base/Users/diegosmacbook/Documents/PyroNet/firmware/sensor_mcu/simplicity_sdk_2025.6.2/platform/emlib/src/em_cmu.c.obj
                0x0000000008002ba4                CMU_ClockEnable
 .text.CMU_ClockFreqGet
                0x0000000008002bf4      0x28c CMakeFiles/slc.dir/base/Users/diegosmacbook/Documents/PyroNet/firmware/sensor_mcu/simplicity_sdk_2025.6.2/platform/emlib/src/em_cmu.c.obj
                0x0000000008002bf4                CMU_ClockFreqGet
 .text.rhclkPrescOptimize
                0x0000000008002e80       0x20 CMakeFiles/slc.dir/base/Users/diegosmacbook/Documents/PyroNet/firmware/sensor_mcu/simplicity_sdk_2025.6.2/platform/emlib/src/em_cmu.c.obj
 .text.CMU_ClockSelectGet
                0x0000000008002ea0      0x254 CMakeFiles/slc.dir/base/Users/diegosmacbook/Documents/PyroNet/firmware/sensor_mcu/simplicity_sdk_2025.6.2/platform/emlib/src/em_cmu.c.obj
                0x0000000008002ea0                CMU_ClockSelectGet
 .text.sli_em_cmu_SYSTICEXTCLKENClear
                0x00000000080030f4       0x30 CMakeFiles/slc.dir/base/Users/diegosmacbook/Documents/PyroNet/firmware/sensor_mcu/simplicity_sdk_2025.6.2/platform/emlib/src/em_cmu.c.obj
                0x00000000080030f4                sli_em_cmu_SYSTICEXTCLKENClear
 .text.CMU_ClockDivSet
                0x0000000008003124      0x12c CMakeFiles/slc.dir/base/Users/diegosmacbook/Documents/PyroNet/firmware/sensor_mcu/simplicity_sdk_2025.6.2/platform/emlib/src/em_cmu.c.obj
                0x0000000008003124                CMU_ClockDivSet
 .text.sli_em_cmu_SYSCLKInitPreClockSelect
                0x0000000008003250       0x30 CMakeFiles/slc.dir/base/Users/diegosmacbook/Documents/PyroNet/firmware/sensor_mcu/simplicity_sdk_2025.6.2/platform/emlib/src/em_cmu.c.obj
                0x0000000008003250                sli_em_cmu_SYSCLKInitPreClockSelect
 .text.pclkDivOptimize
                0x0000000008003280       0x24 CMakeFiles/slc.dir/base/Users/diegosmacbook/Documents/PyroNet/firmware/sensor_mcu/simplicity_sdk_2025.6.2/platform/emlib/src/em_cmu.c.obj
 .text.sli_em_cmu_SYSCLKInitPostClockSelect
                0x00000000080032a4       0x40 CMakeFiles/slc.dir/base/Users/diegosmacbook/Documents/PyroNet/firmware/sensor_mcu/simplicity_sdk_2025.6.2/platform/emlib/src/em_cmu.c.obj
                0x00000000080032a4                sli_em_cmu_SYSCLKInitPostClockSelect
 .text.CMU_HFRCODPLLBandSet
                0x00000000080032e4      0x11c CMakeFiles/slc.dir/base/Users/diegosmacbook/Documents/PyroNet/firmware/sensor_mcu/simplicity_sdk_2025.6.2/platform/emlib/src/em_cmu.c.obj
                0x00000000080032e4                CMU_HFRCODPLLBandSet
 .text.CMU_HFRCOEM23BandSet
                0x0000000008003400      0x168 CMakeFiles/slc.dir/base/Users/diegosmacbook/Documents/PyroNet/firmware/sensor_mcu/simplicity_sdk_2025.6.2/platform/emlib/src/em_cmu.c.obj
                0x0000000008003400                CMU_HFRCOEM23BandSet
 .text.EMU_DCDCSync
                0x0000000008003568       0x10 CMakeFiles/slc.dir/base/Users/diegosmacbook/Documents/PyroNet/firmware/sensor_mcu/simplicity_sdk_2025.6.2/platform/emlib/src/em_emu.c.obj
 .text.EMU_EM4Init
                0x0000000008003578       0x14 CMakeFiles/slc.dir/base/Users/diegosmacbook/Documents/PyroNet/firmware/sensor_mcu/simplicity_sdk_2025.6.2/platform/emlib/src/em_emu.c.obj
                0x0000000008003578                EMU_EM4Init
 .text.EMU_VScaleEM01
                0x000000000800358c       0xa8 CMakeFiles/slc.dir/base/Users/diegosmacbook/Documents/PyroNet/firmware/sensor_mcu/simplicity_sdk_2025.6.2/platform/emlib/src/em_emu.c.obj
                0x000000000800358c                EMU_VScaleEM01
 .text.EMU_VScaleEM01ByClock
                0x0000000008003634       0x30 CMakeFiles/slc.dir/base/Users/diegosmacbook/Documents/PyroNet/firmware/sensor_mcu/simplicity_sdk_2025.6.2/platform/emlib/src/em_emu.c.obj
                0x0000000008003634                EMU_VScaleEM01ByClock
 .text.EMU_DCDCModeSet
                0x0000000008003664       0xac CMakeFiles/slc.dir/base/Users/diegosmacbook/Documents/PyroNet/firmware/sensor_mcu/simplicity_sdk_2025.6.2/platform/emlib/src/em_emu.c.obj
                0x0000000008003664                EMU_DCDCModeSet
 .text.EMU_DCDCInit
                0x0000000008003710       0x70 CMakeFiles/slc.dir/base/Users/diegosmacbook/Documents/PyroNet/firmware/sensor_mcu/simplicity_sdk_2025.6.2/platform/emlib/src/em_emu.c.obj
                0x0000000008003710                EMU_DCDCInit
 .text.EMU_DCDCSetPFMXModePeakCurrent
                0x0000000008003780       0x6c CMakeFiles/slc.dir/base/Users/diegosmacbook/Documents/PyroNet/firmware/sensor_mcu/simplicity_sdk_2025.6.2/platform/emlib/src/em_emu.c.obj
                0x0000000008003780                EMU_DCDCSetPFMXModePeakCurrent
 .text.GPIO_PinOutSet
                0x00000000080037ec       0x3c CMakeFiles/slc.dir/base/Users/diegosmacbook/Documents/PyroNet/firmware/sensor_mcu/simplicity_sdk_2025.6.2/platform/emlib/src/em_gpio.c.obj
 .text.GPIO_PinOutClear
                0x0000000008003828       0x3c CMakeFiles/slc.dir/base/Users/diegosmacbook/Documents/PyroNet/firmware/sensor_mcu/simplicity_sdk_2025.6.2/platform/emlib/src/em_gpio.c.obj
 .text.GPIO_PinModeSet
                0x0000000008003864       0x94 CMakeFiles/slc.dir/base/Users/diegosmacbook/Documents/PyroNet/firmware/sensor_mcu/simplicity_sdk_2025.6.2/platform/emlib/src/em_gpio.c.obj
                0x0000000008003864                GPIO_PinModeSet
 .text.sl_hal_gpio_get_enabled_pending_interrupts
                0x00000000080038f8       0x14 CMakeFiles/slc.dir/base/Users/diegosmacbook/Documents/PyroNet/firmware/sensor_mcu/simplicity_sdk_2025.6.2/platform/peripheral/src/sl_hal_gpio.c.obj
                0x00000000080038f8                sl_hal_gpio_get_enabled_pending_interrupts
 .text.sli_clock_manager_hal_init
                0x000000000800390c      0x1b0 CMakeFiles/slc.dir/base/Users/diegosmacbook/Documents/PyroNet/firmware/sensor_mcu/simplicity_sdk_2025.6.2/platform/service/clock_manager/src/sl_clock_manager_init_hal_s2.c.obj
                0x000000000800390c                sli_clock_manager_hal_init
 .text.sl_device_init_dcdc
                0x0000000008003abc       0x2c CMakeFiles/slc.dir/base/Users/diegosmacbook/Documents/PyroNet/firmware/sensor_mcu/simplicity_sdk_2025.6.2/platform/service/device_init/src/sl_device_init_dcdc_s2.c.obj
                0x0000000008003abc                sl_device_init_dcdc
 .text.sl_device_init_emu
                0x0000000008003ae8       0x24 CMakeFiles/slc.dir/base/Users/diegosmacbook/Documents/PyroNet/firmware/sensor_mcu/simplicity_sdk_2025.6.2/platform/service/device_init/src/sl_device_init_emu_s2.c.obj
                0x0000000008003ae8                sl_device_init_emu
 .text.sl_interrupt_manager_enable_irq
                0x0000000008003b0c       0x34 CMakeFiles/slc.dir/base/Users/diegosmacbook/Documents/PyroNet/firmware/sensor_mcu/simplicity_sdk_2025.6.2/platform/service/interrupt_manager/src/sl_interrupt_manager_cortexm.c.obj
                0x0000000008003b0c                sl_interrupt_manager_enable_irq
 .text.sl_interrupt_manager_is_irq_disabled
                0x0000000008003b40       0x30 CMakeFiles/slc.dir/base/Users/diegosmacbook/Documents/PyroNet/firmware/sensor_mcu/simplicity_sdk_2025.6.2/platform/service/interrupt_manager/src/sl_interrupt_manager_cortexm.c.obj
                0x0000000008003b40                sl_interrupt_manager_is_irq_disabled
 .text.sl_interrupt_manager_clear_irq_pending
                0x0000000008003b70       0x1c CMakeFiles/slc.dir/base/Users/diegosmacbook/Documents/PyroNet/firmware/sensor_mcu/simplicity_sdk_2025.6.2/platform/service/interrupt_manager/src/sl_interrupt_manager_cortexm.c.obj
                0x0000000008003b70                sl_interrupt_manager_clear_irq_pending
 .text.sl_interrupt_manager_set_irq_priority
                0x0000000008003b8c       0x54 CMakeFiles/slc.dir/base/Users/diegosmacbook/Documents/PyroNet/firmware/sensor_mcu/simplicity_sdk_2025.6.2/platform/service/interrupt_manager/src/sl_interrupt_manager_cortexm.c.obj
                0x0000000008003b8c                sl_interrupt_manager_set_irq_priority
 .text.sl_interrupt_manager_init
                0x0000000008003be0       0x34 CMakeFiles/slc.dir/base/Users/diegosmacbook/Documents/PyroNet/firmware/sensor_mcu/simplicity_sdk_2025.6.2/platform/service/interrupt_manager/src/sl_interrupt_manager_cortexm.c.obj
                0x0000000008003be0                sl_interrupt_manager_init
 .text._sbrk    0x0000000008003c14       0x20 CMakeFiles/slc.dir/base/Users/diegosmacbook/Documents/PyroNet/firmware/sensor_mcu/simplicity_sdk_2025.6.2/platform/service/memory_manager/src/sl_memory_manager_region.c.obj
                0x0000000008003c14                _sbrk
 .text.app_init
                0x0000000008003c34      0x158 CMakeFiles/slc.dir/base/Users/diegosmacbook/Documents/PyroNet/firmware/sensor_mcu/app.c.obj
                0x0000000008003c34                app_init
 .text.app_process_action
                0x0000000008003d8c      0x178 CMakeFiles/slc.dir/base/Users/diegosmacbook/Documents/PyroNet/firmware/sensor_mcu/app.c.obj
                0x0000000008003d8c                app_process_action
 .text.I2C_BusFreqGet
                0x0000000008003f04       0x4c CMakeFiles/slc.dir/base/Users/diegosmacbook/.silabs/slt/installs/conan/p/simpleb526998f4a4d/p/platform/emlib/src/em_i2c.c.obj
                0x0000000008003f04                I2C_BusFreqGet
 .text.I2C_BusFreqSet
                0x0000000008003f50      0x108 CMakeFiles/slc.dir/base/Users/diegosmacbook/.silabs/slt/installs/conan/p/simpleb526998f4a4d/p/platform/emlib/src/em_i2c.c.obj
                0x0000000008003f50                I2C_BusFreqSet
 .text.I2C_Enable
                0x0000000008004058       0x38 CMakeFiles/slc.dir/base/Users/diegosmacbook/.silabs/slt/installs/conan/p/simpleb526998f4a4d/p/platform/emlib/src/em_i2c.c.obj
                0x0000000008004058                I2C_Enable
 .text.I2C_Init
                0x0000000008004090       0x64 CMakeFiles/slc.dir/base/Users/diegosmacbook/.silabs/slt/installs/conan/p/simpleb526998f4a4d/p/platform/emlib/src/em_i2c.c.obj
                0x0000000008004090                I2C_Init
 .text.I2C_Reset
                0x00000000080040f4       0x30 CMakeFiles/slc.dir/base/Users/diegosmacbook/.silabs/slt/installs/conan/p/simpleb526998f4a4d/p/platform/emlib/src/em_i2c.c.obj
                0x00000000080040f4                I2C_Reset
 .text.I2C_Transfer
                0x0000000008004124      0x224 CMakeFiles/slc.dir/base/Users/diegosmacbook/.silabs/slt/installs/conan/p/simpleb526998f4a4d/p/platform/emlib/src/em_i2c.c.obj
                0x0000000008004124                I2C_Transfer
 .text.I2C_TransferInit
                0x0000000008004348       0xc0 CMakeFiles/slc.dir/base/Users/diegosmacbook/.silabs/slt/installs/conan/p/simpleb526998f4a4d/p/platform/emlib/src/em_i2c.c.obj
                0x0000000008004348                I2C_TransferInit
 .text.EUSART_Reset
                0x0000000008004408       0x3c CMakeFiles/slc.dir/base/Users/diegosmacbook/.silabs/slt/installs/conan/p/simpleb526998f4a4d/p/platform/emlib/src/em_eusart.c.obj
                0x0000000008004408                EUSART_Reset
 .text.EUSART_Enable
                0x0000000008004444       0x74 CMakeFiles/slc.dir/base/Users/diegosmacbook/.silabs/slt/installs/conan/p/simpleb526998f4a4d/p/platform/emlib/src/em_eusart.c.obj
                0x0000000008004444                EUSART_Enable
 .text.EUSART_BaudrateSet
                0x00000000080044b8      0x1d4 CMakeFiles/slc.dir/base/Users/diegosmacbook/.silabs/slt/installs/conan/p/simpleb526998f4a4d/p/platform/emlib/src/em_eusart.c.obj
                0x00000000080044b8                EUSART_BaudrateSet
 .text.EUSART_AsyncInitCommon.constprop.0
                0x000000000800468c      0x22c CMakeFiles/slc.dir/base/Users/diegosmacbook/.silabs/slt/installs/conan/p/simpleb526998f4a4d/p/platform/emlib/src/em_eusart.c.obj
 .text.EUSART_UartInitHf
                0x00000000080048b8       0x64 CMakeFiles/slc.dir/base/Users/diegosmacbook/.silabs/slt/installs/conan/p/simpleb526998f4a4d/p/platform/emlib/src/em_eusart.c.obj
                0x00000000080048b8                EUSART_UartInitHf
 .text.GPIO_PinInGet.constprop.0
                0x000000000800491c       0x14 CMakeFiles/slc.dir/base/Users/diegosmacbook/Documents/PyroNet/firmware/sensor_mcu/board_i2c.c.obj
 .text.board_i2c_init
                0x0000000008004930      0x100 CMakeFiles/slc.dir/base/Users/diegosmacbook/Documents/PyroNet/firmware/sensor_mcu/board_i2c.c.obj
                0x0000000008004930                board_i2c_init
 .text.monotonic_time_init
                0x0000000008004a30       0x44 CMakeFiles/slc.dir/base/Users/diegosmacbook/Documents/PyroNet/firmware/sensor_mcu/platform/monotonic_time.c.obj
                0x0000000008004a30                monotonic_time_init
 .text.monotonic_time_now_cycles
                0x0000000008004a74       0x40 CMakeFiles/slc.dir/base/Users/diegosmacbook/Documents/PyroNet/firmware/sensor_mcu/platform/monotonic_time.c.obj
                0x0000000008004a74                monotonic_time_now_cycles
 .text.monotonic_time_now_us
                0x0000000008004ab4       0x2c CMakeFiles/slc.dir/base/Users/diegosmacbook/Documents/PyroNet/firmware/sensor_mcu/platform/monotonic_time.c.obj
                0x0000000008004ab4                monotonic_time_now_us
 .text.monotonic_time_now_ns
                0x0000000008004ae0       0x2c CMakeFiles/slc.dir/base/Users/diegosmacbook/Documents/PyroNet/firmware/sensor_mcu/platform/monotonic_time.c.obj
                0x0000000008004ae0                monotonic_time_now_ns
 .text.sensor_bus_log_probe_result
                0x0000000008004b0c       0x34 CMakeFiles/slc.dir/base/Users/diegosmacbook/Documents/PyroNet/firmware/sensor_mcu/sensor_bus.c.obj
 .text.sensor_bus_init
                0x0000000008004b40       0xc4 CMakeFiles/slc.dir/base/Users/diegosmacbook/Documents/PyroNet/firmware/sensor_mcu/sensor_bus.c.obj
                0x0000000008004b40                sensor_bus_init
 .text.sps30_init
                0x0000000008004c04        0xc CMakeFiles/slc.dir/base/Users/diegosmacbook/Documents/PyroNet/firmware/sensor_mcu/third_party/sps30/sps30_i2c.c.obj
                0x0000000008004c04                sps30_init
 .text.sps30_start_measurement
                0x0000000008004c10       0x3c CMakeFiles/slc.dir/base/Users/diegosmacbook/Documents/PyroNet/firmware/sensor_mcu/third_party/sps30/sps30_i2c.c.obj
                0x0000000008004c10                sps30_start_measurement
 .text.sps30_read_data_ready_flag
                0x0000000008004c4c       0x44 CMakeFiles/slc.dir/base/Users/diegosmacbook/Documents/PyroNet/firmware/sensor_mcu/third_party/sps30/sps30_i2c.c.obj
                0x0000000008004c4c                sps30_read_data_ready_flag
 .text.sps30_read_measurement_values_float
                0x0000000008004c90       0xe4 CMakeFiles/slc.dir/base/Users/diegosmacbook/Documents/PyroNet/firmware/sensor_mcu/third_party/sps30/sps30_i2c.c.obj
                0x0000000008004c90                sps30_read_measurement_values_float
 .text.sps30_read_firmware_version
                0x0000000008004d74       0x40 CMakeFiles/slc.dir/base/Users/diegosmacbook/Documents/PyroNet/firmware/sensor_mcu/third_party/sps30/sps30_i2c.c.obj
                0x0000000008004d74                sps30_read_firmware_version
 .text.calc_temperature
                0x0000000008004db4       0x80 CMakeFiles/slc.dir/base/Users/diegosmacbook/Documents/PyroNet/firmware/sensor_mcu/third_party/bme68x/bme68x.c.obj
 .text.calc_pressure
                0x0000000008004e34      0x190 CMakeFiles/slc.dir/base/Users/diegosmacbook/Documents/PyroNet/firmware/sensor_mcu/third_party/bme68x/bme68x.c.obj
 .text.calc_humidity
                0x0000000008004fc4       0xd8 CMakeFiles/slc.dir/base/Users/diegosmacbook/Documents/PyroNet/firmware/sensor_mcu/third_party/bme68x/bme68x.c.obj
 .text.calc_res_heat
                0x000000000800509c       0xd8 CMakeFiles/slc.dir/base/Users/diegosmacbook/Documents/PyroNet/firmware/sensor_mcu/third_party/bme68x/bme68x.c.obj
 .text.calc_gas_resistance_low.isra.0
                0x0000000008005174       0xc8 CMakeFiles/slc.dir/base/Users/diegosmacbook/Documents/PyroNet/firmware/sensor_mcu/third_party/bme68x/bme68x.c.obj
 .text.bme68x_set_conf
                0x000000000800523c      0x138 CMakeFiles/slc.dir/base/Users/diegosmacbook/Documents/PyroNet/firmware/sensor_mcu/third_party/bme68x/bme68x.c.obj
                0x000000000800523c                bme68x_set_conf
 .text.bme68x_get_meas_dur
                0x0000000008005374       0x84 CMakeFiles/slc.dir/base/Users/diegosmacbook/Documents/PyroNet/firmware/sensor_mcu/third_party/bme68x/bme68x.c.obj
                0x0000000008005374                bme68x_get_meas_dur
 .text.bme68x_get_data
                0x00000000080053f8      0x40c CMakeFiles/slc.dir/base/Users/diegosmacbook/Documents/PyroNet/firmware/sensor_mcu/third_party/bme68x/bme68x.c.obj
                0x00000000080053f8                bme68x_get_data
 .text.bme68x_set_heatr_conf
                0x0000000008005804      0x254 CMakeFiles/slc.dir/base/Users/diegosmacbook/Documents/PyroNet/firmware/sensor_mcu/third_party/bme68x/bme68x.c.obj
                0x0000000008005804                bme68x_set_heatr_conf
 .text.bme68x_port_init_i2c
                0x0000000008005a58       0x38 CMakeFiles/slc.dir/base/Users/diegosmacbook/Documents/PyroNet/firmware/sensor_mcu/drivers/bme688/bme68x_port.c.obj
                0x0000000008005a58                bme68x_port_init_i2c
 .text.bme68x_port_status_name
                0x0000000008005a90       0x1c CMakeFiles/slc.dir/base/Users/diegosmacbook/Documents/PyroNet/firmware/sensor_mcu/drivers/bme688/bme68x_port.c.obj
                0x0000000008005a90                bme68x_port_status_name
 .text.sps30_base_status_name
                0x0000000008005aac       0x18 CMakeFiles/slc.dir/base/Users/diegosmacbook/Documents/PyroNet/firmware/sensor_mcu/drivers/sps30/sps30_base.c.obj
                0x0000000008005aac                sps30_base_status_name
 .text.bsec_service_init
                0x0000000008005ac4       0x74 CMakeFiles/slc.dir/base/Users/diegosmacbook/Documents/PyroNet/firmware/sensor_mcu/services/air_quality/bsec_service.c.obj
                0x0000000008005ac4                bsec_service_init
 .text.bsec_service_process
                0x0000000008005b38      0x264 CMakeFiles/slc.dir/base/Users/diegosmacbook/Documents/PyroNet/firmware/sensor_mcu/services/air_quality/bsec_service.c.obj
                0x0000000008005b38                bsec_service_process
 .text.bsec_service_status_name
                0x0000000008005d9c      0x100 CMakeFiles/slc.dir/base/Users/diegosmacbook/Documents/PyroNet/firmware/sensor_mcu/services/air_quality/bsec_service.c.obj
                0x0000000008005d9c                bsec_service_status_name
 .text.sps30_pm25_init
                0x0000000008005e9c       0x50 CMakeFiles/slc.dir/base/Users/diegosmacbook/Documents/PyroNet/firmware/sensor_mcu/services/particulate/sps30_pm25.c.obj
                0x0000000008005e9c                sps30_pm25_init
 .text.sps30_pm25_read
                0x0000000008005eec       0x7c CMakeFiles/slc.dir/base/Users/diegosmacbook/Documents/PyroNet/firmware/sensor_mcu/services/particulate/sps30_pm25.c.obj
                0x0000000008005eec                sps30_pm25_read
 .text.pyronet_risk_transition
                0x0000000008005f68      0x1b0 CMakeFiles/slc.dir/base/Users/diegosmacbook/Documents/PyroNet/firmware/sensor_mcu/services/risk/pyronet_risk_engine.c.obj
 .text.pyronet_risk_reconcile
                0x0000000008006118       0xa8 CMakeFiles/slc.dir/base/Users/diegosmacbook/Documents/PyroNet/firmware/sensor_mcu/services/risk/pyronet_risk_engine.c.obj
 .text.pyronet_risk_config_default
                0x00000000080061c0       0x20 CMakeFiles/slc.dir/base/Users/diegosmacbook/Documents/PyroNet/firmware/sensor_mcu/services/risk/pyronet_risk_engine.c.obj
                0x00000000080061c0                pyronet_risk_config_default
 .text.pyronet_risk_reason_name
                0x00000000080061e0       0x1c CMakeFiles/slc.dir/base/Users/diegosmacbook/Documents/PyroNet/firmware/sensor_mcu/services/risk/pyronet_risk_engine.c.obj
                0x00000000080061e0                pyronet_risk_reason_name
 .text.pyronet_risk_engine_init
                0x00000000080061fc       0x5c CMakeFiles/slc.dir/base/Users/diegosmacbook/Documents/PyroNet/firmware/sensor_mcu/services/risk/pyronet_risk_engine.c.obj
                0x00000000080061fc                pyronet_risk_engine_init
 .text.pyronet_risk_service_log_decimal_triplet
                0x0000000008006258       0x54 CMakeFiles/slc.dir/base/Users/diegosmacbook/Documents/PyroNet/firmware/sensor_mcu/services/risk/pyronet_risk_service.c.obj
 .text.pyronet_risk_service_request_pm25_sample
                0x00000000080062ac        0xc CMakeFiles/slc.dir/base/Users/diegosmacbook/Documents/PyroNet/firmware/sensor_mcu/services/risk/pyronet_risk_service.c.obj
 .text.pyronet_risk_service_log_snapshot
                0x00000000080062b8       0xa0 CMakeFiles/slc.dir/base/Users/diegosmacbook/Documents/PyroNet/firmware/sensor_mcu/services/risk/pyronet_risk_service.c.obj
 .text.pyronet_risk_service_broadcast_neighbor_alert
                0x0000000008006358        0xc CMakeFiles/slc.dir/base/Users/diegosmacbook/Documents/PyroNet/firmware/sensor_mcu/services/risk/pyronet_risk_service.c.obj
 .text.pyronet_risk_service_send_sensor_alert
                0x0000000008006364        0xc CMakeFiles/slc.dir/base/Users/diegosmacbook/Documents/PyroNet/firmware/sensor_mcu/services/risk/pyronet_risk_service.c.obj
 .text.pyronet_risk_service_send_report
                0x0000000008006370       0x30 CMakeFiles/slc.dir/base/Users/diegosmacbook/Documents/PyroNet/firmware/sensor_mcu/services/risk/pyronet_risk_service.c.obj
 .text.pyronet_risk_service_set_pm25_schedule
                0x00000000080063a0       0x18 CMakeFiles/slc.dir/base/Users/diegosmacbook/Documents/PyroNet/firmware/sensor_mcu/services/risk/pyronet_risk_service.c.obj
 .text.pyronet_risk_service_init
                0x00000000080063b8       0x58 CMakeFiles/slc.dir/base/Users/diegosmacbook/Documents/PyroNet/firmware/sensor_mcu/services/risk/pyronet_risk_service.c.obj
                0x00000000080063b8                pyronet_risk_service_init
 .text.debug_console_enable_cycle_counter
                0x0000000008006410       0x20 CMakeFiles/sensor_mcu.dir/base/Users/diegosmacbook/Documents/PyroNet/firmware/sensor_mcu/debug_console.c.obj
 .text.debug_console_putc
                0x0000000008006430       0x48 CMakeFiles/sensor_mcu.dir/base/Users/diegosmacbook/Documents/PyroNet/firmware/sensor_mcu/debug_console.c.obj
 .text.debug_console_init
                0x0000000008006478      0x100 CMakeFiles/sensor_mcu.dir/base/Users/diegosmacbook/Documents/PyroNet/firmware/sensor_mcu/debug_console.c.obj
                0x0000000008006478                debug_console_init
 .text.debug_console_emit_boot_markers
                0x0000000008006578       0x80 CMakeFiles/sensor_mcu.dir/base/Users/diegosmacbook/Documents/PyroNet/firmware/sensor_mcu/debug_console.c.obj
                0x0000000008006578                debug_console_emit_boot_markers
 .text          0x00000000080065f8      0x14c /Users/diegosmacbook/Documents/PyroNet/firmware/sensor_mcu/cmake_gcc/../third_party/bsec2/lib/libalgobsec.a(bsec_interface.o)
                0x00000000080065f8                bsec_get_version
                0x000000000800660c                bsec_init
                0x000000000800661c                bsec_reset_output
                0x0000000008006628                bsec_update_subscription
                0x000000000800664c                bsec_do_steps
                0x0000000008006670                bsec_set_configuration
                0x0000000008006690                bsec_set_state
                0x00000000080066b0                bsec_get_configuration
                0x00000000080066e8                bsec_get_state
                0x0000000008006720                bsec_sensor_control
 .text          0x0000000008006744       0xd8 /Users/diegosmacbook/Documents/PyroNet/firmware/sensor_mcu/cmake_gcc/../third_party/bsec2/lib/libalgobsec.a(bsec_codegen_get_configuration.o)
                0x0000000008006744                oqsupykamihtxlrg
 .text          0x000000000800681c       0xa0 /Users/diegosmacbook/Documents/PyroNet/firmware/sensor_mcu/cmake_gcc/../third_party/bsec2/lib/libalgobsec.a(bsec_codegen_get_state.o)
                0x000000000800681c                kvqjdsirfalnxtch
 .text          0x00000000080068bc       0x18 /Users/diegosmacbook/Documents/PyroNet/firmware/sensor_mcu/cmake_gcc/../third_party/bsec2/lib/libalgobsec.a(bsec_codegen_get_version.o)
                0x00000000080068bc                absyrkidgupcetoh
 .text          0x00000000080068d4        0x4 /Users/diegosmacbook/Documents/PyroNet/firmware/sensor_mcu/cmake_gcc/../third_party/bsec2/lib/libalgobsec.a(bsec_codegen_init.o)
                0x00000000080068d4                hqsifltrbeknmyvx
 .text          0x00000000080068d8        0xc /Users/diegosmacbook/Documents/PyroNet/firmware/sensor_mcu/cmake_gcc/../third_party/bsec2/lib/libalgobsec.a(bsec_codegen_reset_output.o)
                0x00000000080068d8                wrtxhjskeygiqlud
 .text          0x00000000080068e4       0xa4 /Users/diegosmacbook/Documents/PyroNet/firmware/sensor_mcu/cmake_gcc/../third_party/bsec2/lib/libalgobsec.a(bsec_codegen_set_configuration.o)
                0x00000000080068e4                bgkprnwmdyjvxafo
 .text          0x0000000008006988       0x94 /Users/diegosmacbook/Documents/PyroNet/firmware/sensor_mcu/cmake_gcc/../third_party/bsec2/lib/libalgobsec.a(bsec_codegen_set_state.o)
                0x0000000008006988                thwyadjrvbfenmqs
 .text          0x0000000008006a1c      0x114 /Users/diegosmacbook/Documents/PyroNet/firmware/sensor_mcu/cmake_gcc/../third_party/bsec2/lib/libalgobsec.a(bsec_codegen_update_subscription.o)
                0x0000000008006a1c                lejvhbmaopgruwdf
 .text          0x0000000008006b30       0x18 /Users/diegosmacbook/Documents/PyroNet/firmware/sensor_mcu/cmake_gcc/../third_party/bsec2/lib/libalgobsec.a(constructor_bsec.o)
                0x0000000008006b30                squjotdglrikxvmb
 .text          0x0000000008006b48      0x9f4 /Users/diegosmacbook/Documents/PyroNet/firmware/sensor_mcu/cmake_gcc/../third_party/bsec2/lib/libalgobsec.a(ChannelHub.o)
                0x0000000008006c0c                dgpxybfqrswhlenc
                0x0000000008006ce4                yrutfcanepljqskx
                0x0000000008006d48                wxsbuyrmevigonad
                0x000000000800711c                hwaqxlsneyirtcfo
                0x0000000008007180                odmlgwhbaiksjfnv
                0x00000000080071e4                qsrgpekxyabthwci
                0x0000000008007204                vfaqlcmbikegjurt
                0x0000000008007248                pdeygilhnwxqtvua
                0x0000000008007340                cnvdhbpqkmxafltj
                0x0000000008007398                oginsbwulhpfxcqm
                0x00000000080073fc                wthaqocgijxefusy
                0x000000000800744c                lwptfmqavbjohdis
                0x00000000080074a0                qufwgciotmxadbes
 .text          0x000000000800753c      0x77c /Users/diegosmacbook/Documents/PyroNet/firmware/sensor_mcu/cmake_gcc/../third_party/bsec2/lib/libalgobsec.a(Entity.o)
                0x000000000800753c                abjkvpoixrymhwce
                0x0000000008007574                uolxcnvpdhesqtgb
                0x00000000080075c4                brildnmoceyqxthw
                0x00000000080075f8                uorjscipfqhdlkmy
                0x0000000008007648                uhfgdprqjlxnitcy
                0x000000000800766c                lyjrxibsqaocnwdu
                0x0000000008007694                liwbckojayxqdfue
                0x00000000080076bc                ymciapqwbxskjvdr
                0x00000000080076fc                uperctdnmjiqgoyb
                0x000000000800772c                ieyjwmvfknuxsgpq
                0x000000000800776c                loacxdihgjbtyefq
                0x0000000008007778                jnemlxshfigpkyba
                0x0000000008007790                siwrcxqmeobydapn
                0x00000000080077c8                lsdgyhmknpafwqix
                0x0000000008007814                tjbordqgehalnxfv
                0x0000000008007850                hfnpiwcaoebxlstr
                0x0000000008007868                alwmcbtyqvsfodgr
                0x000000000800789c                trlaejnxqfuwcobh
                0x00000000080078ec                gepshrmfocjavtdq
                0x000000000800792c                eutqilmkdsyrvwan
                0x0000000008007988                qyniphbwgfceokvm
                0x00000000080079c4                rfetdymncikxjgql
                0x00000000080079dc                neysdgjwfmiqbral
                0x0000000008007a0c                rsmiopvuxjebgtyf
                0x0000000008007a80                wcejmiftguqhyodl
                0x0000000008007a8c                cqtlnmawdjouxehr
                0x0000000008007ad4                afmrpntswulvhdix
                0x0000000008007b10                mgcjxvlrkoeayfsh
                0x0000000008007b88                asybwnvmtrqucdxl
                0x0000000008007be4                oumnfjlkrvpxbyqa
                0x0000000008007c44                sfmdkoytluaqiehn
 .text          0x0000000008007cb8      0xec8 /Users/diegosmacbook/Documents/PyroNet/firmware/sensor_mcu/cmake_gcc/../third_party/bsec2/lib/libalgobsec.a(GasHumidityBaselineTracker.o)
                0x0000000008007f4c                astlepdrobujcimx
                0x0000000008008018                pgltdyuoanrwmhkq
                0x00000000080080c0                oyergnfxjibwmcdv
                0x0000000008008714                sgjciqarbhpkfndw
                0x00000000080087d0                ukpmxgaqhewdotfy
                0x0000000008008914                dtaocxbghkwqsufn
                0x0000000008008960                xiynarhumqcdebow
                0x0000000008008a64                oxkwpcmrufqhvlge
 .text          0x0000000008008b80      0x25c /Users/diegosmacbook/Documents/PyroNet/firmware/sensor_mcu/cmake_gcc/../third_party/bsec2/lib/libalgobsec.a(GasHumidityPreProcessor.o)
                0x0000000008008b80                wolsnxqukpbtrehc
                0x0000000008008b98                yarqpksxfndjthmu
                0x0000000008008bd0                ydknsghiqtpxevof
                0x0000000008008c88                stnwkmxojfuhqriy
                0x0000000008008cd8                kmjdaxcsbieyrogh
                0x0000000008008d28                wigemounarqvxyfl
                0x0000000008008d60                dhsjlwyevaugkofq
 .text          0x0000000008008ddc      0x234 /Users/diegosmacbook/Documents/PyroNet/firmware/sensor_mcu/cmake_gcc/../third_party/bsec2/lib/libalgobsec.a(HumidityTemperatureCorrector.o)
                0x0000000008008ddc                lunwvrgxmfkbohyc
                0x0000000008008df4                qkeybofrsvcmhwtp
                0x0000000008008e2c                jslcpunoqkdytefw
                0x0000000008008ea0                ukiydceqnomgfprv
                0x0000000008008ef0                usfrkqcyhxipvgtn
                0x0000000008008f40                okjxewdbcgspmqha
                0x0000000008008f78                bmdkxljgiwonpfvh
 .text          0x0000000008009010      0x3d8 /Users/diegosmacbook/Documents/PyroNet/firmware/sensor_mcu/cmake_gcc/../third_party/bsec2/lib/libalgobsec.a(IaqEstimator.o)
                0x0000000008009010                oalhmbenfyjrudiv
                0x0000000008009030                lercnbjdxkoafpwm
                0x0000000008009068                xhkprcwjsbdymolt
                0x00000000080091fc                dypcekrfswihtxjo
                0x000000000800924c                yiwxqmbfhkdjlgtv
                0x00000000080092f4                wrugdnicxtkpjeyo
                0x0000000008009308                kyqmxlsbpdojwuva
                0x0000000008009374                jfrbhgmowplqvksx
 .text          0x00000000080093e8      0x704 /Users/diegosmacbook/Documents/PyroNet/firmware/sensor_mcu/cmake_gcc/../third_party/bsec2/lib/libalgobsec.a(SensorStatusTracker.o)
                0x00000000080095a0                nkqtuhgdswcxapvb
                0x00000000080095fc                lwpmryxjuabevgtf
                0x00000000080097f4                yqlcjutdrmefhigw
                0x000000000800987c                owlbknhximsevfjd
                0x0000000008009948                blykvgpjtrnmhwsq
                0x00000000080099fc                bmywqkdlgrxpevfh
                0x0000000008009a9c                wtoybemvhurgidpc
 .text          0x0000000008009aec       0x60 /Users/diegosmacbook/Documents/PyroNet/firmware/sensor_mcu/cmake_gcc/../third_party/bsec2/lib/libalgobsec.a(Serialization.o)
                0x0000000008009aec                wuapxyvkcqmdhrsl
                0x0000000008009b30                uvbrpljwqhnodaef
 .text          0x0000000008009b4c       0x18 /Users/diegosmacbook/Documents/PyroNet/firmware/sensor_mcu/cmake_gcc/../third_party/bsec2/lib/libalgobsec.a(abs.o)
                0x0000000008009b4c                oqnkadumjgcehyiv
 .text          0x0000000008009b64       0x20 /Users/diegosmacbook/Documents/PyroNet/firmware/sensor_mcu/cmake_gcc/../third_party/bsec2/lib/libalgobsec.a(all.o)
                0x0000000008009b64                pwudaynfskjhoevl
 .text          0x0000000008009b84       0x78 /Users/diegosmacbook/Documents/PyroNet/firmware/sensor_mcu/cmake_gcc/../third_party/bsec2/lib/libalgobsec.a(bsec_codegen_rtwutil.o)
                0x0000000008009b84                ntodjbysvxlrfmgw
 .text          0x0000000008009bfc       0x1c /Users/diegosmacbook/Documents/PyroNet/firmware/sensor_mcu/cmake_gcc/../third_party/bsec2/lib/libalgobsec.a(circshift.o)
                0x0000000008009bfc                fbyrmicvgwadeths
 .text          0x0000000008009c18       0xa0 /Users/diegosmacbook/Documents/PyroNet/firmware/sensor_mcu/cmake_gcc/../third_party/bsec2/lib/libalgobsec.a(convertHumidity.o)
                0x0000000008009c18                ydkifecvrathubpq
 .text          0x0000000008009cb8       0x40 /Users/diegosmacbook/Documents/PyroNet/firmware/sensor_mcu/cmake_gcc/../third_party/bsec2/lib/libalgobsec.a(crcCcitt2.o)
                0x0000000008009cb8                tnmigvuljhyxopbk
 .text          0x0000000008009cf8       0x20 /Users/diegosmacbook/Documents/PyroNet/firmware/sensor_mcu/cmake_gcc/../third_party/bsec2/lib/libalgobsec.a(diff.o)
                0x0000000008009cf8                rwaybnskhmovifgu
 .text          0x0000000008009d18       0xa8 /Users/diegosmacbook/Documents/PyroNet/firmware/sensor_mcu/cmake_gcc/../third_party/bsec2/lib/libalgobsec.a(filter.o)
                0x0000000008009d18                vcbuotfqsriemjgk
                0x0000000008009d68                bsnapuoycmqefgrk
 .text          0x0000000008009dc0       0x5c /Users/diegosmacbook/Documents/PyroNet/firmware/sensor_mcu/cmake_gcc/../third_party/bsec2/lib/libalgobsec.a(getSensorRange.o)
                0x0000000008009dc0                prdyxobatnwcikue
 .text          0x0000000008009e1c        0xc /Users/diegosmacbook/Documents/PyroNet/firmware/sensor_mcu/cmake_gcc/../third_party/bsec2/lib/libalgobsec.a(isequal.o)
                0x0000000008009e1c                jqfrbytwamxiuokc
 .text          0x0000000008009e28      0x36c /Users/diegosmacbook/Documents/PyroNet/firmware/sensor_mcu/cmake_gcc/../third_party/bsec2/lib/libalgobsec.a(sort.o)
                0x0000000008009e28                uewcykaxbvdlhtgo
 .text          0x000000000800a194      0x19c /Users/diegosmacbook/Documents/PyroNet/firmware/sensor_mcu/cmake_gcc/../third_party/bsec2/lib/libalgobsec.a(sortIdx.o)
                0x000000000800a284                insdmaxrflhpgwqy
 .text          0x000000000800a330       0x38 /Users/diegosmacbook/Documents/PyroNet/firmware/sensor_mcu/cmake_gcc/../third_party/bsec2/lib/libalgobsec.a(Channel.o)
                0x000000000800a330                hkytdeovxpqwigfl
                0x000000000800a358                ydfbqhrxiokjuavp
 .text          0x000000000800a368      0x110 /Users/diegosmacbook/Documents/PyroNet/firmware/sensor_mcu/cmake_gcc/../third_party/bsec2/lib/libalgobsec.a(ExpSmoothing.o)
                0x000000000800a368                gksarwvyidnojehc
 .text          0x000000000800a478       0x38 /Users/diegosmacbook/Documents/PyroNet/firmware/sensor_mcu/cmake_gcc/../third_party/bsec2/lib/libalgobsec.a(ExpSmoothingBsec.o)
                0x000000000800a478                rybwnexmfldqgvco
                0x000000000800a498                kcawbuephmltxgsy
 .text          0x000000000800a4b0      0x378 /Users/diegosmacbook/.silabs/slt/installs/conan/p/gcc-af360b79bab9e3/p/bin/../lib/gcc/arm-none-eabi/12.2.1/thumb/v8-m.main+fp/hard/libgcc.a(_arm_addsubdf3.o)
                0x000000000800a4b0                __aeabi_drsub
                0x000000000800a4b8                __subdf3
                0x000000000800a4b8                __aeabi_dsub
                0x000000000800a4bc                __aeabi_dadd
                0x000000000800a4bc                __adddf3
                0x000000000800a734                __aeabi_ui2d
                0x000000000800a734                __floatunsidf
                0x000000000800a754                __floatsidf
                0x000000000800a754                __aeabi_i2d
                0x000000000800a778                __extendsfdf2
                0x000000000800a778                __aeabi_f2d
                0x000000000800a7bc                __aeabi_ul2d
                0x000000000800a7bc                __floatundidf
                0x000000000800a7cc                __aeabi_l2d
                0x000000000800a7cc                __floatdidf
 .text          0x000000000800a828      0x424 /Users/diegosmacbook/.silabs/slt/installs/conan/p/gcc-af360b79bab9e3/p/bin/../lib/gcc/arm-none-eabi/12.2.1/thumb/v8-m.main+fp/hard/libgcc.a(_arm_muldivdf3.o)
                0x000000000800a828                __aeabi_dmul
                0x000000000800a828                __muldf3
                0x000000000800aa7c                __aeabi_ddiv
                0x000000000800aa7c                __divdf3
 .text          0x000000000800ac4c      0x110 /Users/diegosmacbook/.silabs/slt/installs/conan/p/gcc-af360b79bab9e3/p/bin/../lib/gcc/arm-none-eabi/12.2.1/thumb/v8-m.main+fp/hard/libgcc.a(_arm_cmpdf2.o)
                0x000000000800ac4c                __gedf2
                0x000000000800ac4c                __gtdf2
                0x000000000800ac54                __ledf2
                0x000000000800ac54                __ltdf2
                0x000000000800ac5c                __cmpdf2
                0x000000000800ac5c                __eqdf2
                0x000000000800ac5c                __nedf2
                0x000000000800acd8                __aeabi_cdrcmple
                0x000000000800ace8                __aeabi_cdcmple
                0x000000000800ace8                __aeabi_cdcmpeq
                0x000000000800acf8                __aeabi_dcmpeq
                0x000000000800ad0c                __aeabi_dcmplt
                0x000000000800ad20                __aeabi_dcmple
                0x000000000800ad34                __aeabi_dcmpge
                0x000000000800ad48                __aeabi_dcmpgt
 .text          0x000000000800ad5c       0x40 /Users/diegosmacbook/.silabs/slt/installs/conan/p/gcc-af360b79bab9e3/p/bin/../lib/gcc/arm-none-eabi/12.2.1/thumb/v8-m.main+fp/hard/libgcc.a(_arm_fixunsdfsi.o)
                0x000000000800ad5c                __fixunsdfsi
                0x000000000800ad5c                __aeabi_d2uiz
 .text          0x000000000800ad9c       0xa0 /Users/diegosmacbook/.silabs/slt/installs/conan/p/gcc-af360b79bab9e3/p/bin/../lib/gcc/arm-none-eabi/12.2.1/thumb/v8-m.main+fp/hard/libgcc.a(_arm_truncdfsf2.o)
                0x000000000800ad9c                __aeabi_d2f
                0x000000000800ad9c                __truncdfsf2
 .text          0x000000000800ae3c      0x21c /Users/diegosmacbook/.silabs/slt/installs/conan/p/gcc-af360b79bab9e3/p/bin/../lib/gcc/arm-none-eabi/12.2.1/thumb/v8-m.main+fp/hard/libgcc.a(_arm_addsubsf3.o)
                0x000000000800ae3c                __aeabi_frsub
                0x000000000800ae44                __aeabi_fsub
                0x000000000800ae44                __subsf3
                0x000000000800ae48                __aeabi_fadd
                0x000000000800ae48                __addsf3
                0x000000000800afa8                __aeabi_ui2f
                0x000000000800afa8                __floatunsisf
                0x000000000800afb0                __floatsisf
                0x000000000800afb0                __aeabi_i2f
                0x000000000800afcc                __aeabi_ul2f
                0x000000000800afcc                __floatundisf
                0x000000000800afdc                __aeabi_l2f
                0x000000000800afdc                __floatdisf
 .text          0x000000000800b058       0xa0 /Users/diegosmacbook/.silabs/slt/installs/conan/p/gcc-af360b79bab9e3/p/bin/../lib/gcc/arm-none-eabi/12.2.1/thumb/v8-m.main+fp/hard/libgcc.a(_aeabi_ldivmod.o)
                0x000000000800b058                __aeabi_ldivmod
 .text          0x000000000800b0f8       0x30 /Users/diegosmacbook/.silabs/slt/installs/conan/p/gcc-af360b79bab9e3/p/bin/../lib/gcc/arm-none-eabi/12.2.1/thumb/v8-m.main+fp/hard/libgcc.a(_aeabi_uldivmod.o)
                0x000000000800b0f8                __aeabi_uldivmod
 .text.__fixdfdi
                0x000000000800b128       0x30 /Users/diegosmacbook/.silabs/slt/installs/conan/p/gcc-af360b79bab9e3/p/bin/../lib/gcc/arm-none-eabi/12.2.1/thumb/v8-m.main+fp/hard/libgcc.a(_fixdfdi.o)
                0x000000000800b128                __aeabi_d2lz
                0x000000000800b128                __fixdfdi
 .text.__fixunsdfdi
                0x000000000800b158       0x3c /Users/diegosmacbook/.silabs/slt/installs/conan/p/gcc-af360b79bab9e3/p/bin/../lib/gcc/arm-none-eabi/12.2.1/thumb/v8-m.main+fp/hard/libgcc.a(_fixunsdfdi.o)
                0x000000000800b158                __aeabi_d2ulz
                0x000000000800b158                __fixunsdfdi
 .text.__udivmoddi4
                0x000000000800b194      0x2ec /Users/diegosmacbook/.silabs/slt/installs/conan/p/gcc-af360b79bab9e3/p/bin/../lib/gcc/arm-none-eabi/12.2.1/thumb/v8-m.main+fp/hard/libgcc.a(_udivmoddi4.o)
                0x000000000800b194                __udivmoddi4
 .text          0x000000000800b480        0x4 /Users/diegosmacbook/.silabs/slt/installs/conan/p/gcc-af360b79bab9e3/p/bin/../lib/gcc/arm-none-eabi/12.2.1/thumb/v8-m.main+fp/hard/libgcc.a(_dvmd_tls.o)
                0x000000000800b480                __aeabi_ldiv0
                0x000000000800b480                __aeabi_idiv0
 .text.exit     0x000000000800b484       0x24 /Users/diegosmacbook/.silabs/slt/installs/conan/p/gcc-af360b79bab9e3/p/bin/../lib/gcc/arm-none-eabi/12.2.1/../../../../arm-none-eabi/lib/thumb/v8-m.main+fp/hard/libc_nano.a(libc_a-exit.o)
                0x000000000800b484                exit
 .text.std      0x000000000800b4a8       0x6c /Users/diegosmacbook/.silabs/slt/installs/conan/p/gcc-af360b79bab9e3/p/bin/../lib/gcc/arm-none-eabi/12.2.1/../../../../arm-none-eabi/lib/thumb/v8-m.main+fp/hard/libc_nano.a(libc_a-findfp.o)
 .text.stdio_exit_handler
                0x000000000800b514       0x18 /Users/diegosmacbook/.silabs/slt/installs/conan/p/gcc-af360b79bab9e3/p/bin/../lib/gcc/arm-none-eabi/12.2.1/../../../../arm-none-eabi/lib/thumb/v8-m.main+fp/hard/libc_nano.a(libc_a-findfp.o)
 .text.cleanup_stdio
                0x000000000800b52c       0x40 /Users/diegosmacbook/.silabs/slt/installs/conan/p/gcc-af360b79bab9e3/p/bin/../lib/gcc/arm-none-eabi/12.2.1/../../../../arm-none-eabi/lib/thumb/v8-m.main+fp/hard/libc_nano.a(libc_a-findfp.o)
 .text.global_stdio_init.part.0
                0x000000000800b56c       0x3c /Users/diegosmacbook/.silabs/slt/installs/conan/p/gcc-af360b79bab9e3/p/bin/../lib/gcc/arm-none-eabi/12.2.1/../../../../arm-none-eabi/lib/thumb/v8-m.main+fp/hard/libc_nano.a(libc_a-findfp.o)
 .text.__sfp_lock_acquire
                0x000000000800b5a8        0xc /Users/diegosmacbook/.silabs/slt/installs/conan/p/gcc-af360b79bab9e3/p/bin/../lib/gcc/arm-none-eabi/12.2.1/../../../../arm-none-eabi/lib/thumb/v8-m.main+fp/hard/libc_nano.a(libc_a-findfp.o)
                0x000000000800b5a8                __sfp_lock_acquire
 .text.__sfp_lock_release
                0x000000000800b5b4        0xc /Users/diegosmacbook/.silabs/slt/installs/conan/p/gcc-af360b79bab9e3/p/bin/../lib/gcc/arm-none-eabi/12.2.1/../../../../arm-none-eabi/lib/thumb/v8-m.main+fp/hard/libc_nano.a(libc_a-findfp.o)
                0x000000000800b5b4                __sfp_lock_release
 .text.__sinit  0x000000000800b5c0       0x30 /Users/diegosmacbook/.silabs/slt/installs/conan/p/gcc-af360b79bab9e3/p/bin/../lib/gcc/arm-none-eabi/12.2.1/../../../../arm-none-eabi/lib/thumb/v8-m.main+fp/hard/libc_nano.a(libc_a-findfp.o)
                0x000000000800b5c0                __sinit
 .text.printf   0x000000000800b5f0       0x24 /Users/diegosmacbook/.silabs/slt/installs/conan/p/gcc-af360b79bab9e3/p/bin/../lib/gcc/arm-none-eabi/12.2.1/../../../../arm-none-eabi/lib/thumb/v8-m.main+fp/hard/libc_nano.a(libc_a-printf.o)
                0x000000000800b5f0                printf
                0x000000000800b5f0                iprintf
 .text.puts     0x000000000800b614       0x10 /Users/diegosmacbook/.silabs/slt/installs/conan/p/gcc-af360b79bab9e3/p/bin/../lib/gcc/arm-none-eabi/12.2.1/../../../../arm-none-eabi/lib/thumb/v8-m.main+fp/hard/libc_nano.a(libc_a-puts.o)
                0x000000000800b614                puts
 .text.__libc_init_array
                0x000000000800b624       0x48 /Users/diegosmacbook/.silabs/slt/installs/conan/p/gcc-af360b79bab9e3/p/bin/../lib/gcc/arm-none-eabi/12.2.1/../../../../arm-none-eabi/lib/thumb/v8-m.main+fp/hard/libc_nano.a(libc_a-init.o)
                0x000000000800b624                __libc_init_array
 .text._vfprintf_r
                0x000000000800b66c      0x230 /Users/diegosmacbook/.silabs/slt/installs/conan/p/gcc-af360b79bab9e3/p/bin/../lib/gcc/arm-none-eabi/12.2.1/../../../../arm-none-eabi/lib/thumb/v8-m.main+fp/hard/libc_nano.a(libc_a-nano-vfprintf.o)
                0x000000000800b66c                _vfiprintf_r
                0x000000000800b66c                _vfprintf_r
 .text.sbrk_aligned
                0x000000000800b89c       0x44 /Users/diegosmacbook/.silabs/slt/installs/conan/p/gcc-af360b79bab9e3/p/bin/../lib/gcc/arm-none-eabi/12.2.1/../../../../arm-none-eabi/lib/thumb/v8-m.main+fp/hard/libc_nano.a(libc_a-mallocr.o)
 .text._malloc_r
                0x000000000800b8e0       0xf0 /Users/diegosmacbook/.silabs/slt/installs/conan/p/gcc-af360b79bab9e3/p/bin/../lib/gcc/arm-none-eabi/12.2.1/../../../../arm-none-eabi/lib/thumb/v8-m.main+fp/hard/libc_nano.a(libc_a-mallocr.o)
                0x000000000800b8e0                _malloc_r
 .text._printf_i
                0x000000000800b9d0      0x258 /Users/diegosmacbook/.silabs/slt/installs/conan/p/gcc-af360b79bab9e3/p/bin/../lib/gcc/arm-none-eabi/12.2.1/../../../../arm-none-eabi/lib/thumb/v8-m.main+fp/hard/libc_nano.a(libc_a-nano-vfprintf_i.o)
                0x000000000800b9d0                _printf_i
 .text.__malloc_lock
                0x000000000800bc28        0xc /Users/diegosmacbook/.silabs/slt/installs/conan/p/gcc-af360b79bab9e3/p/bin/../lib/gcc/arm-none-eabi/12.2.1/../../../../arm-none-eabi/lib/thumb/v8-m.main+fp/hard/libc_nano.a(libc_a-mlock.o)
                0x000000000800bc28                __malloc_lock
 .text.__malloc_unlock
                0x000000000800bc34        0xc /Users/diegosmacbook/.silabs/slt/installs/conan/p/gcc-af360b79bab9e3/p/bin/../lib/gcc/arm-none-eabi/12.2.1/../../../../arm-none-eabi/lib/thumb/v8-m.main+fp/hard/libc_nano.a(libc_a-mlock.o)
                0x000000000800bc34                __malloc_unlock
 .text.__swsetup_r
                0x000000000800bc40       0xac /Users/diegosmacbook/.silabs/slt/installs/conan/p/gcc-af360b79bab9e3/p/bin/../lib/gcc/arm-none-eabi/12.2.1/../../../../arm-none-eabi/lib/thumb/v8-m.main+fp/hard/libc_nano.a(libc_a-wsetup.o)
                0x000000000800bc40                __swsetup_r
 .text._close_r
                0x000000000800bcec       0x20 /Users/diegosmacbook/.silabs/slt/installs/conan/p/gcc-af360b79bab9e3/p/bin/../lib/gcc/arm-none-eabi/12.2.1/../../../../arm-none-eabi/lib/thumb/v8-m.main+fp/hard/libc_nano.a(libc_a-closer.o)
                0x000000000800bcec                _close_r
 .text._fstat_r
                0x000000000800bd0c       0x24 /Users/diegosmacbook/.silabs/slt/installs/conan/p/gcc-af360b79bab9e3/p/bin/../lib/gcc/arm-none-eabi/12.2.1/../../../../arm-none-eabi/lib/thumb/v8-m.main+fp/hard/libc_nano.a(libc_a-fstatr.o)
                0x000000000800bd0c                _fstat_r
 .text._isatty_r
                0x000000000800bd30       0x20 /Users/diegosmacbook/.silabs/slt/installs/conan/p/gcc-af360b79bab9e3/p/bin/../lib/gcc/arm-none-eabi/12.2.1/../../../../arm-none-eabi/lib/thumb/v8-m.main+fp/hard/libc_nano.a(libc_a-isattyr.o)
                0x000000000800bd30                _isatty_r
 .text._lseek_r
                0x000000000800bd50       0x24 /Users/diegosmacbook/.silabs/slt/installs/conan/p/gcc-af360b79bab9e3/p/bin/../lib/gcc/arm-none-eabi/12.2.1/../../../../arm-none-eabi/lib/thumb/v8-m.main+fp/hard/libc_nano.a(libc_a-lseekr.o)
                0x000000000800bd50                _lseek_r
 .text._read_r  0x000000000800bd74       0x24 /Users/diegosmacbook/.silabs/slt/installs/conan/p/gcc-af360b79bab9e3/p/bin/../lib/gcc/arm-none-eabi/12.2.1/../../../../arm-none-eabi/lib/thumb/v8-m.main+fp/hard/libc_nano.a(libc_a-readr.o)
                0x000000000800bd74                _read_r
 .text._sbrk_r  0x000000000800bd98       0x20 /Users/diegosmacbook/.silabs/slt/installs/conan/p/gcc-af360b79bab9e3/p/bin/../lib/gcc/arm-none-eabi/12.2.1/../../../../arm-none-eabi/lib/thumb/v8-m.main+fp/hard/libc_nano.a(libc_a-sbrkr.o)
                0x000000000800bd98                _sbrk_r
 .text._write_r
                0x000000000800bdb8       0x24 /Users/diegosmacbook/.silabs/slt/installs/conan/p/gcc-af360b79bab9e3/p/bin/../lib/gcc/arm-none-eabi/12.2.1/../../../../arm-none-eabi/lib/thumb/v8-m.main+fp/hard/libc_nano.a(libc_a-writer.o)
                0x000000000800bdb8                _write_r
 .text._free_r  0x000000000800bddc       0x94 /Users/diegosmacbook/.silabs/slt/installs/conan/p/gcc-af360b79bab9e3/p/bin/../lib/gcc/arm-none-eabi/12.2.1/../../../../arm-none-eabi/lib/thumb/v8-m.main+fp/hard/libc_nano.a(libc_a-freer.o)
                0x000000000800bddc                _free_r
 .text.expf     0x000000000800be70       0x78 /Users/diegosmacbook/.silabs/slt/installs/conan/p/gcc-af360b79bab9e3/p/bin/../lib/gcc/arm-none-eabi/12.2.1/../../../../arm-none-eabi/lib/thumb/v8-m.main+fp/hard/libm.a(libm_a-wf_exp.o)
                0x000000000800be70                expf
 .text.logf     0x000000000800bee8       0x60 /Users/diegosmacbook/.silabs/slt/installs/conan/p/gcc-af360b79bab9e3/p/bin/../lib/gcc/arm-none-eabi/12.2.1/../../../../arm-none-eabi/lib/thumb/v8-m.main+fp/hard/libm.a(libm_a-wf_log.o)
                0x000000000800bee8                logf
 .text.log10f   0x000000000800bf48       0x60 /Users/diegosmacbook/.silabs/slt/installs/conan/p/gcc-af360b79bab9e3/p/bin/../lib/gcc/arm-none-eabi/12.2.1/../../../../arm-none-eabi/lib/thumb/v8-m.main+fp/hard/libm.a(libm_a-wf_log10.o)
                0x000000000800bf48                log10f
 .text.powf     0x000000000800bfa8       0xbc /Users/diegosmacbook/.silabs/slt/installs/conan/p/gcc-af360b79bab9e3/p/bin/../lib/gcc/arm-none-eabi/12.2.1/../../../../arm-none-eabi/lib/thumb/v8-m.main+fp/hard/libm.a(libm_a-wf_pow.o)
                0x000000000800bfa8                powf
 .text.sqrtf    0x000000000800c064       0x44 /Users/diegosmacbook/.silabs/slt/installs/conan/p/gcc-af360b79bab9e3/p/bin/../lib/gcc/arm-none-eabi/12.2.1/../../../../arm-none-eabi/lib/thumb/v8-m.main+fp/hard/libm.a(libm_a-wf_sqrt.o)
                0x000000000800c064                sqrtf
 .text.finitef  0x000000000800c0a8       0x14 /Users/diegosmacbook/.silabs/slt/installs/conan/p/gcc-af360b79bab9e3/p/bin/../lib/gcc/arm-none-eabi/12.2.1/../../../../arm-none-eabi/lib/thumb/v8-m.main+fp/hard/libm.a(libm_a-sf_finite.o)
                0x000000000800c0a8                finitef
 .text.atanf    0x000000000800c0bc      0x1ac /Users/diegosmacbook/.silabs/slt/installs/conan/p/gcc-af360b79bab9e3/p/bin/../lib/gcc/arm-none-eabi/12.2.1/../../../../arm-none-eabi/lib/thumb/v8-m.main+fp/hard/libm.a(libm_a-sf_atan.o)
                0x000000000800c0bc                atanf
 .text.fabsf    0x000000000800c268       0x10 /Users/diegosmacbook/.silabs/slt/installs/conan/p/gcc-af360b79bab9e3/p/bin/../lib/gcc/arm-none-eabi/12.2.1/../../../../arm-none-eabi/lib/thumb/v8-m.main+fp/hard/libm.a(libm_a-sf_fabs.o)
                0x000000000800c268                fabsf
 .text.sinf     0x000000000800c278       0x8c /Users/diegosmacbook/.silabs/slt/installs/conan/p/gcc-af360b79bab9e3/p/bin/../lib/gcc/arm-none-eabi/12.2.1/../../../../arm-none-eabi/lib/thumb/v8-m.main+fp/hard/libm.a(libm_a-sf_sin.o)
                0x000000000800c278                sinf
 .text.nanf     0x000000000800c304        0xc /Users/diegosmacbook/.silabs/slt/installs/conan/p/gcc-af360b79bab9e3/p/bin/../lib/gcc/arm-none-eabi/12.2.1/../../../../arm-none-eabi/lib/thumb/v8-m.main+fp/hard/libm.a(libm_a-sf_nan.o)
                0x000000000800c304                nanf
 .text.__kernel_cosf
                0x000000000800c310      0x104 /Users/diegosmacbook/.silabs/slt/installs/conan/p/gcc-af360b79bab9e3/p/bin/../lib/gcc/arm-none-eabi/12.2.1/../../../../arm-none-eabi/lib/thumb/v8-m.main+fp/hard/libm.a(libm_a-kf_cos.o)
                0x000000000800c310                __kernel_cosf
 .text.__kernel_sinf
                0x000000000800c414       0x90 /Users/diegosmacbook/.silabs/slt/installs/conan/p/gcc-af360b79bab9e3/p/bin/../lib/gcc/arm-none-eabi/12.2.1/../../../../arm-none-eabi/lib/thumb/v8-m.main+fp/hard/libm.a(libm_a-kf_sin.o)
                0x000000000800c414                __kernel_sinf
 .text.__ieee754_expf
                0x000000000800c4a4      0x1e4 /Users/diegosmacbook/.silabs/slt/installs/conan/p/gcc-af360b79bab9e3/p/bin/../lib/gcc/arm-none-eabi/12.2.1/../../../../arm-none-eabi/lib/thumb/v8-m.main+fp/hard/libm.a(libm_a-ef_exp.o)
                0x000000000800c4a4                __ieee754_expf
 .text.__ieee754_sqrtf
                0x000000000800c688        0x8 /Users/diegosmacbook/.silabs/slt/installs/conan/p/gcc-af360b79bab9e3/p/bin/../lib/gcc/arm-none-eabi/12.2.1/../../../../arm-none-eabi/lib/thumb/v8-m.main+fp/hard/libm.a(libm_a-ef_sqrt.o)
                0x000000000800c688                __ieee754_sqrtf
 .text.__ieee754_logf
                0x000000000800c690      0x200 /Users/diegosmacbook/.silabs/slt/installs/conan/p/gcc-af360b79bab9e3/p/bin/../lib/gcc/arm-none-eabi/12.2.1/../../../../arm-none-eabi/lib/thumb/v8-m.main+fp/hard/libm.a(libm_a-ef_log.o)
                0x000000000800c690                __ieee754_logf
 .text.__ieee754_log10f
                0x000000000800c890       0xc4 /Users/diegosmacbook/.silabs/slt/installs/conan/p/gcc-af360b79bab9e3/p/bin/../lib/gcc/arm-none-eabi/12.2.1/../../../../arm-none-eabi/lib/thumb/v8-m.main+fp/hard/libm.a(libm_a-ef_log10.o)
                0x000000000800c890                __ieee754_log10f
 .text.__ieee754_powf
                0x000000000800c954      0x66c /Users/diegosmacbook/.silabs/slt/installs/conan/p/gcc-af360b79bab9e3/p/bin/../lib/gcc/arm-none-eabi/12.2.1/../../../../arm-none-eabi/lib/thumb/v8-m.main+fp/hard/libm.a(libm_a-ef_pow.o)
                0x000000000800c954                __ieee754_powf
 .text.__ieee754_rem_pio2f
                0x000000000800cfc0      0x278 /Users/diegosmacbook/.silabs/slt/installs/conan/p/gcc-af360b79bab9e3/p/bin/../lib/gcc/arm-none-eabi/12.2.1/../../../../arm-none-eabi/lib/thumb/v8-m.main+fp/hard/libm.a(libm_a-ef_rem_pio2.o)
                0x000000000800cfc0                __ieee754_rem_pio2f
 .text.with_errnof
                0x000000000800d238       0x1c /Users/diegosmacbook/.silabs/slt/installs/conan/p/gcc-af360b79bab9e3/p/bin/../lib/gcc/arm-none-eabi/12.2.1/../../../../arm-none-eabi/lib/thumb/v8-m.main+fp/hard/libm.a(libm_a-math_errf.o)
 .text.xflowf   0x000000000800d254       0x20 /Users/diegosmacbook/.silabs/slt/installs/conan/p/gcc-af360b79bab9e3/p/bin/../lib/gcc/arm-none-eabi/12.2.1/../../../../arm-none-eabi/lib/thumb/v8-m.main+fp/hard/libm.a(libm_a-math_errf.o)
 .text.__math_uflowf
                0x000000000800d274        0xc /Users/diegosmacbook/.silabs/slt/installs/conan/p/gcc-af360b79bab9e3/p/bin/../lib/gcc/arm-none-eabi/12.2.1/../../../../arm-none-eabi/lib/thumb/v8-m.main+fp/hard/libm.a(libm_a-math_errf.o)
                0x000000000800d274                __math_uflowf
 .text.__math_oflowf
                0x000000000800d280        0xc /Users/diegosmacbook/.silabs/slt/installs/conan/p/gcc-af360b79bab9e3/p/bin/../lib/gcc/arm-none-eabi/12.2.1/../../../../arm-none-eabi/lib/thumb/v8-m.main+fp/hard/libm.a(libm_a-math_errf.o)
                0x000000000800d280                __math_oflowf
 .text.scalbnf  0x000000000800d28c       0xe0 /Users/diegosmacbook/.silabs/slt/installs/conan/p/gcc-af360b79bab9e3/p/bin/../lib/gcc/arm-none-eabi/12.2.1/../../../../arm-none-eabi/lib/thumb/v8-m.main+fp/hard/libm.a(libm_a-sf_scalbn.o)
                0x000000000800d28c                scalbnf
 .text.__kernel_rem_pio2f
                0x000000000800d36c      0x670 /Users/diegosmacbook/.silabs/slt/installs/conan/p/gcc-af360b79bab9e3/p/bin/../lib/gcc/arm-none-eabi/12.2.1/../../../../arm-none-eabi/lib/thumb/v8-m.main+fp/hard/libm.a(libm_a-kf_rem_pio2.o)
                0x000000000800d36c                __kernel_rem_pio2f
 .text.floorf   0x000000000800d9dc        0x8 /Users/diegosmacbook/.silabs/slt/installs/conan/p/gcc-af360b79bab9e3/p/bin/../lib/gcc/arm-none-eabi/12.2.1/../../../../arm-none-eabi/lib/thumb/v8-m.main+fp/hard/libm.a(libm_a-sf_floor.o)
                0x000000000800d9dc                floorf
 .text.__errno  0x000000000800d9e4        0xc /Users/diegosmacbook/.silabs/slt/installs/conan/p/gcc-af360b79bab9e3/p/bin/../lib/gcc/arm-none-eabi/12.2.1/../../../../arm-none-eabi/lib/thumb/v8-m.main+fp/hard/libc_nano.a(libc_a-errno.o)
                0x000000000800d9e4                __errno
 .text.assertEFM
                0x000000000800d9f0        0x2 CMakeFiles/slc.dir/base/Users/diegosmacbook/Documents/PyroNet/firmware/sensor_mcu/simplicity_sdk_2025.6.2/platform/common/src/sl_assert.c.obj
                0x000000000800d9f0                assertEFM
 .text._close   0x000000000800d9f2        0x6 CMakeFiles/slc.dir/base/Users/diegosmacbook/Documents/PyroNet/firmware/sensor_mcu/simplicity_sdk_2025.6.2/platform/common/src/sl_syscalls.c.obj
                0x000000000800d9f2                _close
 .text._exit    0x000000000800d9f8        0x2 CMakeFiles/slc.dir/base/Users/diegosmacbook/Documents/PyroNet/firmware/sensor_mcu/simplicity_sdk_2025.6.2/platform/common/src/sl_syscalls.c.obj
                0x000000000800d9f8                _exit
 .text._fstat   0x000000000800d9fa        0x4 CMakeFiles/slc.dir/base/Users/diegosmacbook/Documents/PyroNet/firmware/sensor_mcu/simplicity_sdk_2025.6.2/platform/common/src/sl_syscalls.c.obj
                0x000000000800d9fa                _fstat
 .text._isatty  0x000000000800d9fe        0x4 CMakeFiles/slc.dir/base/Users/diegosmacbook/Documents/PyroNet/firmware/sensor_mcu/simplicity_sdk_2025.6.2/platform/common/src/sl_syscalls.c.obj
                0x000000000800d9fe                _isatty
 .text._lseek   0x000000000800da02        0x4 CMakeFiles/slc.dir/base/Users/diegosmacbook/Documents/PyroNet/firmware/sensor_mcu/simplicity_sdk_2025.6.2/platform/common/src/sl_syscalls.c.obj
                0x000000000800da02                _lseek
 .text._read    0x000000000800da06        0x4 CMakeFiles/slc.dir/base/Users/diegosmacbook/Documents/PyroNet/firmware/sensor_mcu/simplicity_sdk_2025.6.2/platform/common/src/sl_syscalls.c.obj
                0x000000000800da06                _read
 .text.Default_Handler
                0x000000000800da0a        0x2 CMakeFiles/slc.dir/base/Users/diegosmacbook/Documents/PyroNet/firmware/sensor_mcu/simplicity_sdk_2025.6.2/platform/Device/SiliconLabs/EFR32FG28/Source/startup_efr32fg28.c.obj
                0x000000000800da0a                SYSRTC_APP_IRQHandler
                0x000000000800da0a                AHB2AHB1_IRQHandler
                0x000000000800da0a                SW2_IRQHandler
                0x000000000800da0a                TIMER2_IRQHandler
                0x000000000800da0a                DebugMon_Handler
                0x000000000800da0a                USART0_TX_IRQHandler
                0x000000000800da0a                IADC_IRQHandler
                0x000000000800da0a                EUSART0_TX_IRQHandler
                0x000000000800da0a                I2C0_IRQHandler
                0x000000000800da0a                LFXO_IRQHandler
                0x000000000800da0a                HardFault_Handler
                0x000000000800da0a                SMU_SECURE_IRQHandler
                0x000000000800da0a                SysTick_Handler
                0x000000000800da0a                SYSRTC_SEQ_IRQHandler
                0x000000000800da0a                EMUEFP_IRQHandler
                0x000000000800da0a                EUSART2_TX_IRQHandler
                0x000000000800da0a                PendSV_Handler
                0x000000000800da0a                NMI_Handler
                0x000000000800da0a                SYNTH_IRQHandler
                0x000000000800da0a                HOSTMAILBOX_IRQHandler
                0x000000000800da0a                HFXO0_IRQHandler
                0x000000000800da0a                I2C1_IRQHandler
                0x000000000800da0a                WDOG0_IRQHandler
                0x000000000800da0a                TIMER3_IRQHandler
                0x000000000800da0a                SYSCFG_IRQHandler
                0x000000000800da0a                RFECA1_IRQHandler
                0x000000000800da0a                EMUDG_IRQHandler
                0x000000000800da0a                MSC_IRQHandler
                0x000000000800da0a                DPLL0_IRQHandler
                0x000000000800da0a                UsageFault_Handler
                0x000000000800da0a                WDOG1_IRQHandler
                0x000000000800da0a                M33CTI1_IRQHandler
                0x000000000800da0a                TIMER4_IRQHandler
                0x000000000800da0a                VDAC0_IRQHandler
                0x000000000800da0a                LDMA_IRQHandler
                0x000000000800da0a                SEMBTX_IRQHandler
                0x000000000800da0a                SW0_IRQHandler
                0x000000000800da0a                TIMER0_IRQHandler
                0x000000000800da0a                LCD_IRQHandler
                0x000000000800da0a                MVP_IRQHandler
                0x000000000800da0a                LETIMER0_IRQHandler
                0x000000000800da0a                EUSART1_RX_IRQHandler
                0x000000000800da0a                TIMER1_IRQHandler
                0x000000000800da0a                HFRCO0_IRQHandler
                0x000000000800da0a                SecureFault_Handler
                0x000000000800da0a                BUFC_IRQHandler
                0x000000000800da0a                DCDC_IRQHandler
                0x000000000800da0a                MODEM_IRQHandler
                0x000000000800da0a                Default_Handler
                0x000000000800da0a                RAC_SEQ_IRQHandler
                0x000000000800da0a                FRC_PRI_IRQHandler
                0x000000000800da0a                EMU_IRQHandler
                0x000000000800da0a                SW3_IRQHandler
                0x000000000800da0a                KERNEL0_IRQHandler
                0x000000000800da0a                FRC_IRQHandler
                0x000000000800da0a                PCNT0_IRQHandler
                0x000000000800da0a                KERNEL1_IRQHandler
                0x000000000800da0a                AGC_IRQHandler
                0x000000000800da0a                EUSART1_TX_IRQHandler
                0x000000000800da0a                KEYSCAN_IRQHandler
                0x000000000800da0a                sl_app_properties
                0x000000000800da0a                HFRCOEM23_IRQHandler